Eilmer 4.0 compressible-flow simulation code.
Revision-id: fa55f461
Revision-date: Thu Apr 2 08:02:25 2026 +1000
Compiler-name: ldc2
Build-date: Paz 05 Nis 2026 22:25:26 +03
Build-flavour: fast
Profiling: omitted
Capabilities: multi-species-gas multi-temperature-gas MHD turbulence.
Parallelism: MPI-parallel, number of tasks 5
Begin simulation with command-line arguments.
  jobName: sphere
  tindxStart: 0
  maxWallClock: 432000
  verbosityLevel: 1
  threadsPerMPITask: 1
Begin init_simulation()...
Heap memory used: 283 MB, unused: 177 MB, total: 460 MB (92-92 MB per task)
Done init_simulation() at wall-clock(WC)= 0.4 sec
starting simulation time= 0
Integrate in time.
Step=     20 t= 1.586e-08 dt= 5.865e-10 cfl=0.20 WC=2.5 WCtFT=53194.7 WCtMS=249597.5
Step=     40 t= 2.764e-08 dt= 5.895e-10 cfl=0.12 WC=4.9 WCtFT=51714.5 WCtMS=243895.1
Step=     60 t= 3.934e-08 dt= 5.821e-10 cfl=0.12 WC=7.3 WCtFT=52335.2 WCtMS=243759.4
Step=     80 t= 5.078e-08 dt= 5.673e-10 cfl=0.12 WC=9.8 WCtFT=53743.6 WCtMS=243965.2
Step=    100 t= 6.181e-08 dt= 5.468e-10 cfl=0.12 WC=12.2 WCtFT=55724.5 WCtMS=243787.8
Step=    120 t= 7.251e-08 dt= 5.315e-10 cfl=0.12 WC=14.6 WCtFT=57251.2 WCtMS=243502.1
Step=    140 t= 8.299e-08 dt= 5.214e-10 cfl=0.12 WC=17.0 WCtFT=58237.7 WCtMS=242983.0
Step=    160 t= 9.333e-08 dt= 5.162e-10 cfl=0.12 WC=19.5 WCtFT=58898.9 WCtMS=243318.0
Step=    180 t= 1.035e-07 dt= 5.061e-10 cfl=0.12 WC=21.9 WCtFT=60032.2 WCtMS=243144.8
Step=    200 t= 1.135e-07 dt= 4.978e-10 cfl=0.12 WC=24.3 WCtFT=60965.1 WCtMS=242895.7
Step=    220 t= 1.234e-07 dt= 4.933e-10 cfl=0.12 WC=26.7 WCtFT=61447.8 WCtMS=242582.4
Step=    240 t= 1.332e-07 dt= 4.919e-10 cfl=0.12 WC=29.1 WCtFT=61613.6 WCtMS=242562.6
Step=    260 t= 1.431e-07 dt= 4.903e-10 cfl=0.12 WC=31.5 WCtFT=61745.9 WCtMS=242291.6
Step=    280 t= 1.528e-07 dt= 4.876e-10 cfl=0.12 WC=33.9 WCtFT=61998.7 WCtMS=241937.6
Step=    300 t= 1.626e-07 dt= 4.867e-10 cfl=0.12 WC=36.3 WCtFT=62104.9 WCtMS=241923.7
Step=    320 t= 1.723e-07 dt= 4.872e-10 cfl=0.12 WC=38.7 WCtFT=62004.5 WCtMS=241792.6
Step=    340 t= 1.820e-07 dt= 4.876e-10 cfl=0.12 WC=41.1 WCtFT=61901.7 WCtMS=241611.9
Step=    360 t= 1.918e-07 dt= 4.873e-10 cfl=0.12 WC=43.5 WCtFT=61922.0 WCtMS=241556.5
Step=    380 t= 2.015e-07 dt= 4.879e-10 cfl=0.12 WC=45.9 WCtFT=61798.4 WCtMS=241338.3
Step=    400 t= 2.113e-07 dt= 4.889e-10 cfl=0.12 WC=48.3 WCtFT=61651.9 WCtMS=241296.7
Step=    420 t= 2.211e-07 dt= 4.896e-10 cfl=0.12 WC=50.6 WCtFT=61517.1 WCtMS=241111.3
Step=    440 t= 2.309e-07 dt= 4.901e-10 cfl=0.12 WC=53.0 WCtFT=61427.9 WCtMS=241015.1
Step=    460 t= 2.407e-07 dt= 4.908e-10 cfl=0.12 WC=55.4 WCtFT=61310.2 WCtMS=240905.4
Write flow solution.
Step=    480 t= 2.506e-07 dt= 4.916e-10 cfl=0.12 WC=58.0 WCtFT=61360.9 WCtMS=241492.0
Step=    500 t= 2.604e-07 dt= 4.919e-10 cfl=0.12 WC=60.3 WCtFT=61254.5 WCtMS=241251.7
Step=    520 t= 2.702e-07 dt= 4.922e-10 cfl=0.12 WC=62.7 WCtFT=61202.9 WCtMS=241202.7
Step=    540 t= 2.801e-07 dt= 4.925e-10 cfl=0.12 WC=65.1 WCtFT=61146.8 WCtMS=241127.5
Step=    560 t= 2.899e-07 dt= 4.927e-10 cfl=0.12 WC=67.5 WCtFT=61105.0 WCtMS=241046.8
Step=    580 t= 2.998e-07 dt= 4.927e-10 cfl=0.12 WC=69.9 WCtFT=61078.2 WCtMS=240957.7
Step=    600 t= 3.096e-07 dt= 4.926e-10 cfl=0.12 WC=72.3 WCtFT=61075.3 WCtMS=240924.4
Step=    620 t= 3.195e-07 dt= 4.927e-10 cfl=0.12 WC=74.7 WCtFT=61090.8 WCtMS=241015.6
Step=    640 t= 3.293e-07 dt= 4.927e-10 cfl=0.12 WC=77.2 WCtFT=61110.6 WCtMS=241094.7
Step=    660 t= 3.392e-07 dt= 4.925e-10 cfl=0.12 WC=79.6 WCtFT=61159.0 WCtMS=241238.5
Step=    680 t= 3.490e-07 dt= 4.925e-10 cfl=0.12 WC=82.1 WCtFT=61170.9 WCtMS=241265.0
Step=    700 t= 3.589e-07 dt= 4.925e-10 cfl=0.12 WC=84.5 WCtFT=61148.9 WCtMS=241201.3
Step=    720 t= 3.687e-07 dt= 4.926e-10 cfl=0.12 WC=86.9 WCtFT=61125.1 WCtMS=241168.7
Step=    740 t= 3.786e-07 dt= 4.928e-10 cfl=0.12 WC=89.3 WCtFT=61117.2 WCtMS=241216.1
Step=    760 t= 3.885e-07 dt= 4.928e-10 cfl=0.12 WC=91.7 WCtFT=61113.5 WCtMS=241239.9
Step=    780 t= 3.983e-07 dt= 4.929e-10 cfl=0.12 WC=94.1 WCtFT=61105.0 WCtMS=241234.1
Step=    800 t= 4.082e-07 dt= 4.930e-10 cfl=0.12 WC=96.5 WCtFT=61071.8 WCtMS=241153.5
Step=    820 t= 4.180e-07 dt= 4.931e-10 cfl=0.12 WC=98.9 WCtFT=61060.9 WCtMS=241166.9
Step=    840 t= 4.279e-07 dt= 4.932e-10 cfl=0.12 WC=101.3 WCtFT=61026.3 WCtMS=241074.9
Step=    860 t= 4.378e-07 dt= 4.933e-10 cfl=0.12 WC=103.7 WCtFT=61015.7 WCtMS=241117.2
Step=    880 t= 4.476e-07 dt= 4.934e-10 cfl=0.12 WC=106.1 WCtFT=61003.5 WCtMS=241098.4
Step=    900 t= 4.575e-07 dt= 4.935e-10 cfl=0.12 WC=108.5 WCtFT=60986.4 WCtMS=241104.8
Step=    920 t= 4.674e-07 dt= 4.936e-10 cfl=0.12 WC=110.9 WCtFT=60966.3 WCtMS=241060.8
Step=    940 t= 4.772e-07 dt= 4.935e-10 cfl=0.12 WC=113.4 WCtFT=60983.3 WCtMS=241090.9
Step=    960 t= 4.871e-07 dt= 4.934e-10 cfl=0.12 WC=115.8 WCtFT=60997.5 WCtMS=241121.7
Step=    980 t= 4.970e-07 dt= 4.933e-10 cfl=0.12 WC=118.2 WCtFT=61010.4 WCtMS=241153.2
Write flow solution.
Step=   1000 t= 5.068e-07 dt= 4.932e-10 cfl=0.12 WC=120.8 WCtFT=61101.1 WCtMS=241455.2
***
*** Writing a snapshot: step= 1000, t= 5.068e-07
***
Step=   1020 t= 5.167e-07 dt= 4.931e-10 cfl=0.12 WC=123.4 WCtFT=61181.4 WCtMS=241749.2
Step=   1040 t= 5.266e-07 dt= 4.931e-10 cfl=0.12 WC=125.8 WCtFT=61191.9 WCtMS=241749.2
Step=   1060 t= 5.364e-07 dt= 4.928e-10 cfl=0.12 WC=128.2 WCtFT=61202.1 WCtMS=241698.2
Step=   1080 t= 5.463e-07 dt= 4.926e-10 cfl=0.12 WC=130.6 WCtFT=61234.9 WCtMS=241719.4
Step=   1100 t= 5.561e-07 dt= 4.923e-10 cfl=0.12 WC=133.0 WCtFT=61263.4 WCtMS=241705.2
Step=   1120 t= 5.660e-07 dt= 4.922e-10 cfl=0.12 WC=135.5 WCtFT=61299.5 WCtMS=241761.0
Step=   1140 t= 5.758e-07 dt= 4.919e-10 cfl=0.12 WC=137.9 WCtFT=61336.9 WCtMS=241811.2
Step=   1160 t= 5.856e-07 dt= 4.916e-10 cfl=0.12 WC=140.4 WCtFT=61395.1 WCtMS=241873.4
Step=   1180 t= 5.955e-07 dt= 4.913e-10 cfl=0.12 WC=142.8 WCtFT=61425.6 WCtMS=241847.1
Step=   1200 t= 6.053e-07 dt= 4.909e-10 cfl=0.12 WC=145.2 WCtFT=61487.4 WCtMS=241928.1
Step=   1220 t= 6.151e-07 dt= 4.906e-10 cfl=0.12 WC=147.7 WCtFT=61545.5 WCtMS=241998.2
Step=   1240 t= 6.249e-07 dt= 4.903e-10 cfl=0.12 WC=150.1 WCtFT=61589.7 WCtMS=242022.4
Step=   1260 t= 6.347e-07 dt= 4.900e-10 cfl=0.12 WC=152.6 WCtFT=61639.7 WCtMS=242066.4
Step=   1280 t= 6.445e-07 dt= 4.896e-10 cfl=0.12 WC=155.0 WCtFT=61695.1 WCtMS=242093.4
Step=   1300 t= 6.543e-07 dt= 4.892e-10 cfl=0.12 WC=157.5 WCtFT=61757.3 WCtMS=242154.8
Step=   1320 t= 6.641e-07 dt= 4.888e-10 cfl=0.12 WC=159.9 WCtFT=61814.1 WCtMS=242182.5
Step=   1340 t= 6.738e-07 dt= 4.884e-10 cfl=0.12 WC=162.4 WCtFT=61872.5 WCtMS=242228.6
Step=   1360 t= 6.836e-07 dt= 4.880e-10 cfl=0.12 WC=164.8 WCtFT=61928.4 WCtMS=242258.7
Step=   1380 t= 6.934e-07 dt= 4.876e-10 cfl=0.12 WC=167.3 WCtFT=61988.9 WCtMS=242299.4
Step=   1400 t= 7.031e-07 dt= 4.871e-10 cfl=0.12 WC=169.7 WCtFT=62046.6 WCtMS=242318.8
Step=   1420 t= 7.128e-07 dt= 4.867e-10 cfl=0.12 WC=172.1 WCtFT=62095.7 WCtMS=242277.2
Step=   1440 t= 7.226e-07 dt= 4.862e-10 cfl=0.12 WC=174.6 WCtFT=62162.9 WCtMS=242318.5
Step=   1460 t= 7.323e-07 dt= 4.857e-10 cfl=0.12 WC=177.0 WCtFT=62229.5 WCtMS=242351.7
Step=   1480 t= 7.420e-07 dt= 4.853e-10 cfl=0.12 WC=179.5 WCtFT=62293.4 WCtMS=242378.6
Write flow solution.
Step=   1500 t= 7.517e-07 dt= 4.848e-10 cfl=0.12 WC=182.1 WCtFT=62430.4 WCtMS=242669.9
Step=   1520 t= 7.614e-07 dt= 4.841e-10 cfl=0.12 WC=184.6 WCtFT=62527.4 WCtMS=242724.6
Step=   1540 t= 7.710e-07 dt= 4.833e-10 cfl=0.12 WC=187.1 WCtFT=62630.9 WCtMS=242738.9
Step=   1560 t= 7.807e-07 dt= 4.825e-10 cfl=0.12 WC=189.5 WCtFT=62748.7 WCtMS=242800.2
Step=   1580 t= 7.903e-07 dt= 4.816e-10 cfl=0.12 WC=192.0 WCtFT=62861.5 WCtMS=242785.3
Step=   1600 t= 8.000e-07 dt= 4.806e-10 cfl=0.12 WC=194.4 WCtFT=63001.8 WCtMS=242813.1
Step=   1620 t= 8.095e-07 dt= 4.796e-10 cfl=0.12 WC=196.8 WCtFT=63135.8 WCtMS=242826.6
Step=   1640 t= 8.191e-07 dt= 4.786e-10 cfl=0.12 WC=199.3 WCtFT=63270.0 WCtMS=242859.2
Step=   1660 t= 8.287e-07 dt= 4.777e-10 cfl=0.12 WC=201.8 WCtFT=63403.7 WCtMS=242885.0
Step=   1680 t= 8.382e-07 dt= 4.767e-10 cfl=0.12 WC=204.2 WCtFT=63539.1 WCtMS=242931.5
Step=   1700 t= 8.477e-07 dt= 4.757e-10 cfl=0.12 WC=206.7 WCtFT=63665.3 WCtMS=242911.0
Step=   1720 t= 8.572e-07 dt= 4.747e-10 cfl=0.12 WC=209.1 WCtFT=63812.4 WCtMS=242958.3
Step=   1740 t= 8.667e-07 dt= 4.737e-10 cfl=0.12 WC=211.6 WCtFT=63953.0 WCtMS=243007.9
Step=   1760 t= 8.762e-07 dt= 4.728e-10 cfl=0.12 WC=214.1 WCtFT=64093.5 WCtMS=243050.7
Step=   1780 t= 8.856e-07 dt= 4.719e-10 cfl=0.12 WC=216.5 WCtFT=64224.7 WCtMS=243086.8
Step=   1800 t= 8.950e-07 dt= 4.710e-10 cfl=0.12 WC=219.0 WCtFT=64347.3 WCtMS=243112.1
Step=   1820 t= 9.045e-07 dt= 4.700e-10 cfl=0.12 WC=221.5 WCtFT=64490.6 WCtMS=243165.3
Step=   1840 t= 9.138e-07 dt= 4.691e-10 cfl=0.12 WC=224.0 WCtFT=64624.8 WCtMS=243214.1
Step=   1860 t= 9.232e-07 dt= 4.683e-10 cfl=0.12 WC=226.5 WCtFT=64761.0 WCtMS=243274.6
Step=   1880 t= 9.326e-07 dt= 4.674e-10 cfl=0.12 WC=228.9 WCtFT=64884.5 WCtMS=243318.9
Step=   1900 t= 9.419e-07 dt= 4.666e-10 cfl=0.12 WC=231.4 WCtFT=65018.6 WCtMS=243382.3
Step=   1920 t= 9.512e-07 dt= 4.657e-10 cfl=0.12 WC=233.9 WCtFT=65157.3 WCtMS=243438.0
Step=   1940 t= 9.605e-07 dt= 4.648e-10 cfl=0.12 WC=236.4 WCtFT=65296.7 WCtMS=243508.9
Step=   1960 t= 9.698e-07 dt= 4.640e-10 cfl=0.12 WC=238.9 WCtFT=65417.1 WCtMS=243523.4
Step=   1980 t= 9.791e-07 dt= 4.631e-10 cfl=0.12 WC=241.4 WCtFT=65551.4 WCtMS=243586.9
Step=   2000 t= 9.883e-07 dt= 4.624e-10 cfl=0.12 WC=243.9 WCtFT=65676.3 WCtMS=243644.1
***
*** Writing a snapshot: step= 2000, t= 9.883e-07
***
Step=   2020 t= 9.976e-07 dt= 4.615e-10 cfl=0.12 WC=246.6 WCtFT=65869.3 WCtMS=243913.8
Write flow solution.
Step=   2040 t= 1.007e-06 dt= 4.606e-10 cfl=0.12 WC=249.3 WCtFT=66061.7 WCtMS=244183.0
Step=   2060 t= 1.016e-06 dt= 4.598e-10 cfl=0.12 WC=251.8 WCtFT=66180.3 WCtMS=244196.8
Step=   2080 t= 1.025e-06 dt= 4.590e-10 cfl=0.12 WC=254.3 WCtFT=66305.2 WCtMS=244242.8
Step=   2100 t= 1.034e-06 dt= 4.582e-10 cfl=0.12 WC=256.8 WCtFT=66434.1 WCtMS=244290.8
Step=   2120 t= 1.043e-06 dt= 4.574e-10 cfl=0.12 WC=259.3 WCtFT=66571.6 WCtMS=244352.0
Step=   2140 t= 1.053e-06 dt= 4.566e-10 cfl=0.12 WC=261.8 WCtFT=66696.2 WCtMS=244377.5
Step=   2160 t= 1.062e-06 dt= 4.558e-10 cfl=0.12 WC=264.3 WCtFT=66825.5 WCtMS=244426.5
Step=   2180 t= 1.071e-06 dt= 4.550e-10 cfl=0.12 WC=266.8 WCtFT=66955.0 WCtMS=244491.0
Step=   2200 t= 1.080e-06 dt= 4.542e-10 cfl=0.12 WC=269.3 WCtFT=67079.6 WCtMS=244518.9
Step=   2220 t= 1.089e-06 dt= 4.534e-10 cfl=0.12 WC=271.8 WCtFT=67218.1 WCtMS=244586.8
Step=   2240 t= 1.098e-06 dt= 4.525e-10 cfl=0.12 WC=274.3 WCtFT=67355.4 WCtMS=244653.4
Step=   2260 t= 1.107e-06 dt= 4.518e-10 cfl=0.12 WC=276.8 WCtFT=67479.9 WCtMS=244686.9
Step=   2280 t= 1.116e-06 dt= 4.510e-10 cfl=0.12 WC=279.3 WCtFT=67608.4 WCtMS=244747.9
Step=   2300 t= 1.125e-06 dt= 4.502e-10 cfl=0.12 WC=281.8 WCtFT=67730.8 WCtMS=244755.6
Step=   2320 t= 1.134e-06 dt= 4.494e-10 cfl=0.12 WC=284.3 WCtFT=67855.7 WCtMS=244769.2
Step=   2340 t= 1.143e-06 dt= 4.486e-10 cfl=0.12 WC=286.8 WCtFT=67989.9 WCtMS=244826.0
Step=   2360 t= 1.152e-06 dt= 4.478e-10 cfl=0.12 WC=289.2 WCtFT=68108.4 WCtMS=244816.7
Step=   2380 t= 1.161e-06 dt= 4.470e-10 cfl=0.12 WC=291.8 WCtFT=68243.5 WCtMS=244893.1
Step=   2400 t= 1.170e-06 dt= 4.459e-10 cfl=0.12 WC=294.2 WCtFT=68413.6 WCtMS=244913.3
Step=   2420 t= 1.179e-06 dt= 4.457e-10 cfl=0.12 WC=296.8 WCtFT=68462.1 WCtMS=244952.8
Step=   2440 t= 1.188e-06 dt= 4.464e-10 cfl=0.12 WC=299.2 WCtFT=68353.0 WCtMS=244941.0
Step=   2460 t= 1.197e-06 dt= 4.470e-10 cfl=0.12 WC=301.7 WCtFT=68268.0 WCtMS=244984.5
Step=   2480 t= 1.206e-06 dt= 4.476e-10 cfl=0.12 WC=304.2 WCtFT=68174.8 WCtMS=245023.2
Step=   2500 t= 1.215e-06 dt= 4.483e-10 cfl=0.12 WC=306.7 WCtFT=68073.1 WCtMS=245026.1
Step=   2520 t= 1.224e-06 dt= 4.490e-10 cfl=0.12 WC=309.2 WCtFT=67976.9 WCtMS=245052.7
Step=   2540 t= 1.233e-06 dt= 4.496e-10 cfl=0.12 WC=311.6 WCtFT=67870.6 WCtMS=245041.9
Step=   2560 t= 1.242e-06 dt= 4.503e-10 cfl=0.12 WC=314.1 WCtFT=67772.9 WCtMS=245060.1
Write flow solution.
Step=   2580 t= 1.251e-06 dt= 4.510e-10 cfl=0.12 WC=316.8 WCtFT=67715.7 WCtMS=245229.0
Step=   2600 t= 1.260e-06 dt= 4.517e-10 cfl=0.12 WC=319.2 WCtFT=67600.6 WCtMS=245195.4
Step=   2620 t= 1.269e-06 dt= 4.524e-10 cfl=0.12 WC=321.6 WCtFT=67490.4 WCtMS=245185.3
Step=   2640 t= 1.278e-06 dt= 4.531e-10 cfl=0.12 WC=324.1 WCtFT=67379.1 WCtMS=245172.9
Step=   2660 t= 1.287e-06 dt= 4.538e-10 cfl=0.12 WC=326.6 WCtFT=67279.6 WCtMS=245204.3
Step=   2680 t= 1.296e-06 dt= 4.545e-10 cfl=0.12 WC=329.0 WCtFT=67172.7 WCtMS=245209.8
Step=   2700 t= 1.305e-06 dt= 4.553e-10 cfl=0.12 WC=331.5 WCtFT=67063.3 WCtMS=245205.6
Step=   2720 t= 1.314e-06 dt= 4.560e-10 cfl=0.12 WC=333.9 WCtFT=66955.4 WCtMS=245198.4
Step=   2740 t= 1.323e-06 dt= 4.567e-10 cfl=0.12 WC=336.4 WCtFT=66851.7 WCtMS=245192.1
Step=   2760 t= 1.332e-06 dt= 4.573e-10 cfl=0.12 WC=338.8 WCtFT=66746.1 WCtMS=245164.1
Step=   2780 t= 1.342e-06 dt= 4.580e-10 cfl=0.12 WC=341.2 WCtFT=66650.4 WCtMS=245156.6
Step=   2800 t= 1.351e-06 dt= 4.586e-10 cfl=0.12 WC=343.7 WCtFT=66558.1 WCtMS=245152.0
Step=   2820 t= 1.360e-06 dt= 4.592e-10 cfl=0.12 WC=346.1 WCtFT=66459.6 WCtMS=245119.9
Step=   2840 t= 1.369e-06 dt= 4.598e-10 cfl=0.12 WC=348.6 WCtFT=66367.5 WCtMS=245109.2
Step=   2860 t= 1.378e-06 dt= 4.604e-10 cfl=0.12 WC=351.0 WCtFT=66276.6 WCtMS=245104.2
Step=   2880 t= 1.387e-06 dt= 4.610e-10 cfl=0.12 WC=353.4 WCtFT=66174.5 WCtMS=245061.2
Step=   2900 t= 1.397e-06 dt= 4.616e-10 cfl=0.12 WC=355.9 WCtFT=66084.0 WCtMS=245059.3
Step=   2920 t= 1.406e-06 dt= 4.622e-10 cfl=0.12 WC=358.3 WCtFT=65999.5 WCtMS=245071.1
Step=   2940 t= 1.415e-06 dt= 4.628e-10 cfl=0.12 WC=360.7 WCtFT=65904.6 WCtMS=245035.9
Step=   2960 t= 1.424e-06 dt= 4.634e-10 cfl=0.12 WC=363.2 WCtFT=65822.0 WCtMS=245036.1
Step=   2980 t= 1.434e-06 dt= 4.639e-10 cfl=0.12 WC=365.7 WCtFT=65742.3 WCtMS=245039.7
Step=   3000 t= 1.443e-06 dt= 4.645e-10 cfl=0.12 WC=368.1 WCtFT=65661.9 WCtMS=245039.9
***
*** Writing a snapshot: step= 3000, t= 1.443e-06
***
Step=   3020 t= 1.452e-06 dt= 4.651e-10 cfl=0.12 WC=370.8 WCtFT=65613.6 WCtMS=245165.7
Step=   3040 t= 1.462e-06 dt= 4.656e-10 cfl=0.12 WC=373.2 WCtFT=65532.6 WCtMS=245182.7
Step=   3060 t= 1.471e-06 dt= 4.663e-10 cfl=0.12 WC=375.7 WCtFT=65443.3 WCtMS=245189.6
Step=   3080 t= 1.480e-06 dt= 4.670e-10 cfl=0.12 WC=378.1 WCtFT=65338.7 WCtMS=245162.8
Step=   3100 t= 1.490e-06 dt= 4.677e-10 cfl=0.12 WC=380.6 WCtFT=65233.3 WCtMS=245172.3
Step=   3120 t= 1.499e-06 dt= 4.686e-10 cfl=0.12 WC=383.1 WCtFT=65112.7 WCtMS=245192.5
Write flow solution.
Step=   3140 t= 1.508e-06 dt= 4.697e-10 cfl=0.12 WC=385.8 WCtFT=64999.7 WCtMS=245359.4
Step=   3160 t= 1.518e-06 dt= 4.711e-10 cfl=0.12 WC=388.3 WCtFT=64807.3 WCtMS=245346.5
Step=   3180 t= 1.527e-06 dt= 4.729e-10 cfl=0.12 WC=390.8 WCtFT=64567.7 WCtMS=245368.4
Step=   3200 t= 1.537e-06 dt= 4.753e-10 cfl=0.12 WC=393.2 WCtFT=64245.0 WCtMS=245387.4
Step=   3220 t= 1.546e-06 dt= 4.779e-10 cfl=0.12 WC=395.8 WCtFT=63895.6 WCtMS=245411.7
Step=   3240 t= 1.556e-06 dt= 4.812e-10 cfl=0.12 WC=398.2 WCtFT=63467.3 WCtMS=245435.1
Step=   3260 t= 1.566e-06 dt= 4.852e-10 cfl=0.12 WC=400.8 WCtFT=62942.0 WCtMS=245460.6
Step=   3280 t= 1.575e-06 dt= 4.900e-10 cfl=0.12 WC=403.2 WCtFT=62321.5 WCtMS=245465.1
Step=   3300 t= 1.585e-06 dt= 4.953e-10 cfl=0.12 WC=405.7 WCtFT=61669.8 WCtMS=245498.5
Step=   3320 t= 1.595e-06 dt= 5.007e-10 cfl=0.12 WC=408.3 WCtFT=61011.9 WCtMS=245526.1
Step=   3340 t= 1.605e-06 dt= 5.064e-10 cfl=0.12 WC=410.8 WCtFT=60323.9 WCtMS=245552.7
Step=   3360 t= 1.616e-06 dt= 5.130e-10 cfl=0.12 WC=413.3 WCtFT=59561.6 WCtMS=245611.7
Step=   3380 t= 1.626e-06 dt= 5.199e-10 cfl=0.12 WC=415.8 WCtFT=58775.3 WCtMS=245639.2
Step=   3400 t= 1.636e-06 dt= 5.274e-10 cfl=0.12 WC=418.4 WCtFT=57951.0 WCtMS=245681.6
Step=   3420 t= 1.647e-06 dt= 5.350e-10 cfl=0.12 WC=420.9 WCtFT=57128.5 WCtMS=245707.8
Step=   3440 t= 1.658e-06 dt= 5.432e-10 cfl=0.12 WC=423.4 WCtFT=56274.4 WCtMS=245754.5
Step=   3460 t= 1.669e-06 dt= 5.509e-10 cfl=0.12 WC=426.0 WCtFT=55497.3 WCtMS=245816.8
Step=   3480 t= 1.680e-06 dt= 5.575e-10 cfl=0.12 WC=428.5 WCtFT=54853.3 WCtMS=245857.1
Step=   3500 t= 1.691e-06 dt= 5.635e-10 cfl=0.12 WC=431.1 WCtFT=54270.6 WCtMS=245908.9
Step=   3520 t= 1.703e-06 dt= 5.708e-10 cfl=0.12 WC=433.6 WCtFT=53588.4 WCtMS=245939.7
Step=   3540 t= 1.714e-06 dt= 5.772e-10 cfl=0.12 WC=436.2 WCtFT=53007.8 WCtMS=246012.9
Step=   3560 t= 1.726e-06 dt= 5.845e-10 cfl=0.12 WC=438.8 WCtFT=52356.5 WCtMS=246085.3
Step=   3580 t= 1.738e-06 dt= 5.875e-10 cfl=0.12 WC=441.3 WCtFT=52099.5 WCtMS=246119.5
Step=   3600 t= 1.749e-06 dt= 5.352e-10 cfl=0.13 WC=443.9 WCtFT=57194.4 WCtMS=246185.0
Write flow solution.
Step=   3620 t= 1.759e-06 dt= 5.342e-10 cfl=0.12 WC=446.7 WCtFT=57346.5 WCtMS=246363.2
Step=   3640 t= 1.770e-06 dt= 5.237e-10 cfl=0.12 WC=449.3 WCtFT=58503.0 WCtMS=246411.7
Step=   3660 t= 1.780e-06 dt= 5.193e-10 cfl=0.12 WC=451.8 WCtFT=59006.3 WCtMS=246450.9
Step=   3680 t= 1.791e-06 dt= 5.187e-10 cfl=0.12 WC=454.4 WCtFT=59096.4 WCtMS=246523.8
Step=   3700 t= 1.801e-06 dt= 5.276e-10 cfl=0.12 WC=457.1 WCtFT=58115.5 WCtMS=246607.3
Step=   3720 t= 1.812e-06 dt= 5.271e-10 cfl=0.12 WC=459.7 WCtFT=58182.7 WCtMS=246679.0
Step=   3740 t= 1.822e-06 dt= 5.242e-10 cfl=0.12 WC=462.3 WCtFT=58521.3 WCtMS=246760.2
Step=   3760 t= 1.833e-06 dt= 5.296e-10 cfl=0.12 WC=464.9 WCtFT=57937.2 WCtMS=246830.8
Step=   3780 t= 1.844e-06 dt= 5.290e-10 cfl=0.12 WC=467.6 WCtFT=58022.7 WCtMS=246922.9
Step=   3800 t= 1.854e-06 dt= 5.378e-10 cfl=0.12 WC=470.2 WCtFT=57085.6 WCtMS=246979.3
Step=   3820 t= 1.865e-06 dt= 5.388e-10 cfl=0.12 WC=472.8 WCtFT=56990.9 WCtMS=247045.6
Step=   3840 t= 1.876e-06 dt= 5.393e-10 cfl=0.12 WC=475.5 WCtFT=56969.4 WCtMS=247161.0
Step=   3860 t= 1.886e-06 dt= 5.384e-10 cfl=0.12 WC=478.1 WCtFT=57078.6 WCtMS=247240.6
Step=   3880 t= 1.897e-06 dt= 5.354e-10 cfl=0.12 WC=480.7 WCtFT=57409.2 WCtMS=247317.2
Step=   3900 t= 1.908e-06 dt= 5.383e-10 cfl=0.12 WC=483.4 WCtFT=57124.7 WCtMS=247402.3
Step=   3920 t= 1.919e-06 dt= 5.413e-10 cfl=0.12 WC=486.0 WCtFT=56821.0 WCtMS=247479.8
Step=   3940 t= 1.929e-06 dt= 5.481e-10 cfl=0.12 WC=488.6 WCtFT=56129.9 WCtMS=247555.0
Step=   3960 t= 1.940e-06 dt= 5.356e-10 cfl=0.12 WC=491.3 WCtFT=57463.1 WCtMS=247629.4
Step=   3980 t= 1.951e-06 dt= 5.384e-10 cfl=0.12 WC=494.0 WCtFT=57180.8 WCtMS=247734.7
Step=   4000 t= 1.962e-06 dt= 5.395e-10 cfl=0.12 WC=496.6 WCtFT=57084.3 WCtMS=247809.9
***
*** Writing a snapshot: step= 4000, t= 1.962e-06
***
Step=   4020 t= 1.972e-06 dt= 5.346e-10 cfl=0.12 WC=499.5 WCtFT=57640.5 WCtMS=247998.0
Step=   4040 t= 1.983e-06 dt= 5.358e-10 cfl=0.12 WC=502.1 WCtFT=57532.3 WCtMS=248087.0
Step=   4060 t= 1.994e-06 dt= 5.375e-10 cfl=0.12 WC=504.8 WCtFT=57360.4 WCtMS=248144.5
Write flow solution.
Step=   4080 t= 2.005e-06 dt= 5.346e-10 cfl=0.12 WC=507.6 WCtFT=57721.6 WCtMS=248330.6
Step=   4100 t= 2.015e-06 dt= 5.399e-10 cfl=0.12 WC=510.2 WCtFT=57165.4 WCtMS=248392.2
Step=   4120 t= 2.026e-06 dt= 5.425e-10 cfl=0.12 WC=512.9 WCtFT=56910.2 WCtMS=248484.6
Step=   4140 t= 2.037e-06 dt= 5.399e-10 cfl=0.12 WC=515.6 WCtFT=57192.4 WCtMS=248551.1
Step=   4160 t= 2.048e-06 dt= 5.428e-10 cfl=0.12 WC=518.2 WCtFT=56904.7 WCtMS=248615.5
Step=   4180 t= 2.059e-06 dt= 5.396e-10 cfl=0.12 WC=520.9 WCtFT=57265.0 WCtMS=248711.6
Step=   4200 t= 2.070e-06 dt= 5.392e-10 cfl=0.12 WC=523.5 WCtFT=57318.7 WCtMS=248780.3
Step=   4220 t= 2.080e-06 dt= 5.380e-10 cfl=0.12 WC=526.2 WCtFT=57452.7 WCtMS=248846.3
Step=   4240 t= 2.091e-06 dt= 5.413e-10 cfl=0.12 WC=528.9 WCtFT=57124.8 WCtMS=248940.9
Step=   4260 t= 2.102e-06 dt= 5.392e-10 cfl=0.12 WC=531.5 WCtFT=57361.1 WCtMS=249015.4
Step=   4280 t= 2.113e-06 dt= 5.436e-10 cfl=0.12 WC=534.2 WCtFT=56908.7 WCtMS=249073.3
Step=   4300 t= 2.124e-06 dt= 5.437e-10 cfl=0.12 WC=536.9 WCtFT=56918.7 WCtMS=249167.8
Step=   4320 t= 2.135e-06 dt= 5.399e-10 cfl=0.12 WC=539.5 WCtFT=57337.8 WCtMS=249248.4
Step=   4340 t= 2.145e-06 dt= 5.415e-10 cfl=0.12 WC=542.2 WCtFT=57187.0 WCtMS=249318.6
Step=   4360 t= 2.156e-06 dt= 5.398e-10 cfl=0.12 WC=544.9 WCtFT=57379.6 WCtMS=249404.7
Step=   4380 t= 2.167e-06 dt= 5.413e-10 cfl=0.12 WC=547.6 WCtFT=57233.4 WCtMS=249477.1
Step=   4400 t= 2.178e-06 dt= 5.408e-10 cfl=0.12 WC=550.2 WCtFT=57300.8 WCtMS=249548.4
Step=   4420 t= 2.189e-06 dt= 5.463e-10 cfl=0.12 WC=552.9 WCtFT=56747.4 WCtMS=249636.2
Step=   4440 t= 2.200e-06 dt= 5.466e-10 cfl=0.12 WC=555.6 WCtFT=56731.5 WCtMS=249703.9
Step=   4460 t= 2.210e-06 dt= 5.346e-10 cfl=0.12 WC=558.2 WCtFT=58010.8 WCtMS=249769.1
Step=   4480 t= 2.221e-06 dt= 5.356e-10 cfl=0.12 WC=560.9 WCtFT=57924.1 WCtMS=249861.8
Step=   4500 t= 2.232e-06 dt= 5.349e-10 cfl=0.12 WC=563.6 WCtFT=58017.4 WCtMS=249921.7
Step=   4520 t= 2.243e-06 dt= 5.420e-10 cfl=0.12 WC=566.2 WCtFT=57264.0 WCtMS=249973.6
Write flow solution.
Step=   4540 t= 2.253e-06 dt= 5.343e-10 cfl=0.12 WC=569.1 WCtFT=58125.6 WCtMS=250151.6
Step=   4560 t= 2.264e-06 dt= 5.442e-10 cfl=0.12 WC=571.8 WCtFT=57084.1 WCtMS=250226.0
Step=   4580 t= 2.275e-06 dt= 5.343e-10 cfl=0.12 WC=574.5 WCtFT=58155.4 WCtMS=250288.4
Step=   4600 t= 2.286e-06 dt= 5.462e-10 cfl=0.12 WC=577.2 WCtFT=56907.1 WCtMS=250367.2
Step=   4620 t= 2.296e-06 dt= 5.364e-10 cfl=0.12 WC=579.8 WCtFT=57958.4 WCtMS=250434.0
Step=   4640 t= 2.307e-06 dt= 5.370e-10 cfl=0.12 WC=582.5 WCtFT=57902.4 WCtMS=250494.7
Step=   4660 t= 2.318e-06 dt= 5.422e-10 cfl=0.12 WC=585.2 WCtFT=57368.6 WCtMS=250576.6
Step=   4680 t= 2.329e-06 dt= 5.398e-10 cfl=0.12 WC=587.9 WCtFT=57633.3 WCtMS=250651.0
Step=   4700 t= 2.340e-06 dt= 5.402e-10 cfl=0.12 WC=590.6 WCtFT=57605.8 WCtMS=250717.5
Step=   4720 t= 2.350e-06 dt= 5.416e-10 cfl=0.12 WC=593.2 WCtFT=57471.0 WCtMS=250782.2
Step=   4740 t= 2.361e-06 dt= 5.384e-10 cfl=0.12 WC=596.0 WCtFT=57827.1 WCtMS=250864.4
Step=   4760 t= 2.372e-06 dt= 5.517e-10 cfl=0.12 WC=598.6 WCtFT=56446.5 WCtMS=250917.8
Step=   4780 t= 2.383e-06 dt= 5.457e-10 cfl=0.12 WC=601.3 WCtFT=57080.2 WCtMS=250971.5
Step=   4800 t= 2.394e-06 dt= 5.398e-10 cfl=0.12 WC=604.0 WCtFT=57716.3 WCtMS=251044.4
Step=   4820 t= 2.405e-06 dt= 5.409e-10 cfl=0.12 WC=606.6 WCtFT=57607.0 WCtMS=251111.2
Step=   4840 t= 2.416e-06 dt= 5.427e-10 cfl=0.12 WC=609.3 WCtFT=57435.3 WCtMS=251178.3
Step=   4860 t= 2.427e-06 dt= 5.477e-10 cfl=0.12 WC=612.0 WCtFT=56920.7 WCtMS=251238.6
Step=   4880 t= 2.437e-06 dt= 5.486e-10 cfl=0.12 WC=614.6 WCtFT=56835.5 WCtMS=251283.3
Step=   4900 t= 2.448e-06 dt= 5.430e-10 cfl=0.12 WC=617.3 WCtFT=57433.9 WCtMS=251348.0
Step=   4920 t= 2.459e-06 dt= 5.433e-10 cfl=0.12 WC=620.0 WCtFT=57417.3 WCtMS=251415.8
Step=   4940 t= 2.470e-06 dt= 5.455e-10 cfl=0.12 WC=622.7 WCtFT=57193.9 WCtMS=251483.0
Step=   4960 t= 2.481e-06 dt= 5.472e-10 cfl=0.12 WC=625.4 WCtFT=57035.4 WCtMS=251562.1
Step=   4980 t= 2.492e-06 dt= 5.482e-10 cfl=0.12 WC=628.1 WCtFT=56940.2 WCtMS=251618.1
Write flow solution.
Step=   5000 t= 2.503e-06 dt= 5.478e-10 cfl=0.12 WC=631.1 WCtFT=57021.2 WCtMS=251793.7
***
*** Writing a snapshot: step= 5000, t= 2.503e-06
***
Step=   5020 t= 2.514e-06 dt= 5.465e-10 cfl=0.12 WC=634.0 WCtFT=57195.5 WCtMS=251943.7
Step=   5040 t= 2.525e-06 dt= 5.496e-10 cfl=0.12 WC=636.6 WCtFT=56878.0 WCtMS=251996.3
Step=   5060 t= 2.536e-06 dt= 5.468e-10 cfl=0.12 WC=639.3 WCtFT=57181.1 WCtMS=252060.7
Step=   5080 t= 2.547e-06 dt= 5.450e-10 cfl=0.12 WC=642.0 WCtFT=57378.5 WCtMS=252123.3
Step=   5100 t= 2.558e-06 dt= 5.489e-10 cfl=0.12 WC=644.7 WCtFT=56983.8 WCtMS=252173.0
Step=   5120 t= 2.569e-06 dt= 5.441e-10 cfl=0.12 WC=647.4 WCtFT=57499.0 WCtMS=252248.7
Step=   5140 t= 2.580e-06 dt= 5.465e-10 cfl=0.12 WC=650.1 WCtFT=57259.3 WCtMS=252304.0
Step=   5160 t= 2.591e-06 dt= 5.529e-10 cfl=0.12 WC=652.8 WCtFT=56604.4 WCtMS=252358.9
Step=   5180 t= 2.602e-06 dt= 5.471e-10 cfl=0.12 WC=655.5 WCtFT=57223.8 WCtMS=252423.3
Step=   5200 t= 2.613e-06 dt= 5.501e-10 cfl=0.12 WC=658.2 WCtFT=56928.4 WCtMS=252506.0
Step=   5220 t= 2.624e-06 dt= 5.467e-10 cfl=0.12 WC=661.0 WCtFT=57295.0 WCtMS=252580.0
Step=   5240 t= 2.635e-06 dt= 5.469e-10 cfl=0.12 WC=663.7 WCtFT=57285.9 WCtMS=252642.8
Step=   5260 t= 2.646e-06 dt= 5.479e-10 cfl=0.12 WC=666.4 WCtFT=57194.8 WCtMS=252722.2
Step=   5280 t= 2.657e-06 dt= 5.479e-10 cfl=0.12 WC=669.1 WCtFT=57214.2 WCtMS=252786.9
Step=   5300 t= 2.668e-06 dt= 5.475e-10 cfl=0.12 WC=671.8 WCtFT=57263.7 WCtMS=252844.0
Step=   5320 t= 2.679e-06 dt= 5.515e-10 cfl=0.12 WC=674.6 WCtFT=56859.9 WCtMS=252928.0
Step=   5340 t= 2.690e-06 dt= 5.527e-10 cfl=0.12 WC=677.3 WCtFT=56749.2 WCtMS=252995.0
Step=   5360 t= 2.701e-06 dt= 5.520e-10 cfl=0.12 WC=680.0 WCtFT=56843.0 WCtMS=253067.7
Step=   5380 t= 2.712e-06 dt= 5.500e-10 cfl=0.12 WC=682.7 WCtFT=57062.4 WCtMS=253122.5
Step=   5400 t= 2.723e-06 dt= 5.498e-10 cfl=0.12 WC=685.4 WCtFT=57086.0 WCtMS=253179.4
Step=   5420 t= 2.734e-06 dt= 5.479e-10 cfl=0.12 WC=688.2 WCtFT=57299.0 WCtMS=253250.9
Step=   5440 t= 2.745e-06 dt= 5.501e-10 cfl=0.12 WC=690.9 WCtFT=57080.9 WCtMS=253311.3
Write flow solution.
Step=   5460 t= 2.756e-06 dt= 5.481e-10 cfl=0.12 WC=693.9 WCtFT=57327.8 WCtMS=253473.2
Step=   5480 t= 2.767e-06 dt= 5.502e-10 cfl=0.12 WC=696.6 WCtFT=57119.7 WCtMS=253529.7
Step=   5500 t= 2.778e-06 dt= 5.540e-10 cfl=0.12 WC=699.3 WCtFT=56742.1 WCtMS=253590.2
Step=   5520 t= 2.789e-06 dt= 5.495e-10 cfl=0.12 WC=702.0 WCtFT=57211.2 WCtMS=253655.2
Step=   5540 t= 2.800e-06 dt= 5.458e-10 cfl=0.12 WC=704.8 WCtFT=57618.2 WCtMS=253718.4
Step=   5560 t= 2.811e-06 dt= 5.477e-10 cfl=0.12 WC=707.5 WCtFT=57430.8 WCtMS=253798.2
Step=   5580 t= 2.822e-06 dt= 5.517e-10 cfl=0.12 WC=710.3 WCtFT=57032.2 WCtMS=253862.9
Step=   5600 t= 2.833e-06 dt= 5.480e-10 cfl=0.12 WC=713.0 WCtFT=57430.1 WCtMS=253924.9
Step=   5620 t= 2.844e-06 dt= 5.520e-10 cfl=0.12 WC=715.8 WCtFT=57028.7 WCtMS=254006.6
Step=   5640 t= 2.855e-06 dt= 5.515e-10 cfl=0.12 WC=718.5 WCtFT=57093.9 WCtMS=254076.2
Step=   5660 t= 2.866e-06 dt= 5.508e-10 cfl=0.12 WC=721.3 WCtFT=57174.1 WCtMS=254153.3
Step=   5680 t= 2.877e-06 dt= 5.481e-10 cfl=0.12 WC=724.0 WCtFT=57470.0 WCtMS=254221.7
Step=   5700 t= 2.888e-06 dt= 5.524e-10 cfl=0.12 WC=726.8 WCtFT=57042.3 WCtMS=254288.6
Step=   5720 t= 2.899e-06 dt= 5.538e-10 cfl=0.12 WC=729.6 WCtFT=56908.1 WCtMS=254374.9
Step=   5740 t= 2.910e-06 dt= 5.536e-10 cfl=0.12 WC=732.3 WCtFT=56948.1 WCtMS=254441.2
Step=   5760 t= 2.921e-06 dt= 5.531e-10 cfl=0.12 WC=735.1 WCtFT=57009.8 WCtMS=254516.6
Step=   5780 t= 2.932e-06 dt= 5.529e-10 cfl=0.12 WC=737.8 WCtFT=57044.3 WCtMS=254572.5
Step=   5800 t= 2.943e-06 dt= 5.540e-10 cfl=0.12 WC=740.5 WCtFT=56938.1 WCtMS=254620.8
Step=   5820 t= 2.954e-06 dt= 5.525e-10 cfl=0.12 WC=743.3 WCtFT=57107.7 WCtMS=254698.9
Step=   5840 t= 2.965e-06 dt= 5.544e-10 cfl=0.12 WC=746.1 WCtFT=56927.1 WCtMS=254762.1
Step=   5860 t= 2.976e-06 dt= 5.516e-10 cfl=0.12 WC=748.9 WCtFT=57229.6 WCtMS=254851.8
Step=   5880 t= 2.987e-06 dt= 5.571e-10 cfl=0.12 WC=751.7 WCtFT=56677.9 WCtMS=254915.7
Step=   5900 t= 2.998e-06 dt= 5.551e-10 cfl=0.12 WC=754.5 WCtFT=56899.9 WCtMS=254992.0
Write flow solution.
Step=   5920 t= 3.009e-06 dt= 5.519e-10 cfl=0.12 WC=757.5 WCtFT=57263.1 WCtMS=255142.5
Step=   5940 t= 3.021e-06 dt= 5.596e-10 cfl=0.12 WC=760.2 WCtFT=56488.8 WCtMS=255199.4
Step=   5960 t= 3.032e-06 dt= 5.558e-10 cfl=0.12 WC=763.1 WCtFT=56887.8 WCtMS=255294.7
Step=   5980 t= 3.043e-06 dt= 5.535e-10 cfl=0.12 WC=765.8 WCtFT=57137.6 WCtMS=255367.9
Step=   6000 t= 3.054e-06 dt= 5.546e-10 cfl=0.12 WC=768.6 WCtFT=57047.1 WCtMS=255446.4
***
*** Writing a snapshot: step= 6000, t= 3.054e-06
***
Step=   6020 t= 3.065e-06 dt= 5.541e-10 cfl=0.12 WC=771.6 WCtFT=57128.5 WCtMS=255589.8
Step=   6040 t= 3.076e-06 dt= 5.566e-10 cfl=0.12 WC=774.5 WCtFT=56882.7 WCtMS=255669.6
Step=   6060 t= 3.087e-06 dt= 5.590e-10 cfl=0.12 WC=777.2 WCtFT=56650.4 WCtMS=255731.7
Step=   6080 t= 3.098e-06 dt= 5.526e-10 cfl=0.12 WC=780.0 WCtFT=57321.9 WCtMS=255809.8
Step=   6100 t= 3.109e-06 dt= 5.580e-10 cfl=0.12 WC=782.8 WCtFT=56784.4 WCtMS=255878.8
Step=   6120 t= 3.120e-06 dt= 5.558e-10 cfl=0.12 WC=785.6 WCtFT=57017.6 WCtMS=255935.7
Step=   6140 t= 3.132e-06 dt= 5.533e-10 cfl=0.12 WC=788.4 WCtFT=57293.8 WCtMS=256014.5
Step=   6160 t= 3.143e-06 dt= 5.565e-10 cfl=0.12 WC=791.2 WCtFT=56973.8 WCtMS=256077.7
Step=   6180 t= 3.154e-06 dt= 5.556e-10 cfl=0.12 WC=794.0 WCtFT=57076.3 WCtMS=256154.9
Step=   6200 t= 3.165e-06 dt= 5.550e-10 cfl=0.12 WC=796.7 WCtFT=57151.7 WCtMS=256213.6
Step=   6220 t= 3.176e-06 dt= 5.591e-10 cfl=0.12 WC=799.6 WCtFT=56748.9 WCtMS=256303.9
Step=   6240 t= 3.187e-06 dt= 5.578e-10 cfl=0.12 WC=802.4 WCtFT=56899.1 WCtMS=256372.6
Step=   6260 t= 3.198e-06 dt= 5.589e-10 cfl=0.12 WC=805.2 WCtFT=56800.1 WCtMS=256462.5
Step=   6280 t= 3.209e-06 dt= 5.567e-10 cfl=0.12 WC=808.0 WCtFT=57042.4 WCtMS=256530.5
Step=   6300 t= 3.221e-06 dt= 5.567e-10 cfl=0.12 WC=810.9 WCtFT=57055.1 WCtMS=256605.3
Step=   6320 t= 3.232e-06 dt= 5.586e-10 cfl=0.12 WC=813.7 WCtFT=56873.1 WCtMS=256670.8
Step=   6340 t= 3.243e-06 dt= 5.572e-10 cfl=0.12 WC=816.4 WCtFT=57025.9 WCtMS=256733.7
Write flow solution.
Step=   6360 t= 3.254e-06 dt= 5.594e-10 cfl=0.12 WC=819.5 WCtFT=56837.7 WCtMS=256877.7
Step=   6380 t= 3.265e-06 dt= 5.586e-10 cfl=0.12 WC=822.3 WCtFT=56925.4 WCtMS=256937.0
Step=   6400 t= 3.276e-06 dt= 5.571e-10 cfl=0.12 WC=825.1 WCtFT=57097.0 WCtMS=257009.3
Step=   6420 t= 3.288e-06 dt= 5.571e-10 cfl=0.12 WC=827.8 WCtFT=57102.7 WCtMS=257063.8
Step=   6440 t= 3.299e-06 dt= 5.574e-10 cfl=0.12 WC=830.7 WCtFT=57094.7 WCtMS=257152.8
Step=   6460 t= 3.310e-06 dt= 5.581e-10 cfl=0.12 WC=833.5 WCtFT=57026.7 WCtMS=257214.8
Step=   6480 t= 3.321e-06 dt= 5.609e-10 cfl=0.12 WC=836.3 WCtFT=56764.5 WCtMS=257284.7
Step=   6500 t= 3.332e-06 dt= 5.588e-10 cfl=0.12 WC=839.1 WCtFT=56979.5 WCtMS=257342.8
Step=   6520 t= 3.343e-06 dt= 5.587e-10 cfl=0.12 WC=841.9 WCtFT=57010.1 WCtMS=257414.8
Step=   6540 t= 3.355e-06 dt= 5.601e-10 cfl=0.12 WC=844.7 WCtFT=56879.0 WCtMS=257475.5
Step=   6560 t= 3.366e-06 dt= 5.587e-10 cfl=0.12 WC=847.5 WCtFT=57033.3 WCtMS=257549.4
Step=   6580 t= 3.377e-06 dt= 5.587e-10 cfl=0.12 WC=850.3 WCtFT=57048.0 WCtMS=257605.9
Step=   6600 t= 3.388e-06 dt= 5.597e-10 cfl=0.12 WC=853.2 WCtFT=56956.9 WCtMS=257687.7
Step=   6620 t= 3.399e-06 dt= 5.589e-10 cfl=0.12 WC=856.0 WCtFT=57045.7 WCtMS=257745.5
Step=   6640 t= 3.411e-06 dt= 5.599e-10 cfl=0.12 WC=858.8 WCtFT=56960.3 WCtMS=257809.0
Step=   6660 t= 3.422e-06 dt= 5.600e-10 cfl=0.12 WC=861.6 WCtFT=56963.3 WCtMS=257887.3
Step=   6680 t= 3.433e-06 dt= 5.595e-10 cfl=0.12 WC=864.4 WCtFT=57023.1 WCtMS=257945.2
Step=   6700 t= 3.444e-06 dt= 5.607e-10 cfl=0.12 WC=867.3 WCtFT=56925.4 WCtMS=258029.1
Step=   6720 t= 3.455e-06 dt= 5.597e-10 cfl=0.12 WC=870.1 WCtFT=57030.2 WCtMS=258088.8
Step=   6740 t= 3.467e-06 dt= 5.619e-10 cfl=0.12 WC=873.0 WCtFT=56826.2 WCtMS=258168.0
Step=   6760 t= 3.478e-06 dt= 5.598e-10 cfl=0.12 WC=875.8 WCtFT=57046.1 WCtMS=258223.7
Step=   6780 t= 3.489e-06 dt= 5.613e-10 cfl=0.12 WC=878.6 WCtFT=56907.2 WCtMS=258295.1
Step=   6800 t= 3.500e-06 dt= 5.604e-10 cfl=0.12 WC=881.4 WCtFT=57016.5 WCtMS=258355.7
Write flow solution.
Step=   6820 t= 3.511e-06 dt= 5.632e-10 cfl=0.12 WC=884.5 WCtFT=56768.0 WCtMS=258514.0
Step=   6840 t= 3.523e-06 dt= 5.606e-10 cfl=0.12 WC=887.4 WCtFT=57039.8 WCtMS=258574.3
Step=   6860 t= 3.534e-06 dt= 5.613e-10 cfl=0.12 WC=890.2 WCtFT=56985.3 WCtMS=258653.8
Step=   6880 t= 3.545e-06 dt= 5.610e-10 cfl=0.12 WC=893.1 WCtFT=57022.4 WCtMS=258716.8
Step=   6900 t= 3.556e-06 dt= 5.632e-10 cfl=0.12 WC=895.9 WCtFT=56819.4 WCtMS=258789.9
Step=   6920 t= 3.568e-06 dt= 5.623e-10 cfl=0.12 WC=898.8 WCtFT=56922.4 WCtMS=258861.1
Step=   6940 t= 3.579e-06 dt= 5.614e-10 cfl=0.12 WC=901.7 WCtFT=57024.7 WCtMS=258940.4
Step=   6960 t= 3.590e-06 dt= 5.614e-10 cfl=0.12 WC=904.5 WCtFT=57038.2 WCtMS=258997.6
Step=   6980 t= 3.601e-06 dt= 5.625e-10 cfl=0.12 WC=907.4 WCtFT=56942.4 WCtMS=259078.3
Step=   7000 t= 3.613e-06 dt= 5.627e-10 cfl=0.12 WC=910.2 WCtFT=56927.6 WCtMS=259133.0
***
*** Writing a snapshot: step= 7000, t= 3.613e-06
***
Step=   7020 t= 3.624e-06 dt= 5.622e-10 cfl=0.12 WC=913.2 WCtFT=57014.0 WCtMS=259261.7
Step=   7040 t= 3.635e-06 dt= 5.618e-10 cfl=0.12 WC=916.1 WCtFT=57066.0 WCtMS=259329.1
Step=   7060 t= 3.646e-06 dt= 5.618e-10 cfl=0.12 WC=918.9 WCtFT=57074.0 WCtMS=259403.7
Step=   7080 t= 3.658e-06 dt= 5.622e-10 cfl=0.12 WC=921.7 WCtFT=57041.6 WCtMS=259455.4
Step=   7100 t= 3.669e-06 dt= 5.628e-10 cfl=0.12 WC=924.6 WCtFT=57001.5 WCtMS=259522.2
Step=   7120 t= 3.680e-06 dt= 5.629e-10 cfl=0.12 WC=927.4 WCtFT=56992.9 WCtMS=259577.4
Step=   7140 t= 3.691e-06 dt= 5.630e-10 cfl=0.12 WC=930.3 WCtFT=56999.7 WCtMS=259647.3
Step=   7160 t= 3.703e-06 dt= 5.633e-10 cfl=0.12 WC=933.1 WCtFT=56976.7 WCtMS=259704.1
Step=   7180 t= 3.714e-06 dt= 5.641e-10 cfl=0.12 WC=936.0 WCtFT=56917.8 WCtMS=259784.3
Step=   7200 t= 3.725e-06 dt= 5.654e-10 cfl=0.12 WC=938.8 WCtFT=56794.1 WCtMS=259838.4
Step=   7220 t= 3.737e-06 dt= 5.657e-10 cfl=0.12 WC=941.7 WCtFT=56778.6 WCtMS=259910.4
Step=   7240 t= 3.748e-06 dt= 5.670e-10 cfl=0.12 WC=944.5 WCtFT=56657.5 WCtMS=259965.2
Write flow solution.
Step=   7260 t= 3.759e-06 dt= 5.647e-10 cfl=0.12 WC=947.6 WCtFT=56911.9 WCtMS=260102.8
Step=   7280 t= 3.770e-06 dt= 5.634e-10 cfl=0.12 WC=950.4 WCtFT=57055.1 WCtMS=260156.4
Step=   7300 t= 3.782e-06 dt= 5.634e-10 cfl=0.12 WC=953.3 WCtFT=57068.2 WCtMS=260213.3
Step=   7320 t= 3.793e-06 dt= 5.632e-10 cfl=0.12 WC=956.1 WCtFT=57102.9 WCtMS=260271.2
Step=   7340 t= 3.804e-06 dt= 5.640e-10 cfl=0.12 WC=958.9 WCtFT=57027.9 WCtMS=260332.6
Step=   7360 t= 3.816e-06 dt= 5.649e-10 cfl=0.12 WC=961.8 WCtFT=56947.7 WCtMS=260383.4
Step=   7380 t= 3.827e-06 dt= 5.640e-10 cfl=0.12 WC=964.6 WCtFT=57051.0 WCtMS=260450.6
Step=   7400 t= 3.838e-06 dt= 5.642e-10 cfl=0.12 WC=967.5 WCtFT=57043.5 WCtMS=260513.6
Step=   7420 t= 3.849e-06 dt= 5.652e-10 cfl=0.12 WC=970.3 WCtFT=56952.9 WCtMS=260563.4
Step=   7440 t= 3.861e-06 dt= 5.643e-10 cfl=0.12 WC=973.2 WCtFT=57057.5 WCtMS=260627.7
Step=   7460 t= 3.872e-06 dt= 5.644e-10 cfl=0.12 WC=975.9 WCtFT=57052.9 WCtMS=260670.7
Step=   7480 t= 3.883e-06 dt= 5.670e-10 cfl=0.12 WC=978.8 WCtFT=56803.8 WCtMS=260736.2
Step=   7500 t= 3.895e-06 dt= 5.640e-10 cfl=0.12 WC=981.6 WCtFT=57110.0 WCtMS=260788.0
Step=   7520 t= 3.906e-06 dt= 5.657e-10 cfl=0.12 WC=984.5 WCtFT=56948.1 WCtMS=260852.7
Step=   7540 t= 3.917e-06 dt= 5.672e-10 cfl=0.12 WC=987.4 WCtFT=56810.3 WCtMS=260912.4
Step=   7560 t= 3.929e-06 dt= 5.641e-10 cfl=0.12 WC=990.2 WCtFT=57135.3 WCtMS=260974.1
Step=   7580 t= 3.940e-06 dt= 5.721e-10 cfl=0.12 WC=993.1 WCtFT=56352.5 WCtMS=261032.5
Step=   7600 t= 3.951e-06 dt= 5.661e-10 cfl=0.12 WC=995.9 WCtFT=56954.3 WCtMS=261090.6
Step=   7620 t= 3.963e-06 dt= 5.658e-10 cfl=0.12 WC=998.8 WCtFT=56995.8 WCtMS=261144.5
Step=   7640 t= 3.974e-06 dt= 5.672e-10 cfl=0.12 WC=1001.6 WCtFT=56867.2 WCtMS=261200.2
Step=   7660 t= 3.985e-06 dt= 5.647e-10 cfl=0.12 WC=1004.5 WCtFT=57129.8 WCtMS=261254.6
Step=   7680 t= 3.997e-06 dt= 5.685e-10 cfl=0.12 WC=1007.3 WCtFT=56757.0 WCtMS=261319.0
Write flow solution.
Step=   7700 t= 4.008e-06 dt= 5.653e-10 cfl=0.12 WC=1010.4 WCtFT=57097.8 WCtMS=261424.4
Step=   7720 t= 4.019e-06 dt= 5.665e-10 cfl=0.12 WC=1013.2 WCtFT=56992.1 WCtMS=261475.7
Step=   7740 t= 4.031e-06 dt= 5.658e-10 cfl=0.12 WC=1016.1 WCtFT=57070.7 WCtMS=261529.4
Step=   7760 t= 4.042e-06 dt= 5.656e-10 cfl=0.12 WC=1018.9 WCtFT=57100.1 WCtMS=261574.7
Step=   7780 t= 4.053e-06 dt= 5.659e-10 cfl=0.12 WC=1021.7 WCtFT=57075.4 WCtMS=261638.4
Step=   7800 t= 4.065e-06 dt= 5.658e-10 cfl=0.12 WC=1024.6 WCtFT=57100.1 WCtMS=261684.9
Step=   7820 t= 4.076e-06 dt= 5.669e-10 cfl=0.12 WC=1027.4 WCtFT=56994.7 WCtMS=261746.0
Step=   7840 t= 4.087e-06 dt= 5.671e-10 cfl=0.12 WC=1030.3 WCtFT=56983.0 WCtMS=261795.5
Step=   7860 t= 4.099e-06 dt= 5.670e-10 cfl=0.12 WC=1033.1 WCtFT=57002.2 WCtMS=261851.1
Step=   7880 t= 4.110e-06 dt= 5.687e-10 cfl=0.12 WC=1036.0 WCtFT=56843.0 WCtMS=261903.1
Step=   7900 t= 4.121e-06 dt= 5.669e-10 cfl=0.12 WC=1038.8 WCtFT=57037.9 WCtMS=261955.6
Step=   7920 t= 4.133e-06 dt= 5.670e-10 cfl=0.12 WC=1041.7 WCtFT=57034.3 WCtMS=262007.1
Step=   7940 t= 4.144e-06 dt= 5.665e-10 cfl=0.12 WC=1044.6 WCtFT=57093.8 WCtMS=262067.3
Step=   7960 t= 4.155e-06 dt= 5.661e-10 cfl=0.12 WC=1047.4 WCtFT=57141.2 WCtMS=262118.2
Step=   7980 t= 4.167e-06 dt= 5.663e-10 cfl=0.12 WC=1050.3 WCtFT=57129.6 WCtMS=262177.0
Step=   8000 t= 4.178e-06 dt= 5.686e-10 cfl=0.12 WC=1053.1 WCtFT=56909.0 WCtMS=262221.4
***
*** Writing a snapshot: step= 8000, t= 4.178e-06
***
Step=   8020 t= 4.189e-06 dt= 5.685e-10 cfl=0.12 WC=1056.2 WCtFT=56945.3 WCtMS=262336.8
Step=   8040 t= 4.201e-06 dt= 5.692e-10 cfl=0.12 WC=1059.1 WCtFT=56882.5 WCtMS=262392.4
Step=   8060 t= 4.212e-06 dt= 5.670e-10 cfl=0.12 WC=1061.9 WCtFT=57108.9 WCtMS=262439.1
Step=   8080 t= 4.223e-06 dt= 5.666e-10 cfl=0.12 WC=1064.8 WCtFT=57164.4 WCtMS=262498.1
Step=   8100 t= 4.235e-06 dt= 5.670e-10 cfl=0.12 WC=1067.6 WCtFT=57127.4 WCtMS=262545.7
Step=   8120 t= 4.246e-06 dt= 5.677e-10 cfl=0.12 WC=1070.5 WCtFT=57070.7 WCtMS=262610.0
Write flow solution.
Step=   8140 t= 4.257e-06 dt= 5.676e-10 cfl=0.12 WC=1073.6 WCtFT=57098.1 WCtMS=262711.9
Step=   8160 t= 4.269e-06 dt= 5.683e-10 cfl=0.12 WC=1076.5 WCtFT=57042.1 WCtMS=262775.9
Step=   8180 t= 4.280e-06 dt= 5.671e-10 cfl=0.12 WC=1079.3 WCtFT=57175.2 WCtMS=262817.5
Step=   8200 t= 4.291e-06 dt= 5.670e-10 cfl=0.12 WC=1082.2 WCtFT=57188.4 WCtMS=262870.0
Step=   8220 t= 4.303e-06 dt= 5.680e-10 cfl=0.12 WC=1085.1 WCtFT=57101.4 WCtMS=262917.6
Step=   8240 t= 4.314e-06 dt= 5.688e-10 cfl=0.12 WC=1087.9 WCtFT=57028.2 WCtMS=262971.1
Step=   8260 t= 4.326e-06 dt= 5.677e-10 cfl=0.12 WC=1090.8 WCtFT=57142.6 WCtMS=263019.2
Step=   8280 t= 4.337e-06 dt= 5.683e-10 cfl=0.12 WC=1093.7 WCtFT=57095.6 WCtMS=263074.7
Step=   8300 t= 4.348e-06 dt= 5.672e-10 cfl=0.12 WC=1096.6 WCtFT=57216.6 WCtMS=263135.2
Step=   8320 t= 4.360e-06 dt= 5.674e-10 cfl=0.12 WC=1099.4 WCtFT=57212.0 WCtMS=263183.3
Step=   8340 t= 4.371e-06 dt= 5.683e-10 cfl=0.12 WC=1102.3 WCtFT=57124.9 WCtMS=263235.6
Step=   8360 t= 4.382e-06 dt= 5.690e-10 cfl=0.12 WC=1105.2 WCtFT=57063.0 WCtMS=263289.3
Step=   8380 t= 4.394e-06 dt= 5.685e-10 cfl=0.12 WC=1108.0 WCtFT=57126.5 WCtMS=263341.6
Step=   8400 t= 4.405e-06 dt= 5.689e-10 cfl=0.12 WC=1110.9 WCtFT=57090.7 WCtMS=263386.7
Step=   8420 t= 4.416e-06 dt= 5.675e-10 cfl=0.12 WC=1113.8 WCtFT=57241.9 WCtMS=263442.3
Step=   8440 t= 4.428e-06 dt= 5.675e-10 cfl=0.12 WC=1116.6 WCtFT=57251.4 WCtMS=263482.4
Step=   8460 t= 4.439e-06 dt= 5.682e-10 cfl=0.12 WC=1119.5 WCtFT=57192.7 WCtMS=263541.9
Step=   8480 t= 4.451e-06 dt= 5.694e-10 cfl=0.12 WC=1122.4 WCtFT=57077.2 WCtMS=263600.7
Step=   8500 t= 4.462e-06 dt= 5.699e-10 cfl=0.12 WC=1125.3 WCtFT=57034.8 WCtMS=263648.1
Step=   8520 t= 4.473e-06 dt= 5.692e-10 cfl=0.12 WC=1128.2 WCtFT=57116.0 WCtMS=263701.4
Step=   8540 t= 4.485e-06 dt= 5.678e-10 cfl=0.12 WC=1131.0 WCtFT=57267.2 WCtMS=263740.0
Step=   8560 t= 4.496e-06 dt= 5.677e-10 cfl=0.12 WC=1133.9 WCtFT=57284.4 WCtMS=263785.5
Write flow solution.
Step=   8580 t= 4.507e-06 dt= 5.684e-10 cfl=0.12 WC=1137.0 WCtFT=57233.0 WCtMS=263903.1
Step=   8600 t= 4.519e-06 dt= 5.701e-10 cfl=0.12 WC=1139.9 WCtFT=57074.4 WCtMS=263957.1
Step=   8620 t= 4.530e-06 dt= 5.702e-10 cfl=0.12 WC=1142.8 WCtFT=57071.3 WCtMS=264012.4
Step=   8640 t= 4.542e-06 dt= 5.694e-10 cfl=0.12 WC=1145.7 WCtFT=57163.9 WCtMS=264069.1
Step=   8660 t= 4.553e-06 dt= 5.680e-10 cfl=0.12 WC=1148.5 WCtFT=57306.9 WCtMS=264103.9
Step=   8680 t= 4.564e-06 dt= 5.684e-10 cfl=0.12 WC=1151.4 WCtFT=57275.4 WCtMS=264145.6
Step=   8700 t= 4.576e-06 dt= 5.702e-10 cfl=0.12 WC=1154.3 WCtFT=57103.8 WCtMS=264200.6
Step=   8720 t= 4.587e-06 dt= 5.716e-10 cfl=0.12 WC=1157.2 WCtFT=56974.2 WCtMS=264245.6
Step=   8740 t= 4.599e-06 dt= 5.690e-10 cfl=0.12 WC=1160.0 WCtFT=57238.7 WCtMS=264295.6
Step=   8760 t= 4.610e-06 dt= 5.686e-10 cfl=0.12 WC=1162.9 WCtFT=57291.4 WCtMS=264336.9
Step=   8780 t= 4.621e-06 dt= 5.689e-10 cfl=0.12 WC=1165.8 WCtFT=57273.8 WCtMS=264389.6
Step=   8800 t= 4.633e-06 dt= 5.708e-10 cfl=0.12 WC=1168.6 WCtFT=57083.7 WCtMS=264426.4
Step=   8820 t= 4.644e-06 dt= 5.711e-10 cfl=0.12 WC=1171.6 WCtFT=57062.0 WCtMS=264486.7
Step=   8840 t= 4.656e-06 dt= 5.697e-10 cfl=0.12 WC=1174.4 WCtFT=57210.2 WCtMS=264532.6
Step=   8860 t= 4.667e-06 dt= 5.685e-10 cfl=0.12 WC=1177.3 WCtFT=57342.0 WCtMS=264583.4
Step=   8880 t= 4.678e-06 dt= 5.702e-10 cfl=0.12 WC=1180.2 WCtFT=57183.0 WCtMS=264634.9
Step=   8900 t= 4.690e-06 dt= 5.720e-10 cfl=0.12 WC=1183.1 WCtFT=57012.2 WCtMS=264675.1
Step=   8920 t= 4.701e-06 dt= 5.706e-10 cfl=0.12 WC=1186.0 WCtFT=57154.8 WCtMS=264730.4
Step=   8940 t= 4.713e-06 dt= 5.690e-10 cfl=0.12 WC=1188.9 WCtFT=57330.2 WCtMS=264780.0
Step=   8960 t= 4.724e-06 dt= 5.700e-10 cfl=0.12 WC=1191.8 WCtFT=57237.1 WCtMS=264831.2
Step=   8980 t= 4.735e-06 dt= 5.711e-10 cfl=0.12 WC=1194.6 WCtFT=57126.5 WCtMS=264862.4
Step=   9000 t= 4.747e-06 dt= 5.715e-10 cfl=0.12 WC=1197.5 WCtFT=57098.0 WCtMS=264904.3
***
*** Writing a snapshot: step= 9000, t= 4.747e-06
***
Write flow solution.
Step=   9020 t= 4.758e-06 dt= 5.696e-10 cfl=0.12 WC=1200.9 WCtFT=57323.5 WCtMS=265067.4
Step=   9040 t= 4.770e-06 dt= 5.692e-10 cfl=0.12 WC=1203.7 WCtFT=57369.7 WCtMS=265112.4
Step=   9060 t= 4.781e-06 dt= 5.712e-10 cfl=0.12 WC=1206.7 WCtFT=57180.2 WCtMS=265163.5
Step=   9080 t= 4.792e-06 dt= 5.715e-10 cfl=0.12 WC=1209.5 WCtFT=57152.4 WCtMS=265206.8
Step=   9100 t= 4.804e-06 dt= 5.705e-10 cfl=0.12 WC=1212.4 WCtFT=57263.8 WCtMS=265259.9
Step=   9120 t= 4.815e-06 dt= 5.695e-10 cfl=0.12 WC=1215.3 WCtFT=57369.8 WCtMS=265298.5
Step=   9140 t= 4.827e-06 dt= 5.724e-10 cfl=0.12 WC=1218.2 WCtFT=57090.2 WCtMS=265349.8
Step=   9160 t= 4.838e-06 dt= 5.709e-10 cfl=0.12 WC=1221.1 WCtFT=57248.0 WCtMS=265394.2
Step=   9180 t= 4.850e-06 dt= 5.698e-10 cfl=0.12 WC=1224.0 WCtFT=57360.4 WCtMS=265432.5
Step=   9200 t= 4.861e-06 dt= 5.707e-10 cfl=0.12 WC=1226.8 WCtFT=57281.4 WCtMS=265479.2
Step=   9220 t= 4.872e-06 dt= 5.731e-10 cfl=0.12 WC=1229.7 WCtFT=57042.0 WCtMS=265517.2
Step=   9240 t= 4.884e-06 dt= 5.711e-10 cfl=0.12 WC=1232.6 WCtFT=57259.5 WCtMS=265568.0
Step=   9260 t= 4.895e-06 dt= 5.698e-10 cfl=0.12 WC=1235.5 WCtFT=57394.5 WCtMS=265611.4
Step=   9280 t= 4.907e-06 dt= 5.726e-10 cfl=0.12 WC=1238.4 WCtFT=57125.4 WCtMS=265661.2
Step=   9300 t= 4.918e-06 dt= 5.714e-10 cfl=0.12 WC=1241.3 WCtFT=57247.8 WCtMS=265701.3
Step=   9320 t= 4.929e-06 dt= 5.703e-10 cfl=0.12 WC=1244.2 WCtFT=57367.2 WCtMS=265748.7
Step=   9340 t= 4.941e-06 dt= 5.711e-10 cfl=0.12 WC=1247.1 WCtFT=57290.7 WCtMS=265797.0
Step=   9360 t= 4.952e-06 dt= 5.735e-10 cfl=0.12 WC=1250.0 WCtFT=57060.1 WCtMS=265837.0
Step=   9380 t= 4.964e-06 dt= 5.716e-10 cfl=0.12 WC=1252.8 WCtFT=57254.0 WCtMS=265877.4
Step=   9400 t= 4.975e-06 dt= 5.704e-10 cfl=0.12 WC=1255.7 WCtFT=57383.2 WCtMS=265912.2
Step=   9420 t= 4.987e-06 dt= 5.747e-10 cfl=0.12 WC=1258.6 WCtFT=56960.6 WCtMS=265959.7
Step=   9440 t= 4.998e-06 dt= 5.712e-10 cfl=0.12 WC=1261.5 WCtFT=57317.7 WCtMS=266002.7
Write flow solution.
Step=   9460 t= 5.010e-06 dt= 5.703e-10 cfl=0.12 WC=1264.6 WCtFT=57420.5 WCtMS=266090.6
Step=   9480 t= 5.021e-06 dt= 5.730e-10 cfl=0.12 WC=1267.5 WCtFT=57159.9 WCtMS=266135.5
Step=   9500 t= 5.032e-06 dt= 5.716e-10 cfl=0.12 WC=1270.4 WCtFT=57310.8 WCtMS=266177.8
Step=   9520 t= 5.044e-06 dt= 5.713e-10 cfl=0.12 WC=1273.2 WCtFT=57348.3 WCtMS=266215.8
Step=   9540 t= 5.055e-06 dt= 5.725e-10 cfl=0.12 WC=1276.1 WCtFT=57234.6 WCtMS=266252.0
Step=   9560 t= 5.067e-06 dt= 5.721e-10 cfl=0.12 WC=1279.0 WCtFT=57276.5 WCtMS=266299.0
Step=   9580 t= 5.078e-06 dt= 5.714e-10 cfl=0.12 WC=1281.9 WCtFT=57353.0 WCtMS=266344.0
Step=   9600 t= 5.090e-06 dt= 5.730e-10 cfl=0.12 WC=1284.8 WCtFT=57197.9 WCtMS=266378.8
Step=   9620 t= 5.101e-06 dt= 5.721e-10 cfl=0.12 WC=1287.7 WCtFT=57301.0 WCtMS=266430.8
Step=   9640 t= 5.113e-06 dt= 5.715e-10 cfl=0.12 WC=1290.6 WCtFT=57367.3 WCtMS=266460.7
Step=   9660 t= 5.124e-06 dt= 5.741e-10 cfl=0.12 WC=1293.1 WCtFT=57092.7 WCtMS=266423.3
Step=   9680 t= 5.135e-06 dt= 5.721e-10 cfl=0.12 WC=1294.7 WCtFT=57242.1 WCtMS=266198.7
Step=   9700 t= 5.147e-06 dt= 5.720e-10 cfl=0.12 WC=1296.3 WCtFT=57207.9 WCtMS=265978.6
Step=   9720 t= 5.158e-06 dt= 5.742e-10 cfl=0.12 WC=1297.9 WCtFT=56937.6 WCtMS=265760.1
Step=   9740 t= 5.170e-06 dt= 5.715e-10 cfl=0.12 WC=1299.5 WCtFT=57157.6 WCtMS=265540.3
Step=   9760 t= 5.181e-06 dt= 5.725e-10 cfl=0.12 WC=1301.1 WCtFT=57013.1 WCtMS=265322.9
Step=   9780 t= 5.193e-06 dt= 5.733e-10 cfl=0.12 WC=1302.7 WCtFT=56881.1 WCtMS=265103.2
Step=   9800 t= 5.204e-06 dt= 5.717e-10 cfl=0.12 WC=1304.3 WCtFT=56992.7 WCtMS=264888.7
Step=   9820 t= 5.216e-06 dt= 5.737e-10 cfl=0.12 WC=1306.0 WCtFT=56740.1 WCtMS=264674.1
Step=   9840 t= 5.227e-06 dt= 5.726e-10 cfl=0.12 WC=1307.6 WCtFT=56802.5 WCtMS=264456.7
Step=   9860 t= 5.239e-06 dt= 5.735e-10 cfl=0.12 WC=1309.2 WCtFT=56668.8 WCtMS=264243.0
Step=   9880 t= 5.250e-06 dt= 5.732e-10 cfl=0.12 WC=1310.8 WCtFT=56645.5 WCtMS=264028.5
Write flow solution.
Step=   9900 t= 5.261e-06 dt= 5.718e-10 cfl=0.12 WC=1312.6 WCtFT=56746.9 WCtMS=263849.3
Step=   9920 t= 5.273e-06 dt= 5.737e-10 cfl=0.12 WC=1314.1 WCtFT=56509.6 WCtMS=263634.8
Step=   9940 t= 5.284e-06 dt= 5.723e-10 cfl=0.12 WC=1315.8 WCtFT=56600.6 WCtMS=263425.7
Step=   9960 t= 5.296e-06 dt= 5.720e-10 cfl=0.12 WC=1317.4 WCtFT=56579.6 WCtMS=263217.2
Step=   9980 t= 5.307e-06 dt= 5.731e-10 cfl=0.12 WC=1319.0 WCtFT=56425.7 WCtMS=263005.5
Step=  10000 t= 5.319e-06 dt= 5.725e-10 cfl=0.12 WC=1320.6 WCtFT=56437.9 WCtMS=262798.6
***
*** Writing a snapshot: step= 10000, t= 5.319e-06
***
Step=  10020 t= 5.330e-06 dt= 5.777e-10 cfl=0.12 WC=1322.4 WCtFT=55892.0 WCtMS=262621.6
Step=  10040 t= 5.342e-06 dt= 5.730e-10 cfl=0.12 WC=1324.0 WCtFT=56306.0 WCtMS=262416.7
Step=  10060 t= 5.353e-06 dt= 5.734e-10 cfl=0.12 WC=1325.6 WCtFT=56222.5 WCtMS=262213.6
Step=  10080 t= 5.365e-06 dt= 5.741e-10 cfl=0.12 WC=1327.2 WCtFT=56106.1 WCtMS=262006.9
Step=  10100 t= 5.376e-06 dt= 5.737e-10 cfl=0.12 WC=1328.8 WCtFT=56096.2 WCtMS=261804.8
Step=  10120 t= 5.388e-06 dt= 5.742e-10 cfl=0.12 WC=1330.4 WCtFT=56004.5 WCtMS=261599.6
Step=  10140 t= 5.399e-06 dt= 5.728e-10 cfl=0.12 WC=1332.0 WCtFT=56092.2 WCtMS=261398.5
Step=  10160 t= 5.411e-06 dt= 5.756e-10 cfl=0.12 WC=1333.7 WCtFT=55776.8 WCtMS=261198.4
Step=  10180 t= 5.422e-06 dt= 5.725e-10 cfl=0.12 WC=1335.3 WCtFT=56030.6 WCtMS=260995.2
Step=  10200 t= 5.434e-06 dt= 5.783e-10 cfl=0.12 WC=1336.9 WCtFT=55426.0 WCtMS=260796.8
Step=  10220 t= 5.445e-06 dt= 5.761e-10 cfl=0.12 WC=1338.5 WCtFT=55592.7 WCtMS=260596.7
Step=  10240 t= 5.457e-06 dt= 5.738e-10 cfl=0.12 WC=1340.1 WCtFT=55776.3 WCtMS=260400.3
Step=  10260 t= 5.468e-06 dt= 5.743e-10 cfl=0.12 WC=1341.7 WCtFT=55683.1 WCtMS=260200.6
Step=  10280 t= 5.480e-06 dt= 5.770e-10 cfl=0.12 WC=1343.3 WCtFT=55372.2 WCtMS=260005.1
Step=  10300 t= 5.491e-06 dt= 5.735e-10 cfl=0.12 WC=1345.0 WCtFT=55666.9 WCtMS=259811.0
Write flow solution.
Step=  10320 t= 5.503e-06 dt= 5.731e-10 cfl=0.12 WC=1346.7 WCtFT=55670.3 WCtMS=259643.2
Step=  10340 t= 5.514e-06 dt= 5.764e-10 cfl=0.12 WC=1348.3 WCtFT=55310.8 WCtMS=259449.7
Step=  10360 t= 5.526e-06 dt= 5.756e-10 cfl=0.12 WC=1350.0 WCtFT=55343.8 WCtMS=259259.3
Step=  10380 t= 5.537e-06 dt= 5.737e-10 cfl=0.12 WC=1351.6 WCtFT=55480.4 WCtMS=259063.9
Step=  10400 t= 5.549e-06 dt= 5.764e-10 cfl=0.12 WC=1353.2 WCtFT=55183.6 WCtMS=258872.2
Step=  10420 t= 5.560e-06 dt= 5.797e-10 cfl=0.12 WC=1354.8 WCtFT=54821.5 WCtMS=258677.7
Step=  10440 t= 5.572e-06 dt= 5.759e-10 cfl=0.12 WC=1356.4 WCtFT=55142.5 WCtMS=258487.7
Step=  10460 t= 5.583e-06 dt= 5.744e-10 cfl=0.12 WC=1358.0 WCtFT=55247.4 WCtMS=258298.0
Step=  10480 t= 5.595e-06 dt= 5.789e-10 cfl=0.12 WC=1359.6 WCtFT=54771.4 WCtMS=258105.9
Step=  10500 t= 5.606e-06 dt= 5.780e-10 cfl=0.12 WC=1361.2 WCtFT=54816.5 WCtMS=257918.4
Step=  10520 t= 5.618e-06 dt= 5.750e-10 cfl=0.12 WC=1362.8 WCtFT=55058.7 WCtMS=257728.2
Step=  10540 t= 5.629e-06 dt= 5.741e-10 cfl=0.12 WC=1364.4 WCtFT=55101.4 WCtMS=257541.4
Step=  10560 t= 5.641e-06 dt= 5.764e-10 cfl=0.12 WC=1366.0 WCtFT=54844.5 WCtMS=257355.2
Step=  10580 t= 5.652e-06 dt= 5.770e-10 cfl=0.12 WC=1367.6 WCtFT=54746.1 WCtMS=257167.1
Step=  10600 t= 5.664e-06 dt= 5.757e-10 cfl=0.12 WC=1369.3 WCtFT=54821.7 WCtMS=256983.0
Step=  10620 t= 5.675e-06 dt= 5.751e-10 cfl=0.12 WC=1370.9 WCtFT=54837.1 WCtMS=256796.2
Step=  10640 t= 5.687e-06 dt= 5.763e-10 cfl=0.12 WC=1372.5 WCtFT=54680.4 WCtMS=256612.7
Step=  10660 t= 5.698e-06 dt= 5.780e-10 cfl=0.12 WC=1374.1 WCtFT=54484.6 WCtMS=256429.8
Step=  10680 t= 5.710e-06 dt= 5.802e-10 cfl=0.12 WC=1375.7 WCtFT=54238.9 WCtMS=256244.2
Step=  10700 t= 5.722e-06 dt= 5.768e-10 cfl=0.12 WC=1377.3 WCtFT=54517.5 WCtMS=256063.8
Step=  10720 t= 5.733e-06 dt= 5.756e-10 cfl=0.12 WC=1378.9 WCtFT=54588.1 WCtMS=255882.8
Step=  10740 t= 5.745e-06 dt= 5.776e-10 cfl=0.12 WC=1380.5 WCtFT=54361.5 WCtMS=255699.4
Write flow solution.
Step=  10760 t= 5.756e-06 dt= 5.799e-10 cfl=0.12 WC=1382.3 WCtFT=54104.9 WCtMS=255549.7
Step=  10780 t= 5.768e-06 dt= 5.816e-10 cfl=0.12 WC=1383.9 WCtFT=53911.6 WCtMS=255367.9
Step=  10800 t= 5.780e-06 dt= 5.777e-10 cfl=0.12 WC=1385.5 WCtFT=54229.9 WCtMS=255189.3
Step=  10820 t= 5.791e-06 dt= 5.762e-10 cfl=0.12 WC=1387.1 WCtFT=54332.2 WCtMS=255011.4
Step=  10840 t= 5.803e-06 dt= 5.756e-10 cfl=0.12 WC=1388.7 WCtFT=54348.3 WCtMS=254831.9
Step=  10860 t= 5.814e-06 dt= 5.767e-10 cfl=0.12 WC=1390.3 WCtFT=54203.1 WCtMS=254657.4
Step=  10880 t= 5.826e-06 dt= 5.783e-10 cfl=0.12 WC=1392.0 WCtFT=54021.0 WCtMS=254481.8
Step=  10900 t= 5.837e-06 dt= 5.784e-10 cfl=0.12 WC=1393.5 WCtFT=53970.6 WCtMS=254303.3
Step=  10920 t= 5.849e-06 dt= 5.796e-10 cfl=0.12 WC=1395.2 WCtFT=53820.9 WCtMS=254129.0
Step=  10940 t= 5.860e-06 dt= 5.771e-10 cfl=0.12 WC=1396.8 WCtFT=54014.3 WCtMS=253952.1
Step=  10960 t= 5.872e-06 dt= 5.766e-10 cfl=0.12 WC=1398.4 WCtFT=54024.5 WCtMS=253779.5
Step=  10980 t= 5.883e-06 dt= 5.781e-10 cfl=0.12 WC=1400.0 WCtFT=53838.6 WCtMS=253606.9
Step=  11000 t= 5.895e-06 dt= 5.780e-10 cfl=0.12 WC=1401.6 WCtFT=53813.4 WCtMS=253431.9
***
*** Writing a snapshot: step= 11000, t= 5.895e-06
***
Step=  11020 t= 5.907e-06 dt= 5.795e-10 cfl=0.12 WC=1403.4 WCtFT=53635.8 WCtMS=253289.0
Step=  11040 t= 5.918e-06 dt= 5.811e-10 cfl=0.12 WC=1405.0 WCtFT=53457.9 WCtMS=253118.8
Step=  11060 t= 5.930e-06 dt= 5.826e-10 cfl=0.12 WC=1406.6 WCtFT=53278.9 WCtMS=252945.2
Step=  11080 t= 5.941e-06 dt= 5.825e-10 cfl=0.12 WC=1408.2 WCtFT=53251.6 WCtMS=252775.8
Step=  11100 t= 5.953e-06 dt= 5.798e-10 cfl=0.12 WC=1409.8 WCtFT=53460.2 WCtMS=252607.0
Step=  11120 t= 5.965e-06 dt= 5.782e-10 cfl=0.12 WC=1411.4 WCtFT=53566.4 WCtMS=252435.7
Step=  11140 t= 5.976e-06 dt= 5.778e-10 cfl=0.12 WC=1413.0 WCtFT=53570.0 WCtMS=252268.7
Step=  11160 t= 5.988e-06 dt= 5.774e-10 cfl=0.12 WC=1414.6 WCtFT=53568.4 WCtMS=252098.1
Step=  11180 t= 5.999e-06 dt= 5.776e-10 cfl=0.12 WC=1416.2 WCtFT=53509.9 WCtMS=251932.1
Write flow solution.
Step=  11200 t= 6.011e-06 dt= 5.785e-10 cfl=0.12 WC=1418.0 WCtFT=53401.0 WCtMS=251792.9
Step=  11220 t= 6.022e-06 dt= 5.798e-10 cfl=0.12 WC=1419.6 WCtFT=53242.7 WCtMS=251624.5
Step=  11240 t= 6.034e-06 dt= 5.799e-10 cfl=0.12 WC=1421.2 WCtFT=53194.5 WCtMS=251459.9
Step=  11260 t= 6.046e-06 dt= 5.807e-10 cfl=0.12 WC=1422.8 WCtFT=53088.3 WCtMS=251295.0
Step=  11280 t= 6.057e-06 dt= 5.825e-10 cfl=0.12 WC=1424.4 WCtFT=52882.6 WCtMS=251128.4
Step=  11300 t= 6.069e-06 dt= 5.830e-10 cfl=0.12 WC=1426.0 WCtFT=52797.8 WCtMS=250965.1
Step=  11320 t= 6.081e-06 dt= 5.811e-10 cfl=0.12 WC=1427.6 WCtFT=52939.1 WCtMS=250802.4
Step=  11340 t= 6.092e-06 dt= 5.797e-10 cfl=0.12 WC=1429.2 WCtFT=53031.3 WCtMS=250636.6
Step=  11360 t= 6.104e-06 dt= 5.788e-10 cfl=0.12 WC=1430.8 WCtFT=53077.7 WCtMS=250475.0
Step=  11380 t= 6.115e-06 dt= 5.783e-10 cfl=0.12 WC=1432.4 WCtFT=53081.9 WCtMS=250310.3
Step=  11400 t= 6.127e-06 dt= 5.783e-10 cfl=0.12 WC=1434.0 WCtFT=53051.2 WCtMS=250149.1
Step=  11420 t= 6.139e-06 dt= 5.785e-10 cfl=0.12 WC=1435.6 WCtFT=52988.9 WCtMS=249989.2
Step=  11440 t= 6.150e-06 dt= 5.791e-10 cfl=0.12 WC=1437.2 WCtFT=52900.3 WCtMS=249826.6
Step=  11460 t= 6.162e-06 dt= 5.799e-10 cfl=0.12 WC=1438.8 WCtFT=52790.5 WCtMS=249667.6
Step=  11480 t= 6.173e-06 dt= 5.804e-10 cfl=0.12 WC=1440.4 WCtFT=52716.3 WCtMS=249508.5
Step=  11500 t= 6.185e-06 dt= 5.795e-10 cfl=0.12 WC=1442.0 WCtFT=52753.3 WCtMS=249347.5
Step=  11520 t= 6.196e-06 dt= 5.789e-10 cfl=0.12 WC=1443.7 WCtFT=52773.0 WCtMS=249190.2
Step=  11540 t= 6.208e-06 dt= 5.785e-10 cfl=0.12 WC=1445.2 WCtFT=52776.2 WCtMS=249029.8
Step=  11560 t= 6.220e-06 dt= 5.782e-10 cfl=0.12 WC=1446.8 WCtFT=52765.8 WCtMS=248872.9
Step=  11580 t= 6.231e-06 dt= 5.781e-10 cfl=0.12 WC=1448.5 WCtFT=52742.3 WCtMS=248716.8
Step=  11600 t= 6.243e-06 dt= 5.781e-10 cfl=0.12 WC=1450.0 WCtFT=52706.8 WCtMS=248558.2
Write flow solution.
Step=  11620 t= 6.254e-06 dt= 5.782e-10 cfl=0.12 WC=1451.8 WCtFT=52667.9 WCtMS=248430.8
Step=  11640 t= 6.266e-06 dt= 5.784e-10 cfl=0.12 WC=1453.4 WCtFT=52614.8 WCtMS=248276.1
Step=  11660 t= 6.277e-06 dt= 5.787e-10 cfl=0.12 WC=1455.0 WCtFT=52553.7 WCtMS=248118.7
Step=  11680 t= 6.289e-06 dt= 5.791e-10 cfl=0.12 WC=1456.6 WCtFT=52486.0 WCtMS=247965.0
Step=  11700 t= 6.301e-06 dt= 5.795e-10 cfl=0.12 WC=1458.2 WCtFT=52411.3 WCtMS=247812.0
Step=  11720 t= 6.312e-06 dt= 5.795e-10 cfl=0.12 WC=1459.8 WCtFT=52381.9 WCtMS=247656.2
Step=  11740 t= 6.324e-06 dt= 5.794e-10 cfl=0.12 WC=1461.4 WCtFT=52354.1 WCtMS=247504.2
Step=  11760 t= 6.335e-06 dt= 5.796e-10 cfl=0.12 WC=1463.0 WCtFT=52304.9 WCtMS=247349.9
Step=  11780 t= 6.347e-06 dt= 5.799e-10 cfl=0.12 WC=1464.6 WCtFT=52237.7 WCtMS=247199.2
Step=  11800 t= 6.359e-06 dt= 5.805e-10 cfl=0.12 WC=1466.2 WCtFT=52152.9 WCtMS=247048.5
Step=  11820 t= 6.370e-06 dt= 5.813e-10 cfl=0.12 WC=1467.8 WCtFT=52049.9 WCtMS=246895.6
Step=  11840 t= 6.382e-06 dt= 5.809e-10 cfl=0.12 WC=1469.4 WCtFT=52050.6 WCtMS=246746.1
Step=  11860 t= 6.393e-06 dt= 5.801e-10 cfl=0.12 WC=1471.0 WCtFT=52090.4 WCtMS=246598.1
Step=  11880 t= 6.405e-06 dt= 5.794e-10 cfl=0.12 WC=1472.6 WCtFT=52113.7 WCtMS=246446.9
Step=  11900 t= 6.417e-06 dt= 5.789e-10 cfl=0.12 WC=1474.3 WCtFT=52123.9 WCtMS=246299.2
Step=  11920 t= 6.428e-06 dt= 5.786e-10 cfl=0.12 WC=1475.9 WCtFT=52120.6 WCtMS=246151.3
Step=  11940 t= 6.440e-06 dt= 5.784e-10 cfl=0.12 WC=1477.4 WCtFT=52102.8 WCtMS=246000.9
Step=  11960 t= 6.451e-06 dt= 5.784e-10 cfl=0.12 WC=1479.1 WCtFT=52071.6 WCtMS=245853.9
Step=  11980 t= 6.463e-06 dt= 5.785e-10 cfl=0.12 WC=1480.6 WCtFT=52025.6 WCtMS=245704.3
Step=  12000 t= 6.474e-06 dt= 5.788e-10 cfl=0.12 WC=1482.2 WCtFT=51966.5 WCtMS=245558.9
***
*** Writing a snapshot: step= 12000, t= 6.474e-06
***
Step=  12020 t= 6.486e-06 dt= 5.793e-10 cfl=0.12 WC=1484.0 WCtFT=51898.2 WCtMS=245439.5
Step=  12040 t= 6.498e-06 dt= 5.800e-10 cfl=0.12 WC=1485.6 WCtFT=51805.2 WCtMS=245291.5
Write flow solution.
Step=  12060 t= 6.509e-06 dt= 5.808e-10 cfl=0.12 WC=1487.4 WCtFT=51700.7 WCtMS=245173.2
Step=  12080 t= 6.521e-06 dt= 5.812e-10 cfl=0.12 WC=1489.0 WCtFT=51638.1 WCtMS=245029.1
Step=  12100 t= 6.532e-06 dt= 5.809e-10 cfl=0.12 WC=1490.6 WCtFT=51630.0 WCtMS=244882.5
Step=  12120 t= 6.544e-06 dt= 5.809e-10 cfl=0.12 WC=1492.2 WCtFT=51597.5 WCtMS=244739.0
Step=  12140 t= 6.556e-06 dt= 5.812e-10 cfl=0.12 WC=1493.8 WCtFT=51540.8 WCtMS=244596.3
Step=  12160 t= 6.567e-06 dt= 5.805e-10 cfl=0.12 WC=1495.4 WCtFT=51565.5 WCtMS=244450.7
Step=  12180 t= 6.579e-06 dt= 5.797e-10 cfl=0.12 WC=1497.0 WCtFT=51608.2 WCtMS=244308.6
Step=  12200 t= 6.591e-06 dt= 5.791e-10 cfl=0.12 WC=1498.5 WCtFT=51627.4 WCtMS=244164.7
Step=  12220 t= 6.602e-06 dt= 5.788e-10 cfl=0.12 WC=1500.2 WCtFT=51623.9 WCtMS=244023.6
Step=  12240 t= 6.614e-06 dt= 5.788e-10 cfl=0.12 WC=1501.8 WCtFT=51595.9 WCtMS=243882.9
Step=  12260 t= 6.625e-06 dt= 5.790e-10 cfl=0.12 WC=1503.3 WCtFT=51542.3 WCtMS=243739.6
Step=  12280 t= 6.637e-06 dt= 5.795e-10 cfl=0.12 WC=1504.9 WCtFT=51463.8 WCtMS=243599.5
Step=  12300 t= 6.648e-06 dt= 5.803e-10 cfl=0.12 WC=1506.5 WCtFT=51359.8 WCtMS=243459.6
Step=  12320 t= 6.660e-06 dt= 5.815e-10 cfl=0.12 WC=1508.1 WCtFT=51230.5 WCtMS=243318.0
Step=  12340 t= 6.672e-06 dt= 5.814e-10 cfl=0.12 WC=1509.7 WCtFT=51199.7 WCtMS=243179.4
Step=  12360 t= 6.683e-06 dt= 5.801e-10 cfl=0.12 WC=1511.3 WCtFT=51290.9 WCtMS=243040.6
Step=  12380 t= 6.695e-06 dt= 5.790e-10 cfl=0.12 WC=1512.9 WCtFT=51351.8 WCtMS=242899.7
Step=  12400 t= 6.706e-06 dt= 5.783e-10 cfl=0.12 WC=1514.5 WCtFT=51383.4 WCtMS=242761.9
Step=  12420 t= 6.718e-06 dt= 5.779e-10 cfl=0.12 WC=1516.1 WCtFT=51384.5 WCtMS=242622.2
Step=  12440 t= 6.730e-06 dt= 5.779e-10 cfl=0.12 WC=1517.7 WCtFT=51355.8 WCtMS=242485.8
Step=  12460 t= 6.741e-06 dt= 5.782e-10 cfl=0.12 WC=1519.3 WCtFT=51297.2 WCtMS=242349.6
Write flow solution.
Step=  12480 t= 6.753e-06 dt= 5.789e-10 cfl=0.12 WC=1521.0 WCtFT=51214.0 WCtMS=242235.7
Step=  12500 t= 6.764e-06 dt= 5.798e-10 cfl=0.12 WC=1522.6 WCtFT=51098.0 WCtMS=242099.6
Step=  12520 t= 6.776e-06 dt= 5.799e-10 cfl=0.12 WC=1524.2 WCtFT=51058.2 WCtMS=241964.3
Step=  12540 t= 6.788e-06 dt= 5.802e-10 cfl=0.12 WC=1525.8 WCtFT=51004.0 WCtMS=241826.2
Step=  12560 t= 6.799e-06 dt= 5.808e-10 cfl=0.12 WC=1527.4 WCtFT=50919.5 WCtMS=241691.2
Step=  12580 t= 6.811e-06 dt= 5.797e-10 cfl=0.12 WC=1529.0 WCtFT=50986.3 WCtMS=241557.3
Step=  12600 t= 6.822e-06 dt= 5.788e-10 cfl=0.12 WC=1530.6 WCtFT=51037.1 WCtMS=241420.8
Step=  12620 t= 6.834e-06 dt= 5.783e-10 cfl=0.12 WC=1532.2 WCtFT=51052.1 WCtMS=241287.9
Step=  12640 t= 6.845e-06 dt= 5.782e-10 cfl=0.12 WC=1533.8 WCtFT=51030.7 WCtMS=241152.8
Step=  12660 t= 6.857e-06 dt= 5.785e-10 cfl=0.12 WC=1535.4 WCtFT=50974.2 WCtMS=241020.4
Step=  12680 t= 6.869e-06 dt= 5.792e-10 cfl=0.12 WC=1537.0 WCtFT=50883.2 WCtMS=240888.7
Step=  12700 t= 6.880e-06 dt= 5.803e-10 cfl=0.12 WC=1538.6 WCtFT=50758.4 WCtMS=240754.2
Step=  12720 t= 6.892e-06 dt= 5.804e-10 cfl=0.12 WC=1540.2 WCtFT=50716.5 WCtMS=240622.6
Step=  12740 t= 6.903e-06 dt= 5.791e-10 cfl=0.12 WC=1541.8 WCtFT=50804.0 WCtMS=240491.4
Step=  12760 t= 6.915e-06 dt= 5.782e-10 cfl=0.12 WC=1543.3 WCtFT=50853.6 WCtMS=240358.1
Step=  12780 t= 6.927e-06 dt= 5.777e-10 cfl=0.12 WC=1544.9 WCtFT=50866.9 WCtMS=240227.8
Step=  12800 t= 6.938e-06 dt= 5.776e-10 cfl=0.12 WC=1546.5 WCtFT=50844.0 WCtMS=240095.4
Step=  12820 t= 6.950e-06 dt= 5.779e-10 cfl=0.12 WC=1548.1 WCtFT=50787.7 WCtMS=239965.8
Step=  12840 t= 6.961e-06 dt= 5.786e-10 cfl=0.12 WC=1549.7 WCtFT=50700.9 WCtMS=239836.7
Step=  12860 t= 6.973e-06 dt= 5.792e-10 cfl=0.12 WC=1551.3 WCtFT=50617.7 WCtMS=239705.3
Step=  12880 t= 6.984e-06 dt= 5.792e-10 cfl=0.12 WC=1552.9 WCtFT=50583.7 WCtMS=239576.8
Step=  12900 t= 6.996e-06 dt= 5.797e-10 cfl=0.12 WC=1554.5 WCtFT=50510.3 WCtMS=239448.6
Write flow solution.
Step=  12920 t= 7.008e-06 dt= 5.807e-10 cfl=0.12 WC=1556.2 WCtFT=50404.0 WCtMS=239342.6
Step=  12940 t= 7.019e-06 dt= 5.802e-10 cfl=0.12 WC=1557.8 WCtFT=50413.5 WCtMS=239215.2
Step=  12960 t= 7.031e-06 dt= 5.790e-10 cfl=0.12 WC=1559.4 WCtFT=50494.9 WCtMS=239088.1
Step=  12980 t= 7.042e-06 dt= 5.782e-10 cfl=0.12 WC=1561.0 WCtFT=50530.6 WCtMS=238958.7
Step=  13000 t= 7.054e-06 dt= 5.780e-10 cfl=0.12 WC=1562.6 WCtFT=50525.9 WCtMS=238832.8
***
*** Writing a snapshot: step= 13000, t= 7.054e-06
***
Step=  13020 t= 7.065e-06 dt= 5.781e-10 cfl=0.12 WC=1564.3 WCtFT=50487.7 WCtMS=238728.8
Step=  13040 t= 7.077e-06 dt= 5.787e-10 cfl=0.12 WC=1565.9 WCtFT=50411.0 WCtMS=238603.4
Step=  13060 t= 7.089e-06 dt= 5.796e-10 cfl=0.12 WC=1567.5 WCtFT=50298.8 WCtMS=238479.4
Step=  13080 t= 7.100e-06 dt= 5.810e-10 cfl=0.12 WC=1569.1 WCtFT=50150.4 WCtMS=238352.2
Step=  13100 t= 7.112e-06 dt= 5.815e-10 cfl=0.12 WC=1570.7 WCtFT=50083.2 WCtMS=238227.8
Step=  13120 t= 7.123e-06 dt= 5.809e-10 cfl=0.12 WC=1572.3 WCtFT=50104.2 WCtMS=238103.9
Step=  13140 t= 7.135e-06 dt= 5.808e-10 cfl=0.12 WC=1573.9 WCtFT=50083.6 WCtMS=237978.0
Step=  13160 t= 7.147e-06 dt= 5.798e-10 cfl=0.12 WC=1575.5 WCtFT=50145.7 WCtMS=237854.9
Step=  13180 t= 7.158e-06 dt= 5.789e-10 cfl=0.12 WC=1577.1 WCtFT=50191.0 WCtMS=237732.8
Step=  13200 t= 7.170e-06 dt= 5.786e-10 cfl=0.12 WC=1578.6 WCtFT=50192.3 WCtMS=237607.9
Step=  13220 t= 7.181e-06 dt= 5.787e-10 cfl=0.12 WC=1580.2 WCtFT=50153.7 WCtMS=237486.0
Step=  13240 t= 7.193e-06 dt= 5.793e-10 cfl=0.12 WC=1581.8 WCtFT=50074.6 WCtMS=237361.8
Step=  13260 t= 7.205e-06 dt= 5.803e-10 cfl=0.12 WC=1583.4 WCtFT=49957.5 WCtMS=237240.7
Step=  13280 t= 7.216e-06 dt= 5.818e-10 cfl=0.12 WC=1585.0 WCtFT=49803.6 WCtMS=237120.0
Step=  13300 t= 7.228e-06 dt= 5.802e-10 cfl=0.12 WC=1586.6 WCtFT=49913.3 WCtMS=236996.1
Step=  13320 t= 7.239e-06 dt= 5.789e-10 cfl=0.12 WC=1588.2 WCtFT=49996.2 WCtMS=236876.2
Write flow solution.
Step=  13340 t= 7.251e-06 dt= 5.781e-10 cfl=0.12 WC=1589.9 WCtFT=50043.4 WCtMS=236780.2
Step=  13360 t= 7.263e-06 dt= 5.778e-10 cfl=0.12 WC=1591.5 WCtFT=50045.7 WCtMS=236658.2
Step=  13380 t= 7.274e-06 dt= 5.779e-10 cfl=0.12 WC=1593.1 WCtFT=50010.3 WCtMS=236539.3
Step=  13400 t= 7.286e-06 dt= 5.784e-10 cfl=0.12 WC=1594.7 WCtFT=49938.1 WCtMS=236420.7
Step=  13420 t= 7.297e-06 dt= 5.793e-10 cfl=0.12 WC=1596.3 WCtFT=49830.9 WCtMS=236299.7
Step=  13440 t= 7.309e-06 dt= 5.800e-10 cfl=0.12 WC=1597.9 WCtFT=49750.1 WCtMS=236181.9
Step=  13460 t= 7.320e-06 dt= 5.801e-10 cfl=0.12 WC=1599.5 WCtFT=49712.6 WCtMS=236061.2
Step=  13480 t= 7.332e-06 dt= 5.807e-10 cfl=0.12 WC=1601.1 WCtFT=49634.7 WCtMS=235943.9
Step=  13500 t= 7.344e-06 dt= 5.796e-10 cfl=0.12 WC=1602.6 WCtFT=49697.0 WCtMS=235826.4
Step=  13520 t= 7.355e-06 dt= 5.787e-10 cfl=0.12 WC=1604.2 WCtFT=49750.0 WCtMS=235707.0
Step=  13540 t= 7.367e-06 dt= 5.783e-10 cfl=0.12 WC=1605.8 WCtFT=49762.1 WCtMS=235591.2
Step=  13560 t= 7.378e-06 dt= 5.783e-10 cfl=0.12 WC=1607.4 WCtFT=49734.2 WCtMS=235475.3
Step=  13580 t= 7.390e-06 dt= 5.788e-10 cfl=0.12 WC=1609.0 WCtFT=49666.5 WCtMS=235356.7
Step=  13600 t= 7.402e-06 dt= 5.797e-10 cfl=0.12 WC=1610.6 WCtFT=49561.9 WCtMS=235241.5
Step=  13620 t= 7.413e-06 dt= 5.810e-10 cfl=0.12 WC=1612.2 WCtFT=49422.2 WCtMS=235126.9
Step=  13640 t= 7.425e-06 dt= 5.799e-10 cfl=0.12 WC=1613.8 WCtFT=49489.2 WCtMS=235009.4
Step=  13660 t= 7.436e-06 dt= 5.787e-10 cfl=0.12 WC=1615.4 WCtFT=49571.3 WCtMS=234895.3
Step=  13680 t= 7.448e-06 dt= 5.779e-10 cfl=0.12 WC=1617.0 WCtFT=49612.2 WCtMS=234779.2
Step=  13700 t= 7.459e-06 dt= 5.775e-10 cfl=0.12 WC=1618.6 WCtFT=49614.6 WCtMS=234666.8
Step=  13720 t= 7.471e-06 dt= 5.777e-10 cfl=0.12 WC=1620.2 WCtFT=49578.9 WCtMS=234553.9
Step=  13740 t= 7.483e-06 dt= 5.782e-10 cfl=0.12 WC=1621.7 WCtFT=49507.4 WCtMS=234438.4
Step=  13760 t= 7.494e-06 dt= 5.791e-10 cfl=0.12 WC=1623.3 WCtFT=49405.2 WCtMS=234325.7
Write flow solution.
Step=  13780 t= 7.506e-06 dt= 5.794e-10 cfl=0.12 WC=1625.1 WCtFT=49358.1 WCtMS=234235.2
Step=  13800 t= 7.517e-06 dt= 5.800e-10 cfl=0.12 WC=1626.7 WCtFT=49282.7 WCtMS=234120.4
Step=  13820 t= 7.529e-06 dt= 5.810e-10 cfl=0.12 WC=1628.3 WCtFT=49167.7 WCtMS=234009.1
Step=  13840 t= 7.541e-06 dt= 5.805e-10 cfl=0.12 WC=1629.8 WCtFT=49183.3 WCtMS=233895.0
Step=  13860 t= 7.552e-06 dt= 5.792e-10 cfl=0.12 WC=1631.4 WCtFT=49275.3 WCtMS=233783.9
Step=  13880 t= 7.564e-06 dt= 5.783e-10 cfl=0.12 WC=1633.0 WCtFT=49321.0 WCtMS=233673.0
Step=  13900 t= 7.575e-06 dt= 5.780e-10 cfl=0.12 WC=1634.6 WCtFT=49322.9 WCtMS=233559.6
Step=  13920 t= 7.587e-06 dt= 5.781e-10 cfl=0.12 WC=1636.2 WCtFT=49287.1 WCtMS=233449.4
Step=  13940 t= 7.598e-06 dt= 5.787e-10 cfl=0.12 WC=1637.8 WCtFT=49211.6 WCtMS=233339.4
Step=  13960 t= 7.610e-06 dt= 5.798e-10 cfl=0.12 WC=1639.4 WCtFT=49095.2 WCtMS=233227.7
Step=  13980 t= 7.622e-06 dt= 5.813e-10 cfl=0.12 WC=1641.0 WCtFT=48942.1 WCtMS=233119.5
Step=  14000 t= 7.633e-06 dt= 5.811e-10 cfl=0.12 WC=1642.6 WCtFT=48933.5 WCtMS=233010.7
***
*** Writing a snapshot: step= 14000, t= 7.633e-06
***
Step=  14020 t= 7.645e-06 dt= 5.810e-10 cfl=0.12 WC=1644.3 WCtFT=48922.5 WCtMS=232922.0
Step=  14040 t= 7.656e-06 dt= 5.804e-10 cfl=0.12 WC=1645.9 WCtFT=48950.3 WCtMS=232813.1
Step=  14060 t= 7.668e-06 dt= 5.793e-10 cfl=0.12 WC=1647.5 WCtFT=49016.1 WCtMS=232702.0
Step=  14080 t= 7.680e-06 dt= 5.788e-10 cfl=0.12 WC=1649.1 WCtFT=49037.1 WCtMS=232594.1
Step=  14100 t= 7.691e-06 dt= 5.787e-10 cfl=0.12 WC=1650.7 WCtFT=49015.3 WCtMS=232486.5
Step=  14120 t= 7.703e-06 dt= 5.792e-10 cfl=0.12 WC=1652.2 WCtFT=48950.1 WCtMS=232376.7
Step=  14140 t= 7.714e-06 dt= 5.802e-10 cfl=0.12 WC=1653.8 WCtFT=48843.1 WCtMS=232269.6
Step=  14160 t= 7.726e-06 dt= 5.817e-10 cfl=0.12 WC=1655.4 WCtFT=48694.4 WCtMS=232162.8
Step=  14180 t= 7.738e-06 dt= 5.807e-10 cfl=0.12 WC=1657.0 WCtFT=48751.1 WCtMS=232053.6
Step=  14200 t= 7.749e-06 dt= 5.792e-10 cfl=0.12 WC=1658.6 WCtFT=48853.8 WCtMS=231947.7
Write flow solution.
Step=  14220 t= 7.761e-06 dt= 5.782e-10 cfl=0.12 WC=1660.4 WCtFT=48916.3 WCtMS=231863.6
Step=  14240 t= 7.772e-06 dt= 5.778e-10 cfl=0.12 WC=1661.9 WCtFT=48930.2 WCtMS=231755.3
Step=  14260 t= 7.784e-06 dt= 5.778e-10 cfl=0.12 WC=1663.5 WCtFT=48901.5 WCtMS=231650.8
Step=  14280 t= 7.795e-06 dt= 5.784e-10 cfl=0.12 WC=1665.1 WCtFT=48829.5 WCtMS=231543.0
Step=  14300 t= 7.807e-06 dt= 5.794e-10 cfl=0.12 WC=1666.7 WCtFT=48717.2 WCtMS=231438.1
Step=  14320 t= 7.819e-06 dt= 5.802e-10 cfl=0.12 WC=1668.3 WCtFT=48630.8 WCtMS=231333.0
Step=  14340 t= 7.830e-06 dt= 5.808e-10 cfl=0.12 WC=1669.9 WCtFT=48557.5 WCtMS=231226.4
Step=  14360 t= 7.842e-06 dt= 5.800e-10 cfl=0.12 WC=1671.5 WCtFT=48597.0 WCtMS=231122.3
Step=  14380 t= 7.853e-06 dt= 5.789e-10 cfl=0.12 WC=1673.1 WCtFT=48670.0 WCtMS=231018.3
Step=  14400 t= 7.865e-06 dt= 5.783e-10 cfl=0.12 WC=1674.6 WCtFT=48692.9 WCtMS=230912.0
Step=  14420 t= 7.877e-06 dt= 5.783e-10 cfl=0.12 WC=1676.2 WCtFT=48669.3 WCtMS=230808.9
Step=  14440 t= 7.888e-06 dt= 5.788e-10 cfl=0.12 WC=1677.8 WCtFT=48600.3 WCtMS=230705.8
Step=  14460 t= 7.900e-06 dt= 5.799e-10 cfl=0.12 WC=1679.4 WCtFT=48487.9 WCtMS=230600.4
Step=  14480 t= 7.911e-06 dt= 5.812e-10 cfl=0.12 WC=1681.0 WCtFT=48355.5 WCtMS=230498.3
Step=  14500 t= 7.923e-06 dt= 5.794e-10 cfl=0.12 WC=1682.5 WCtFT=48478.9 WCtMS=230393.2
Step=  14520 t= 7.935e-06 dt= 5.782e-10 cfl=0.12 WC=1684.1 WCtFT=48554.8 WCtMS=230290.7
Step=  14540 t= 7.946e-06 dt= 5.776e-10 cfl=0.12 WC=1685.7 WCtFT=48584.8 WCtMS=230188.8
Step=  14560 t= 7.958e-06 dt= 5.775e-10 cfl=0.12 WC=1687.3 WCtFT=48571.4 WCtMS=230084.8
Step=  14580 t= 7.969e-06 dt= 5.778e-10 cfl=0.12 WC=1688.9 WCtFT=48518.1 WCtMS=229983.7
Step=  14600 t= 7.981e-06 dt= 5.787e-10 cfl=0.12 WC=1690.5 WCtFT=48427.0 WCtMS=229882.4
Step=  14620 t= 7.992e-06 dt= 5.794e-10 cfl=0.12 WC=1692.1 WCtFT=48339.3 WCtMS=229778.8
Write flow solution.
Step=  14640 t= 8.004e-06 dt= 5.802e-10 cfl=0.12 WC=1693.8 WCtFT=48257.9 WCtMS=229699.1
Step=  14660 t= 8.016e-06 dt= 5.815e-10 cfl=0.12 WC=1695.4 WCtFT=48122.5 WCtMS=229597.0
Step=  14680 t= 8.027e-06 dt= 5.802e-10 cfl=0.12 WC=1697.0 WCtFT=48209.0 WCtMS=229496.8
Step=  14700 t= 8.039e-06 dt= 5.788e-10 cfl=0.12 WC=1698.6 WCtFT=48303.5 WCtMS=229396.8
Step=  14720 t= 8.050e-06 dt= 5.781e-10 cfl=0.12 WC=1700.1 WCtFT=48341.9 WCtMS=229294.8
Step=  14740 t= 8.062e-06 dt= 5.779e-10 cfl=0.12 WC=1701.7 WCtFT=48331.3 WCtMS=229195.0
Step=  14760 t= 8.073e-06 dt= 5.784e-10 cfl=0.12 WC=1703.3 WCtFT=48270.7 WCtMS=229095.2
Step=  14780 t= 8.085e-06 dt= 5.794e-10 cfl=0.12 WC=1704.9 WCtFT=48160.4 WCtMS=228993.5
Step=  14800 t= 8.097e-06 dt= 5.810e-10 cfl=0.12 WC=1706.4 WCtFT=48006.1 WCtMS=228894.4
Step=  14820 t= 8.108e-06 dt= 5.813e-10 cfl=0.12 WC=1708.0 WCtFT=47956.2 WCtMS=228795.6
Step=  14840 t= 8.120e-06 dt= 5.811e-10 cfl=0.12 WC=1709.6 WCtFT=47949.7 WCtMS=228695.0
Step=  14860 t= 8.132e-06 dt= 5.804e-10 cfl=0.12 WC=1711.2 WCtFT=47991.0 WCtMS=228596.6
Step=  14880 t= 8.143e-06 dt= 5.793e-10 cfl=0.12 WC=1712.8 WCtFT=48060.0 WCtMS=228498.7
Step=  14900 t= 8.155e-06 dt= 5.788e-10 cfl=0.12 WC=1714.3 WCtFT=48077.5 WCtMS=228398.4
Step=  14920 t= 8.166e-06 dt= 5.789e-10 cfl=0.12 WC=1715.9 WCtFT=48046.0 WCtMS=228300.8
Step=  14940 t= 8.178e-06 dt= 5.796e-10 cfl=0.12 WC=1717.5 WCtFT=47965.5 WCtMS=228201.0
Step=  14960 t= 8.189e-06 dt= 5.809e-10 cfl=0.12 WC=1719.1 WCtFT=47837.9 WCtMS=228104.1
Step=  14980 t= 8.201e-06 dt= 5.817e-10 cfl=0.12 WC=1720.7 WCtFT=47746.9 WCtMS=228007.8
Step=  15000 t= 8.213e-06 dt= 5.799e-10 cfl=0.12 WC=1722.2 WCtFT=47875.6 WCtMS=227909.1
***
*** Writing a snapshot: step= 15000, t= 8.213e-06
***
Step=  15020 t= 8.224e-06 dt= 5.786e-10 cfl=0.12 WC=1724.0 WCtFT=47961.8 WCtMS=227833.7
Step=  15040 t= 8.236e-06 dt= 5.779e-10 cfl=0.12 WC=1725.6 WCtFT=47997.4 WCtMS=227737.9
Step=  15060 t= 8.247e-06 dt= 5.778e-10 cfl=0.12 WC=1727.1 WCtFT=47987.4 WCtMS=227639.5
Write flow solution.
Step=  15080 t= 8.259e-06 dt= 5.781e-10 cfl=0.12 WC=1728.9 WCtFT=47937.5 WCtMS=227565.2
Step=  15100 t= 8.271e-06 dt= 5.791e-10 cfl=0.12 WC=1730.4 WCtFT=47839.5 WCtMS=227467.3
Step=  15120 t= 8.282e-06 dt= 5.803e-10 cfl=0.12 WC=1732.0 WCtFT=47715.5 WCtMS=227372.1
Step=  15140 t= 8.294e-06 dt= 5.809e-10 cfl=0.12 WC=1733.6 WCtFT=47643.9 WCtMS=227277.0
Step=  15160 t= 8.305e-06 dt= 5.801e-10 cfl=0.12 WC=1735.2 WCtFT=47686.6 WCtMS=227180.0
Step=  15180 t= 8.317e-06 dt= 5.788e-10 cfl=0.12 WC=1736.8 WCtFT=47770.6 WCtMS=227085.8
Step=  15200 t= 8.329e-06 dt= 5.783e-10 cfl=0.12 WC=1738.3 WCtFT=47793.4 WCtMS=226991.9
Step=  15220 t= 8.340e-06 dt= 5.784e-10 cfl=0.12 WC=1739.9 WCtFT=47766.2 WCtMS=226895.6
Step=  15240 t= 8.352e-06 dt= 5.790e-10 cfl=0.12 WC=1741.5 WCtFT=47692.1 WCtMS=226801.9
Step=  15260 t= 8.363e-06 dt= 5.802e-10 cfl=0.12 WC=1743.1 WCtFT=47572.9 WCtMS=226708.7
Step=  15280 t= 8.375e-06 dt= 5.811e-10 cfl=0.12 WC=1744.7 WCtFT=47479.7 WCtMS=226613.1
Step=  15300 t= 8.386e-06 dt= 5.792e-10 cfl=0.12 WC=1746.2 WCtFT=47609.3 WCtMS=226519.9
Step=  15320 t= 8.398e-06 dt= 5.780e-10 cfl=0.12 WC=1747.8 WCtFT=47684.6 WCtMS=226424.7
Step=  15340 t= 8.410e-06 dt= 5.775e-10 cfl=0.12 WC=1749.4 WCtFT=47709.2 WCtMS=226332.1
Step=  15360 t= 8.421e-06 dt= 5.775e-10 cfl=0.12 WC=1751.0 WCtFT=47686.8 WCtMS=226239.3
Step=  15380 t= 8.433e-06 dt= 5.780e-10 cfl=0.12 WC=1752.5 WCtFT=47620.8 WCtMS=226144.2
Step=  15400 t= 8.444e-06 dt= 5.790e-10 cfl=0.12 WC=1754.1 WCtFT=47517.2 WCtMS=226051.9
Step=  15420 t= 8.456e-06 dt= 5.797e-10 cfl=0.12 WC=1755.7 WCtFT=47438.3 WCtMS=225959.6
Step=  15440 t= 8.467e-06 dt= 5.805e-10 cfl=0.12 WC=1757.3 WCtFT=47352.7 WCtMS=225865.9
Step=  15460 t= 8.479e-06 dt= 5.819e-10 cfl=0.12 WC=1758.8 WCtFT=47220.3 WCtMS=225774.7
Step=  15480 t= 8.491e-06 dt= 5.801e-10 cfl=0.12 WC=1760.4 WCtFT=47348.7 WCtMS=225683.3
Write flow solution.
Step=  15500 t= 8.502e-06 dt= 5.788e-10 cfl=0.12 WC=1762.1 WCtFT=47431.6 WCtMS=225610.1
Step=  15520 t= 8.514e-06 dt= 5.782e-10 cfl=0.12 WC=1763.7 WCtFT=47462.1 WCtMS=225519.1
Step=  15540 t= 8.525e-06 dt= 5.781e-10 cfl=0.12 WC=1765.3 WCtFT=47448.9 WCtMS=225426.4
Step=  15560 t= 8.537e-06 dt= 5.786e-10 cfl=0.12 WC=1766.9 WCtFT=47390.7 WCtMS=225335.6
Step=  15580 t= 8.549e-06 dt= 5.795e-10 cfl=0.12 WC=1768.4 WCtFT=47289.9 WCtMS=225245.3
Step=  15600 t= 8.560e-06 dt= 5.810e-10 cfl=0.12 WC=1770.0 WCtFT=47148.4 WCtMS=225152.7
Step=  15620 t= 8.572e-06 dt= 5.815e-10 cfl=0.12 WC=1771.6 WCtFT=47092.4 WCtMS=225062.9
Step=  15640 t= 8.583e-06 dt= 5.815e-10 cfl=0.12 WC=1773.2 WCtFT=47067.4 WCtMS=224973.3
Step=  15660 t= 8.595e-06 dt= 5.804e-10 cfl=0.12 WC=1774.7 WCtFT=47137.1 WCtMS=224881.5
Step=  15680 t= 8.607e-06 dt= 5.794e-10 cfl=0.12 WC=1776.3 WCtFT=47199.6 WCtMS=224792.3
Step=  15700 t= 8.618e-06 dt= 5.790e-10 cfl=0.12 WC=1777.9 WCtFT=47213.0 WCtMS=224703.1
Step=  15720 t= 8.630e-06 dt= 5.791e-10 cfl=0.12 WC=1779.4 WCtFT=47178.5 WCtMS=224611.4
Step=  15740 t= 8.641e-06 dt= 5.798e-10 cfl=0.12 WC=1781.0 WCtFT=47099.7 WCtMS=224522.3
Step=  15760 t= 8.653e-06 dt= 5.811e-10 cfl=0.12 WC=1782.6 WCtFT=46977.7 WCtMS=224431.5
Step=  15780 t= 8.665e-06 dt= 5.823e-10 cfl=0.12 WC=1784.1 WCtFT=46859.1 WCtMS=224343.2
Step=  15800 t= 8.676e-06 dt= 5.803e-10 cfl=0.12 WC=1785.7 WCtFT=47002.2 WCtMS=224255.3
Step=  15820 t= 8.688e-06 dt= 5.789e-10 cfl=0.12 WC=1787.3 WCtFT=47095.2 WCtMS=224164.8
Step=  15840 t= 8.699e-06 dt= 5.781e-10 cfl=0.12 WC=1788.9 WCtFT=47140.8 WCtMS=224077.1
Step=  15860 t= 8.711e-06 dt= 5.778e-10 cfl=0.12 WC=1790.4 WCtFT=47140.9 WCtMS=223989.4
Step=  15880 t= 8.723e-06 dt= 5.781e-10 cfl=0.12 WC=1792.0 WCtFT=47097.4 WCtMS=223899.8
Step=  15900 t= 8.734e-06 dt= 5.789e-10 cfl=0.12 WC=1793.6 WCtFT=47014.6 WCtMS=223812.6
Step=  15920 t= 8.746e-06 dt= 5.801e-10 cfl=0.12 WC=1795.1 WCtFT=46895.8 WCtMS=223725.5
Write flow solution.
Step=  15940 t= 8.757e-06 dt= 5.808e-10 cfl=0.12 WC=1796.9 WCtFT=46822.5 WCtMS=223656.2
Step=  15960 t= 8.769e-06 dt= 5.816e-10 cfl=0.12 WC=1798.4 WCtFT=46740.6 WCtMS=223569.2
Step=  15980 t= 8.781e-06 dt= 5.805e-10 cfl=0.12 WC=1800.0 WCtFT=46807.1 WCtMS=223480.1
Step=  16000 t= 8.792e-06 dt= 5.792e-10 cfl=0.12 WC=1801.6 WCtFT=46888.7 WCtMS=223393.7
***
*** Writing a snapshot: step= 16000, t= 8.792e-06
***
Step=  16020 t= 8.804e-06 dt= 5.779e-10 cfl=0.12 WC=1803.3 WCtFT=46980.4 WCtMS=223327.0
Step=  16040 t= 8.815e-06 dt= 5.783e-10 cfl=0.12 WC=1804.8 WCtFT=46930.6 WCtMS=223238.8
Step=  16060 t= 8.827e-06 dt= 5.791e-10 cfl=0.12 WC=1806.4 WCtFT=46843.6 WCtMS=223153.2
Step=  16080 t= 8.838e-06 dt= 5.803e-10 cfl=0.12 WC=1808.0 WCtFT=46729.2 WCtMS=223067.5
Step=  16100 t= 8.850e-06 dt= 5.818e-10 cfl=0.12 WC=1809.6 WCtFT=46584.2 WCtMS=222979.6
Step=  16120 t= 8.862e-06 dt= 5.800e-10 cfl=0.12 WC=1811.1 WCtFT=46708.3 WCtMS=222894.6
Step=  16140 t= 8.873e-06 dt= 5.787e-10 cfl=0.12 WC=1812.7 WCtFT=46795.8 WCtMS=222809.8
Step=  16160 t= 8.885e-06 dt= 5.779e-10 cfl=0.12 WC=1814.3 WCtFT=46842.1 WCtMS=222723.0
Step=  16180 t= 8.896e-06 dt= 5.776e-10 cfl=0.12 WC=1815.8 WCtFT=46849.6 WCtMS=222638.2
Step=  16200 t= 8.908e-06 dt= 5.777e-10 cfl=0.12 WC=1817.4 WCtFT=46818.7 WCtMS=222551.4
Step=  16220 t= 8.919e-06 dt= 5.783e-10 cfl=0.12 WC=1819.0 WCtFT=46752.5 WCtMS=222467.2
Step=  16240 t= 8.931e-06 dt= 5.793e-10 cfl=0.12 WC=1820.5 WCtFT=46654.0 WCtMS=222383.6
Step=  16260 t= 8.943e-06 dt= 5.806e-10 cfl=0.12 WC=1822.1 WCtFT=46524.5 WCtMS=222297.8
Step=  16280 t= 8.954e-06 dt= 5.818e-10 cfl=0.12 WC=1823.7 WCtFT=46411.7 WCtMS=222214.2
Step=  16300 t= 8.966e-06 dt= 5.813e-10 cfl=0.12 WC=1825.2 WCtFT=46429.8 WCtMS=222130.8
Step=  16320 t= 8.978e-06 dt= 5.797e-10 cfl=0.12 WC=1826.8 WCtFT=46537.6 WCtMS=222045.0
Step=  16340 t= 8.989e-06 dt= 5.787e-10 cfl=0.12 WC=1828.4 WCtFT=46598.4 WCtMS=221961.7
Write flow solution.
Step=  16360 t= 9.001e-06 dt= 5.782e-10 cfl=0.12 WC=1830.1 WCtFT=46621.9 WCtMS=221897.4
Step=  16380 t= 9.012e-06 dt= 5.783e-10 cfl=0.12 WC=1831.6 WCtFT=46597.5 WCtMS=221812.4
Step=  16400 t= 9.024e-06 dt= 5.789e-10 cfl=0.12 WC=1833.2 WCtFT=46532.8 WCtMS=221729.7
Step=  16420 t= 9.035e-06 dt= 5.799e-10 cfl=0.12 WC=1834.8 WCtFT=46430.1 WCtMS=221645.1
Step=  16440 t= 9.047e-06 dt= 5.814e-10 cfl=0.12 WC=1836.3 WCtFT=46293.2 WCtMS=221563.2
Step=  16460 t= 9.059e-06 dt= 5.819e-10 cfl=0.12 WC=1837.9 WCtFT=46232.4 WCtMS=221481.3
Step=  16480 t= 9.070e-06 dt= 5.819e-10 cfl=0.12 WC=1839.5 WCtFT=46215.6 WCtMS=221397.2
Step=  16500 t= 9.082e-06 dt= 5.811e-10 cfl=0.12 WC=1841.0 WCtFT=46258.9 WCtMS=221315.7
Step=  16520 t= 9.094e-06 dt= 5.800e-10 cfl=0.12 WC=1842.6 WCtFT=46327.8 WCtMS=221234.4
Step=  16540 t= 9.105e-06 dt= 5.794e-10 cfl=0.12 WC=1844.2 WCtFT=46356.3 WCtMS=221151.8
Step=  16560 t= 9.117e-06 dt= 5.793e-10 cfl=0.12 WC=1845.7 WCtFT=46346.6 WCtMS=221070.6
Step=  16580 t= 9.128e-06 dt= 5.797e-10 cfl=0.12 WC=1847.3 WCtFT=46299.5 WCtMS=220989.4
Step=  16600 t= 9.140e-06 dt= 5.805e-10 cfl=0.12 WC=1848.9 WCtFT=46215.8 WCtMS=220906.2
Step=  16620 t= 9.152e-06 dt= 5.817e-10 cfl=0.12 WC=1850.4 WCtFT=46097.7 WCtMS=220825.6
Step=  16640 t= 9.163e-06 dt= 5.821e-10 cfl=0.12 WC=1852.0 WCtFT=46049.1 WCtMS=220745.1
Step=  16660 t= 9.175e-06 dt= 5.804e-10 cfl=0.12 WC=1853.6 WCtFT=46164.6 WCtMS=220662.5
Step=  16680 t= 9.186e-06 dt= 5.792e-10 cfl=0.12 WC=1855.1 WCtFT=46243.0 WCtMS=220582.3
Step=  16700 t= 9.198e-06 dt= 5.784e-10 cfl=0.12 WC=1856.7 WCtFT=46284.9 WCtMS=220500.0
Step=  16720 t= 9.210e-06 dt= 5.781e-10 cfl=0.12 WC=1858.2 WCtFT=46292.7 WCtMS=220420.2
Step=  16740 t= 9.221e-06 dt= 5.782e-10 cfl=0.12 WC=1859.8 WCtFT=46266.9 WCtMS=220340.5
Step=  16760 t= 9.233e-06 dt= 5.787e-10 cfl=0.12 WC=1861.4 WCtFT=46208.8 WCtMS=220258.7
Step=  16780 t= 9.244e-06 dt= 5.795e-10 cfl=0.12 WC=1862.9 WCtFT=46121.1 WCtMS=220179.5
Write flow solution.
Step=  16800 t= 9.256e-06 dt= 5.808e-10 cfl=0.12 WC=1864.7 WCtFT=46008.8 WCtMS=220120.1
Step=  16820 t= 9.267e-06 dt= 5.816e-10 cfl=0.12 WC=1866.2 WCtFT=45922.2 WCtMS=220039.2
Step=  16840 t= 9.279e-06 dt= 5.812e-10 cfl=0.12 WC=1867.8 WCtFT=45938.0 WCtMS=219960.1
Step=  16860 t= 9.291e-06 dt= 5.799e-10 cfl=0.12 WC=1869.4 WCtFT=46021.2 WCtMS=219881.6
Step=  16880 t= 9.302e-06 dt= 5.791e-10 cfl=0.12 WC=1870.9 WCtFT=46065.2 WCtMS=219800.7
Step=  16900 t= 9.314e-06 dt= 5.788e-10 cfl=0.12 WC=1872.5 WCtFT=46072.7 WCtMS=219722.2
Step=  16920 t= 9.325e-06 dt= 5.789e-10 cfl=0.12 WC=1874.0 WCtFT=46043.8 WCtMS=219641.9
Step=  16940 t= 9.337e-06 dt= 5.795e-10 cfl=0.12 WC=1875.6 WCtFT=45980.6 WCtMS=219563.6
Step=  16960 t= 9.349e-06 dt= 5.805e-10 cfl=0.12 WC=1877.2 WCtFT=45884.9 WCtMS=219485.8
Step=  16980 t= 9.360e-06 dt= 5.819e-10 cfl=0.12 WC=1878.7 WCtFT=45758.5 WCtMS=219406.1
Step=  17000 t= 9.372e-06 dt= 5.806e-10 cfl=0.12 WC=1880.3 WCtFT=45836.6 WCtMS=219329.0
***
*** Writing a snapshot: step= 17000, t= 9.372e-06
***
Step=  17020 t= 9.384e-06 dt= 5.792e-10 cfl=0.12 WC=1882.0 WCtFT=45935.1 WCtMS=219270.3
Step=  17040 t= 9.395e-06 dt= 5.783e-10 cfl=0.12 WC=1883.6 WCtFT=45992.6 WCtMS=219191.1
Step=  17060 t= 9.407e-06 dt= 5.778e-10 cfl=0.12 WC=1885.1 WCtFT=46014.9 WCtMS=219113.7
Step=  17080 t= 9.418e-06 dt= 5.777e-10 cfl=0.12 WC=1886.7 WCtFT=46003.4 WCtMS=219036.4
Step=  17100 t= 9.430e-06 dt= 5.780e-10 cfl=0.12 WC=1888.2 WCtFT=45959.7 WCtMS=218957.3
Step=  17120 t= 9.441e-06 dt= 5.787e-10 cfl=0.12 WC=1889.8 WCtFT=45888.5 WCtMS=218881.2
Step=  17140 t= 9.453e-06 dt= 5.797e-10 cfl=0.12 WC=1891.3 WCtFT=45791.5 WCtMS=218802.6
Step=  17160 t= 9.465e-06 dt= 5.810e-10 cfl=0.12 WC=1892.9 WCtFT=45671.2 WCtMS=218726.1
Step=  17180 t= 9.476e-06 dt= 5.820e-10 cfl=0.12 WC=1894.5 WCtFT=45574.5 WCtMS=218650.0
Step=  17200 t= 9.488e-06 dt= 5.818e-10 cfl=0.12 WC=1896.0 WCtFT=45572.7 WCtMS=218571.5
Step=  17220 t= 9.499e-06 dt= 5.803e-10 cfl=0.12 WC=1897.6 WCtFT=45672.2 WCtMS=218495.7
Write flow solution.
Step=  17240 t= 9.511e-06 dt= 5.793e-10 cfl=0.12 WC=1899.3 WCtFT=45737.1 WCtMS=218438.3
Step=  17260 t= 9.523e-06 dt= 5.787e-10 cfl=0.12 WC=1900.9 WCtFT=45766.4 WCtMS=218361.0
Step=  17280 t= 9.534e-06 dt= 5.785e-10 cfl=0.12 WC=1902.4 WCtFT=45762.5 WCtMS=218285.9
Step=  17300 t= 9.546e-06 dt= 5.787e-10 cfl=0.12 WC=1904.0 WCtFT=45726.7 WCtMS=218210.7
Step=  17320 t= 9.557e-06 dt= 5.793e-10 cfl=0.12 WC=1905.5 WCtFT=45661.0 WCtMS=218133.5
Step=  17340 t= 9.569e-06 dt= 5.803e-10 cfl=0.12 WC=1907.1 WCtFT=45568.4 WCtMS=218058.6
Step=  17360 t= 9.581e-06 dt= 5.816e-10 cfl=0.12 WC=1908.6 WCtFT=45450.1 WCtMS=217981.8
Step=  17380 t= 9.592e-06 dt= 5.824e-10 cfl=0.12 WC=1910.2 WCtFT=45371.9 WCtMS=217907.3
Step=  17400 t= 9.604e-06 dt= 5.823e-10 cfl=0.12 WC=1911.8 WCtFT=45361.5 WCtMS=217832.7
Step=  17420 t= 9.615e-06 dt= 5.821e-10 cfl=0.12 WC=1913.3 WCtFT=45360.8 WCtMS=217756.6
Step=  17440 t= 9.627e-06 dt= 5.809e-10 cfl=0.12 WC=1914.9 WCtFT=45437.3 WCtMS=217682.8
Step=  17460 t= 9.639e-06 dt= 5.801e-10 cfl=0.12 WC=1916.5 WCtFT=45481.9 WCtMS=217609.0
Step=  17480 t= 9.650e-06 dt= 5.797e-10 cfl=0.12 WC=1918.0 WCtFT=45495.8 WCtMS=217533.0
Step=  17500 t= 9.662e-06 dt= 5.797e-10 cfl=0.12 WC=1919.6 WCtFT=45479.8 WCtMS=217459.4
Step=  17520 t= 9.673e-06 dt= 5.800e-10 cfl=0.12 WC=1921.1 WCtFT=45434.3 WCtMS=217385.9
Step=  17540 t= 9.685e-06 dt= 5.807e-10 cfl=0.12 WC=1922.7 WCtFT=45359.9 WCtMS=217310.6
Step=  17560 t= 9.697e-06 dt= 5.818e-10 cfl=0.12 WC=1924.2 WCtFT=45258.5 WCtMS=217237.5
Step=  17580 t= 9.708e-06 dt= 5.832e-10 cfl=0.12 WC=1925.8 WCtFT=45131.5 WCtMS=217164.3
Step=  17600 t= 9.720e-06 dt= 5.819e-10 cfl=0.12 WC=1927.3 WCtFT=45222.1 WCtMS=217089.2
Step=  17620 t= 9.732e-06 dt= 5.804e-10 cfl=0.12 WC=1928.9 WCtFT=45315.9 WCtMS=217016.7
Step=  17640 t= 9.743e-06 dt= 5.794e-10 cfl=0.12 WC=1930.5 WCtFT=45381.7 WCtMS=216944.0
Write flow solution.
Step=  17660 t= 9.755e-06 dt= 5.787e-10 cfl=0.12 WC=1932.2 WCtFT=45423.2 WCtMS=216887.2
Step=  17680 t= 9.766e-06 dt= 5.783e-10 cfl=0.12 WC=1933.7 WCtFT=45434.2 WCtMS=216814.9
Step=  17700 t= 9.778e-06 dt= 5.783e-10 cfl=0.12 WC=1935.3 WCtFT=45418.0 WCtMS=216741.4
Step=  17720 t= 9.790e-06 dt= 5.786e-10 cfl=0.12 WC=1936.9 WCtFT=45375.9 WCtMS=216669.7
Step=  17740 t= 9.801e-06 dt= 5.793e-10 cfl=0.12 WC=1938.4 WCtFT=45308.5 WCtMS=216597.8
Step=  17760 t= 9.813e-06 dt= 5.802e-10 cfl=0.12 WC=1940.0 WCtFT=45216.4 WCtMS=216524.1
Step=  17780 t= 9.824e-06 dt= 5.815e-10 cfl=0.12 WC=1941.5 WCtFT=45101.6 WCtMS=216452.3
Step=  17800 t= 9.836e-06 dt= 5.825e-10 cfl=0.12 WC=1943.1 WCtFT=45010.4 WCtMS=216380.6
Step=  17820 t= 9.848e-06 dt= 5.811e-10 cfl=0.12 WC=1944.6 WCtFT=45102.4 WCtMS=216307.2
Step=  17840 t= 9.859e-06 dt= 5.800e-10 cfl=0.12 WC=1946.2 WCtFT=45164.8 WCtMS=216236.0
Step=  17860 t= 9.871e-06 dt= 5.794e-10 cfl=0.12 WC=1947.7 WCtFT=45198.0 WCtMS=216164.6
Step=  17880 t= 9.882e-06 dt= 5.791e-10 cfl=0.12 WC=1949.3 WCtFT=45202.2 WCtMS=216091.8
Step=  17900 t= 9.894e-06 dt= 5.792e-10 cfl=0.12 WC=1950.8 WCtFT=45179.0 WCtMS=216020.9
Step=  17920 t= 9.906e-06 dt= 5.796e-10 cfl=0.12 WC=1952.4 WCtFT=45129.0 WCtMS=215948.4
Step=  17940 t= 9.917e-06 dt= 5.804e-10 cfl=0.12 WC=1954.0 WCtFT=45054.6 WCtMS=215877.9
Step=  17960 t= 9.929e-06 dt= 5.814e-10 cfl=0.12 WC=1955.5 WCtFT=44956.9 WCtMS=215807.4
Step=  17980 t= 9.940e-06 dt= 5.817e-10 cfl=0.12 WC=1957.1 WCtFT=44922.6 WCtMS=215735.3
