Eilmer 4.0 compressible-flow simulation code.
Revision-id: fa55f461
Revision-date: Thu Apr 2 08:02:25 2026 +1000
Compiler-name: ldc2
Build-date: Paz 05 Nis 2026 22:25:26 +03
Build-flavour: fast
Profiling: omitted
Capabilities: multi-species-gas multi-temperature-gas MHD turbulence.
Parallelism: MPI-parallel, number of tasks 5
Begin simulation with command-line arguments.
  jobName: sphere
  tindxStart: 0
  maxWallClock: 432000
  verbosityLevel: 1
  threadsPerMPITask: 1
Begin init_simulation()...
Heap memory used: 283 MB, unused: 177 MB, total: 460 MB (92-92 MB per task)
Done init_simulation() at wall-clock(WC)= 0.2 sec
starting simulation time= 0
Integrate in time.
Step=     20 t= 1.586e-08 dt= 5.865e-10 cfl=0.20 WC=0.8 WCtFT=16580.7 WCtMS=77799.2
Step=     40 t= 2.764e-08 dt= 5.895e-10 cfl=0.12 WC=1.5 WCtFT=15785.8 WCtMS=74448.5
Step=     60 t= 3.934e-08 dt= 5.821e-10 cfl=0.12 WC=2.2 WCtFT=15987.5 WCtMS=74464.4
Step=     80 t= 5.078e-08 dt= 5.673e-10 cfl=0.12 WC=3.0 WCtFT=16356.0 WCtMS=74247.0
Step=    100 t= 6.181e-08 dt= 5.468e-10 cfl=0.12 WC=3.7 WCtFT=16909.3 WCtMS=73976.3
Step=    120 t= 7.251e-08 dt= 5.315e-10 cfl=0.12 WC=4.5 WCtFT=17515.1 WCtMS=74495.5
Step=    140 t= 8.299e-08 dt= 5.214e-10 cfl=0.12 WC=5.2 WCtFT=17776.0 WCtMS=74166.2
Step=    160 t= 9.333e-08 dt= 5.162e-10 cfl=0.12 WC=5.9 WCtFT=17929.6 WCtMS=74069.1
Step=    180 t= 1.035e-07 dt= 5.061e-10 cfl=0.12 WC=6.7 WCtFT=18249.7 WCtMS=73915.6
Step=    200 t= 1.135e-07 dt= 4.978e-10 cfl=0.12 WC=7.4 WCtFT=18503.9 WCtMS=73722.6
Step=    220 t= 1.234e-07 dt= 4.933e-10 cfl=0.12 WC=8.1 WCtFT=18636.7 WCtMS=73573.7
Step=    240 t= 1.332e-07 dt= 4.919e-10 cfl=0.12 WC=8.8 WCtFT=18650.6 WCtMS=73424.5
Step=    260 t= 1.431e-07 dt= 4.903e-10 cfl=0.12 WC=9.5 WCtFT=18695.1 WCtMS=73359.7
Step=    280 t= 1.528e-07 dt= 4.876e-10 cfl=0.12 WC=10.2 WCtFT=18739.1 WCtMS=73125.5
Step=    300 t= 1.626e-07 dt= 4.867e-10 cfl=0.12 WC=11.0 WCtFT=18747.5 WCtMS=73029.0
Step=    320 t= 1.723e-07 dt= 4.872e-10 cfl=0.12 WC=11.7 WCtFT=18708.9 WCtMS=72957.1
Step=    340 t= 1.820e-07 dt= 4.876e-10 cfl=0.12 WC=12.4 WCtFT=18680.1 WCtMS=72911.1
Step=    360 t= 1.918e-07 dt= 4.873e-10 cfl=0.12 WC=13.1 WCtFT=18682.8 WCtMS=72881.3
Step=    380 t= 2.015e-07 dt= 4.879e-10 cfl=0.12 WC=13.8 WCtFT=18650.2 WCtMS=72833.5
Step=    400 t= 2.113e-07 dt= 4.889e-10 cfl=0.12 WC=14.6 WCtFT=18605.8 WCtMS=72820.4
Step=    420 t= 2.211e-07 dt= 4.896e-10 cfl=0.12 WC=15.3 WCtFT=18575.1 WCtMS=72803.8
Step=    440 t= 2.309e-07 dt= 4.901e-10 cfl=0.12 WC=16.0 WCtFT=18550.6 WCtMS=72784.0
Step=    460 t= 2.407e-07 dt= 4.908e-10 cfl=0.12 WC=16.7 WCtFT=18521.0 WCtMS=72774.6
Write flow solution.
Step=    480 t= 2.506e-07 dt= 4.916e-10 cfl=0.12 WC=17.6 WCtFT=18587.6 WCtMS=73153.3
Step=    500 t= 2.604e-07 dt= 4.919e-10 cfl=0.12 WC=18.3 WCtFT=18553.6 WCtMS=73073.7
Step=    520 t= 2.702e-07 dt= 4.922e-10 cfl=0.12 WC=19.0 WCtFT=18545.6 WCtMS=73088.7
Step=    540 t= 2.801e-07 dt= 4.925e-10 cfl=0.12 WC=19.7 WCtFT=18528.5 WCtMS=73065.5
Step=    560 t= 2.899e-07 dt= 4.927e-10 cfl=0.12 WC=20.5 WCtFT=18516.5 WCtMS=73043.8
Step=    580 t= 2.998e-07 dt= 4.927e-10 cfl=0.12 WC=21.2 WCtFT=18509.2 WCtMS=73020.2
Step=    600 t= 3.096e-07 dt= 4.926e-10 cfl=0.12 WC=21.9 WCtFT=18505.3 WCtMS=72998.1
Step=    620 t= 3.195e-07 dt= 4.927e-10 cfl=0.12 WC=22.6 WCtFT=18501.0 WCtMS=72990.3
Step=    640 t= 3.293e-07 dt= 4.927e-10 cfl=0.12 WC=23.4 WCtFT=18499.1 WCtMS=72982.9
Step=    660 t= 3.392e-07 dt= 4.925e-10 cfl=0.12 WC=24.1 WCtFT=18500.9 WCtMS=72975.9
Step=    680 t= 3.490e-07 dt= 4.925e-10 cfl=0.12 WC=24.8 WCtFT=18500.1 WCtMS=72966.4
Step=    700 t= 3.589e-07 dt= 4.925e-10 cfl=0.12 WC=25.6 WCtFT=18509.0 WCtMS=73008.7
Step=    720 t= 3.687e-07 dt= 4.926e-10 cfl=0.12 WC=26.3 WCtFT=18509.5 WCtMS=73029.3
Step=    740 t= 3.786e-07 dt= 4.928e-10 cfl=0.12 WC=27.0 WCtFT=18510.5 WCtMS=73056.7
Step=    760 t= 3.885e-07 dt= 4.928e-10 cfl=0.12 WC=27.8 WCtFT=18510.8 WCtMS=73069.6
Step=    780 t= 3.983e-07 dt= 4.929e-10 cfl=0.12 WC=28.5 WCtFT=18512.4 WCtMS=73084.3
Step=    800 t= 4.082e-07 dt= 4.930e-10 cfl=0.12 WC=29.3 WCtFT=18515.2 WCtMS=73110.7
Step=    820 t= 4.180e-07 dt= 4.931e-10 cfl=0.12 WC=30.0 WCtFT=18514.7 WCtMS=73126.1
Step=    840 t= 4.279e-07 dt= 4.932e-10 cfl=0.12 WC=30.7 WCtFT=18504.2 WCtMS=73097.9
Step=    860 t= 4.378e-07 dt= 4.933e-10 cfl=0.12 WC=31.5 WCtFT=18504.4 WCtMS=73124.4
Step=    880 t= 4.476e-07 dt= 4.934e-10 cfl=0.12 WC=32.2 WCtFT=18508.0 WCtMS=73147.3
Step=    900 t= 4.575e-07 dt= 4.935e-10 cfl=0.12 WC=32.9 WCtFT=18510.6 WCtMS=73180.4
Step=    920 t= 4.674e-07 dt= 4.936e-10 cfl=0.12 WC=33.7 WCtFT=18515.4 WCtMS=73209.8
Step=    940 t= 4.772e-07 dt= 4.935e-10 cfl=0.12 WC=34.4 WCtFT=18525.9 WCtMS=73240.0
Step=    960 t= 4.871e-07 dt= 4.934e-10 cfl=0.12 WC=35.2 WCtFT=18535.7 WCtMS=73271.1
Step=    980 t= 4.970e-07 dt= 4.933e-10 cfl=0.12 WC=35.9 WCtFT=18547.8 WCtMS=73313.0
Write flow solution.
Step=   1000 t= 5.068e-07 dt= 4.932e-10 cfl=0.12 WC=36.8 WCtFT=18613.4 WCtMS=73555.2
***
*** Writing a snapshot: step= 1000, t= 5.068e-07
***
Step=   1020 t= 5.167e-07 dt= 4.931e-10 cfl=0.12 WC=37.7 WCtFT=18677.1 WCtMS=73799.6
Step=   1040 t= 5.266e-07 dt= 4.931e-10 cfl=0.12 WC=38.4 WCtFT=18689.1 WCtMS=73834.7
Step=   1060 t= 5.364e-07 dt= 4.928e-10 cfl=0.12 WC=39.2 WCtFT=18704.7 WCtMS=73868.4
Step=   1080 t= 5.463e-07 dt= 4.926e-10 cfl=0.12 WC=39.9 WCtFT=18721.8 WCtMS=73902.7
Step=   1100 t= 5.561e-07 dt= 4.923e-10 cfl=0.12 WC=40.7 WCtFT=18741.4 WCtMS=73941.1
Step=   1120 t= 5.660e-07 dt= 4.922e-10 cfl=0.12 WC=41.5 WCtFT=18759.3 WCtMS=73985.3
Step=   1140 t= 5.758e-07 dt= 4.919e-10 cfl=0.12 WC=42.2 WCtFT=18776.8 WCtMS=74024.4
Step=   1160 t= 5.856e-07 dt= 4.916e-10 cfl=0.12 WC=43.0 WCtFT=18801.5 WCtMS=74070.8
Step=   1180 t= 5.955e-07 dt= 4.913e-10 cfl=0.12 WC=43.7 WCtFT=18817.4 WCtMS=74088.5
Step=   1200 t= 6.053e-07 dt= 4.909e-10 cfl=0.12 WC=44.5 WCtFT=18842.8 WCtMS=74138.8
Step=   1220 t= 6.151e-07 dt= 4.906e-10 cfl=0.12 WC=45.3 WCtFT=18866.7 WCtMS=74184.2
Step=   1240 t= 6.249e-07 dt= 4.903e-10 cfl=0.12 WC=46.1 WCtFT=18890.8 WCtMS=74233.0
Step=   1260 t= 6.347e-07 dt= 4.900e-10 cfl=0.12 WC=46.8 WCtFT=18915.1 WCtMS=74281.7
Step=   1280 t= 6.445e-07 dt= 4.896e-10 cfl=0.12 WC=47.6 WCtFT=18944.0 WCtMS=74336.8
Step=   1300 t= 6.543e-07 dt= 4.892e-10 cfl=0.12 WC=48.4 WCtFT=18970.7 WCtMS=74385.5
Step=   1320 t= 6.641e-07 dt= 4.888e-10 cfl=0.12 WC=49.2 WCtFT=18999.2 WCtMS=74437.2
Step=   1340 t= 6.738e-07 dt= 4.884e-10 cfl=0.12 WC=49.9 WCtFT=19026.3 WCtMS=74487.4
Step=   1360 t= 6.836e-07 dt= 4.880e-10 cfl=0.12 WC=50.7 WCtFT=19054.7 WCtMS=74540.5
Step=   1380 t= 6.934e-07 dt= 4.876e-10 cfl=0.12 WC=51.5 WCtFT=19084.1 WCtMS=74594.9
Step=   1400 t= 7.031e-07 dt= 4.871e-10 cfl=0.12 WC=52.3 WCtFT=19113.8 WCtMS=74647.7
Step=   1420 t= 7.128e-07 dt= 4.867e-10 cfl=0.12 WC=53.1 WCtFT=19140.3 WCtMS=74679.3
Step=   1440 t= 7.226e-07 dt= 4.862e-10 cfl=0.12 WC=53.8 WCtFT=19172.1 WCtMS=74735.0
Step=   1460 t= 7.323e-07 dt= 4.857e-10 cfl=0.12 WC=54.6 WCtFT=19204.2 WCtMS=74790.6
Step=   1480 t= 7.420e-07 dt= 4.853e-10 cfl=0.12 WC=55.4 WCtFT=19236.4 WCtMS=74847.3
Write flow solution.
Step=   1500 t= 7.517e-07 dt= 4.848e-10 cfl=0.12 WC=56.3 WCtFT=19306.8 WCtMS=75046.3
Step=   1520 t= 7.614e-07 dt= 4.841e-10 cfl=0.12 WC=57.1 WCtFT=19345.4 WCtMS=75096.8
Step=   1540 t= 7.710e-07 dt= 4.833e-10 cfl=0.12 WC=57.9 WCtFT=19388.7 WCtMS=75144.7
Step=   1560 t= 7.807e-07 dt= 4.825e-10 cfl=0.12 WC=58.7 WCtFT=19432.2 WCtMS=75191.3
Step=   1580 t= 7.903e-07 dt= 4.816e-10 cfl=0.12 WC=59.5 WCtFT=19475.9 WCtMS=75220.3
Step=   1600 t= 8.000e-07 dt= 4.806e-10 cfl=0.12 WC=60.3 WCtFT=19529.3 WCtMS=75267.2
Step=   1620 t= 8.095e-07 dt= 4.796e-10 cfl=0.12 WC=61.1 WCtFT=19585.8 WCtMS=75329.1
Step=   1640 t= 8.191e-07 dt= 4.786e-10 cfl=0.12 WC=61.9 WCtFT=19637.4 WCtMS=75377.2
Step=   1660 t= 8.287e-07 dt= 4.777e-10 cfl=0.12 WC=62.7 WCtFT=19689.6 WCtMS=75426.5
Step=   1680 t= 8.382e-07 dt= 4.767e-10 cfl=0.12 WC=63.5 WCtFT=19740.8 WCtMS=75475.8
Step=   1700 t= 8.477e-07 dt= 4.757e-10 cfl=0.12 WC=64.2 WCtFT=19789.1 WCtMS=75504.0
Step=   1720 t= 8.572e-07 dt= 4.747e-10 cfl=0.12 WC=65.0 WCtFT=19843.7 WCtMS=75552.4
Step=   1740 t= 8.667e-07 dt= 4.737e-10 cfl=0.12 WC=65.8 WCtFT=19895.5 WCtMS=75598.5
Step=   1760 t= 8.762e-07 dt= 4.728e-10 cfl=0.12 WC=66.6 WCtFT=19947.9 WCtMS=75644.7
Step=   1780 t= 8.856e-07 dt= 4.719e-10 cfl=0.12 WC=67.4 WCtFT=19998.5 WCtMS=75693.2
Step=   1800 t= 8.950e-07 dt= 4.710e-10 cfl=0.12 WC=68.2 WCtFT=20042.2 WCtMS=75721.8
Step=   1820 t= 9.045e-07 dt= 4.700e-10 cfl=0.12 WC=69.0 WCtFT=20095.1 WCtMS=75769.4
Step=   1840 t= 9.138e-07 dt= 4.691e-10 cfl=0.12 WC=69.8 WCtFT=20145.2 WCtMS=75816.1
Step=   1860 t= 9.232e-07 dt= 4.683e-10 cfl=0.12 WC=70.6 WCtFT=20195.1 WCtMS=75862.7
Step=   1880 t= 9.326e-07 dt= 4.674e-10 cfl=0.12 WC=71.4 WCtFT=20237.2 WCtMS=75890.3
Step=   1900 t= 9.419e-07 dt= 4.666e-10 cfl=0.12 WC=72.2 WCtFT=20286.3 WCtMS=75937.3
Step=   1920 t= 9.512e-07 dt= 4.657e-10 cfl=0.12 WC=73.0 WCtFT=20336.7 WCtMS=75981.2
Step=   1940 t= 9.605e-07 dt= 4.648e-10 cfl=0.12 WC=73.8 WCtFT=20385.8 WCtMS=76024.1
Step=   1960 t= 9.698e-07 dt= 4.640e-10 cfl=0.12 WC=74.6 WCtFT=20428.5 WCtMS=76047.8
Step=   1980 t= 9.791e-07 dt= 4.631e-10 cfl=0.12 WC=75.4 WCtFT=20476.8 WCtMS=76091.3
Step=   2000 t= 9.883e-07 dt= 4.624e-10 cfl=0.12 WC=76.2 WCtFT=20523.0 WCtMS=76135.8
***
*** Writing a snapshot: step= 2000, t= 9.883e-07
***
Step=   2020 t= 9.976e-07 dt= 4.615e-10 cfl=0.12 WC=77.1 WCtFT=20604.7 WCtMS=76299.1
Write flow solution.
Step=   2040 t= 1.007e-06 dt= 4.606e-10 cfl=0.12 WC=78.1 WCtFT=20689.9 WCtMS=76475.8
Step=   2060 t= 1.016e-06 dt= 4.598e-10 cfl=0.12 WC=78.9 WCtFT=20737.4 WCtMS=76518.2
Step=   2080 t= 1.025e-06 dt= 4.590e-10 cfl=0.12 WC=79.7 WCtFT=20780.0 WCtMS=76545.3
Step=   2100 t= 1.034e-06 dt= 4.582e-10 cfl=0.12 WC=80.5 WCtFT=20828.1 WCtMS=76589.0
Step=   2120 t= 1.043e-06 dt= 4.574e-10 cfl=0.12 WC=81.3 WCtFT=20878.0 WCtMS=76632.8
Step=   2140 t= 1.053e-06 dt= 4.566e-10 cfl=0.12 WC=82.1 WCtFT=20921.2 WCtMS=76656.2
Step=   2160 t= 1.062e-06 dt= 4.558e-10 cfl=0.12 WC=82.9 WCtFT=20969.7 WCtMS=76700.4
Step=   2180 t= 1.071e-06 dt= 4.550e-10 cfl=0.12 WC=83.7 WCtFT=21016.4 WCtMS=76742.9
Step=   2200 t= 1.080e-06 dt= 4.542e-10 cfl=0.12 WC=84.5 WCtFT=21060.3 WCtMS=76769.1
Step=   2220 t= 1.089e-06 dt= 4.534e-10 cfl=0.12 WC=85.4 WCtFT=21109.0 WCtMS=76809.2
Step=   2240 t= 1.098e-06 dt= 4.525e-10 cfl=0.12 WC=86.2 WCtFT=21156.9 WCtMS=76847.8
Step=   2260 t= 1.107e-06 dt= 4.518e-10 cfl=0.12 WC=87.0 WCtFT=21199.4 WCtMS=76870.6
Step=   2280 t= 1.116e-06 dt= 4.510e-10 cfl=0.12 WC=87.8 WCtFT=21246.3 WCtMS=76913.1
Step=   2300 t= 1.125e-06 dt= 4.502e-10 cfl=0.12 WC=88.6 WCtFT=21290.5 WCtMS=76936.6
Step=   2320 t= 1.134e-06 dt= 4.494e-10 cfl=0.12 WC=89.4 WCtFT=21340.8 WCtMS=76980.4
Step=   2340 t= 1.143e-06 dt= 4.486e-10 cfl=0.12 WC=90.2 WCtFT=21388.5 WCtMS=77018.3
Step=   2360 t= 1.152e-06 dt= 4.478e-10 cfl=0.12 WC=91.0 WCtFT=21433.5 WCtMS=77042.9
Step=   2380 t= 1.161e-06 dt= 4.470e-10 cfl=0.12 WC=91.8 WCtFT=21479.0 WCtMS=77077.9
Step=   2400 t= 1.170e-06 dt= 4.459e-10 cfl=0.12 WC=92.6 WCtFT=21536.5 WCtMS=77098.2
Step=   2420 t= 1.179e-06 dt= 4.457e-10 cfl=0.12 WC=93.4 WCtFT=21559.1 WCtMS=77137.1
Step=   2440 t= 1.188e-06 dt= 4.464e-10 cfl=0.12 WC=94.2 WCtFT=21531.2 WCtMS=77156.6
Step=   2460 t= 1.197e-06 dt= 4.470e-10 cfl=0.12 WC=95.1 WCtFT=21510.0 WCtMS=77190.3
Step=   2480 t= 1.206e-06 dt= 4.476e-10 cfl=0.12 WC=95.9 WCtFT=21486.5 WCtMS=77223.5
Step=   2500 t= 1.215e-06 dt= 4.483e-10 cfl=0.12 WC=96.7 WCtFT=21459.3 WCtMS=77241.7
Step=   2520 t= 1.224e-06 dt= 4.490e-10 cfl=0.12 WC=97.5 WCtFT=21436.0 WCtMS=77275.5
Step=   2540 t= 1.233e-06 dt= 4.496e-10 cfl=0.12 WC=98.3 WCtFT=21408.3 WCtMS=77293.1
Step=   2560 t= 1.242e-06 dt= 4.503e-10 cfl=0.12 WC=99.1 WCtFT=21384.5 WCtMS=77324.3
Write flow solution.
Step=   2580 t= 1.251e-06 dt= 4.510e-10 cfl=0.12 WC=100.1 WCtFT=21391.3 WCtMS=77467.4
Step=   2600 t= 1.260e-06 dt= 4.517e-10 cfl=0.12 WC=100.9 WCtFT=21361.3 WCtMS=77479.9
Step=   2620 t= 1.269e-06 dt= 4.524e-10 cfl=0.12 WC=101.7 WCtFT=21335.6 WCtMS=77509.8
Step=   2640 t= 1.278e-06 dt= 4.531e-10 cfl=0.12 WC=102.5 WCtFT=21305.8 WCtMS=77525.6
Step=   2660 t= 1.287e-06 dt= 4.538e-10 cfl=0.12 WC=103.3 WCtFT=21279.2 WCtMS=77553.1
Step=   2680 t= 1.296e-06 dt= 4.545e-10 cfl=0.12 WC=104.1 WCtFT=21252.3 WCtMS=77580.2
Step=   2700 t= 1.305e-06 dt= 4.553e-10 cfl=0.12 WC=104.9 WCtFT=21221.5 WCtMS=77592.9
Step=   2720 t= 1.314e-06 dt= 4.560e-10 cfl=0.12 WC=105.7 WCtFT=21194.8 WCtMS=77617.8
Step=   2740 t= 1.323e-06 dt= 4.567e-10 cfl=0.12 WC=106.5 WCtFT=21169.4 WCtMS=77643.1
Step=   2760 t= 1.332e-06 dt= 4.573e-10 cfl=0.12 WC=107.3 WCtFT=21141.4 WCtMS=77654.3
Step=   2780 t= 1.342e-06 dt= 4.580e-10 cfl=0.12 WC=108.1 WCtFT=21117.9 WCtMS=77676.8
Step=   2800 t= 1.351e-06 dt= 4.586e-10 cfl=0.12 WC=108.9 WCtFT=21096.0 WCtMS=77702.5
Step=   2820 t= 1.360e-06 dt= 4.592e-10 cfl=0.12 WC=109.7 WCtFT=21070.8 WCtMS=77714.4
Step=   2840 t= 1.369e-06 dt= 4.598e-10 cfl=0.12 WC=110.5 WCtFT=21048.9 WCtMS=77738.0
Step=   2860 t= 1.378e-06 dt= 4.604e-10 cfl=0.12 WC=111.4 WCtFT=21027.0 WCtMS=77762.1
Step=   2880 t= 1.387e-06 dt= 4.610e-10 cfl=0.12 WC=112.2 WCtFT=21001.5 WCtMS=77774.0
Step=   2900 t= 1.397e-06 dt= 4.616e-10 cfl=0.12 WC=113.0 WCtFT=20978.9 WCtMS=77796.0
Step=   2920 t= 1.406e-06 dt= 4.622e-10 cfl=0.12 WC=113.8 WCtFT=20957.6 WCtMS=77820.5
Step=   2940 t= 1.415e-06 dt= 4.628e-10 cfl=0.12 WC=114.6 WCtFT=20933.9 WCtMS=77833.0
Step=   2960 t= 1.424e-06 dt= 4.634e-10 cfl=0.12 WC=115.4 WCtFT=20915.9 WCtMS=77863.6
Step=   2980 t= 1.434e-06 dt= 4.639e-10 cfl=0.12 WC=116.2 WCtFT=20898.0 WCtMS=77892.5
Step=   3000 t= 1.443e-06 dt= 4.645e-10 cfl=0.12 WC=117.1 WCtFT=20879.7 WCtMS=77919.6
***
*** Writing a snapshot: step= 3000, t= 1.443e-06
***
Step=   3020 t= 1.452e-06 dt= 4.651e-10 cfl=0.12 WC=118.0 WCtFT=20885.0 WCtMS=78037.0
Step=   3040 t= 1.462e-06 dt= 4.656e-10 cfl=0.12 WC=118.8 WCtFT=20865.2 WCtMS=78064.7
Step=   3060 t= 1.471e-06 dt= 4.663e-10 cfl=0.12 WC=119.7 WCtFT=20844.2 WCtMS=78094.7
Step=   3080 t= 1.480e-06 dt= 4.670e-10 cfl=0.12 WC=120.5 WCtFT=20818.1 WCtMS=78113.3
Step=   3100 t= 1.490e-06 dt= 4.677e-10 cfl=0.12 WC=121.3 WCtFT=20792.2 WCtMS=78145.1
Step=   3120 t= 1.499e-06 dt= 4.686e-10 cfl=0.12 WC=122.1 WCtFT=20760.0 WCtMS=78175.3
Write flow solution.
Step=   3140 t= 1.508e-06 dt= 4.697e-10 cfl=0.12 WC=123.1 WCtFT=20743.6 WCtMS=78302.3
Step=   3160 t= 1.518e-06 dt= 4.711e-10 cfl=0.12 WC=123.9 WCtFT=20689.0 WCtMS=78324.2
Step=   3180 t= 1.527e-06 dt= 4.729e-10 cfl=0.12 WC=124.8 WCtFT=20619.8 WCtMS=78358.9
Step=   3200 t= 1.537e-06 dt= 4.753e-10 cfl=0.12 WC=125.6 WCtFT=20524.0 WCtMS=78392.5
Step=   3220 t= 1.546e-06 dt= 4.779e-10 cfl=0.12 WC=126.5 WCtFT=20419.8 WCtMS=78428.8
Step=   3240 t= 1.556e-06 dt= 4.812e-10 cfl=0.12 WC=127.3 WCtFT=20290.7 WCtMS=78466.5
Step=   3260 t= 1.566e-06 dt= 4.852e-10 cfl=0.12 WC=128.2 WCtFT=20130.4 WCtMS=78504.3
Step=   3280 t= 1.575e-06 dt= 4.900e-10 cfl=0.12 WC=129.0 WCtFT=19938.6 WCtMS=78532.0
Step=   3300 t= 1.585e-06 dt= 4.953e-10 cfl=0.12 WC=129.9 WCtFT=19737.6 WCtMS=78572.6
Step=   3320 t= 1.595e-06 dt= 5.007e-10 cfl=0.12 WC=130.7 WCtFT=19534.5 WCtMS=78611.5
Step=   3340 t= 1.605e-06 dt= 5.064e-10 cfl=0.12 WC=131.6 WCtFT=19322.2 WCtMS=78652.3
Step=   3360 t= 1.616e-06 dt= 5.130e-10 cfl=0.12 WC=132.4 WCtFT=19085.8 WCtMS=78703.3
Step=   3380 t= 1.626e-06 dt= 5.199e-10 cfl=0.12 WC=133.3 WCtFT=18841.7 WCtMS=78744.8
Step=   3400 t= 1.636e-06 dt= 5.274e-10 cfl=0.12 WC=134.2 WCtFT=18584.0 WCtMS=78786.4
Step=   3420 t= 1.647e-06 dt= 5.350e-10 cfl=0.12 WC=135.0 WCtFT=18328.0 WCtMS=78828.1
Step=   3440 t= 1.658e-06 dt= 5.432e-10 cfl=0.12 WC=135.9 WCtFT=18060.3 WCtMS=78870.5
Step=   3460 t= 1.669e-06 dt= 5.509e-10 cfl=0.12 WC=136.8 WCtFT=17818.2 WCtMS=78922.8
Step=   3480 t= 1.680e-06 dt= 5.575e-10 cfl=0.12 WC=137.6 WCtFT=17617.8 WCtMS=78964.7
Step=   3500 t= 1.691e-06 dt= 5.635e-10 cfl=0.12 WC=138.5 WCtFT=17438.7 WCtMS=79017.5
Step=   3520 t= 1.703e-06 dt= 5.708e-10 cfl=0.12 WC=139.4 WCtFT=17226.6 WCtMS=79060.0
Step=   3540 t= 1.714e-06 dt= 5.772e-10 cfl=0.12 WC=140.3 WCtFT=17046.4 WCtMS=79113.4
Step=   3560 t= 1.726e-06 dt= 5.845e-10 cfl=0.12 WC=141.2 WCtFT=16843.4 WCtMS=79167.3
Step=   3580 t= 1.738e-06 dt= 5.875e-10 cfl=0.12 WC=142.0 WCtFT=16767.7 WCtMS=79211.0
Step=   3600 t= 1.749e-06 dt= 5.352e-10 cfl=0.13 WC=142.9 WCtFT=18415.3 WCtMS=79266.0
Write flow solution.
Step=   3620 t= 1.759e-06 dt= 5.342e-10 cfl=0.12 WC=144.0 WCtFT=18480.0 WCtMS=79390.8
Step=   3640 t= 1.770e-06 dt= 5.237e-10 cfl=0.12 WC=144.8 WCtFT=18859.3 WCtMS=79434.3
Step=   3660 t= 1.780e-06 dt= 5.193e-10 cfl=0.12 WC=145.7 WCtFT=19029.4 WCtMS=79480.0
Step=   3680 t= 1.791e-06 dt= 5.187e-10 cfl=0.12 WC=146.6 WCtFT=19066.1 WCtMS=79535.5
Step=   3700 t= 1.801e-06 dt= 5.276e-10 cfl=0.12 WC=147.5 WCtFT=18754.4 WCtMS=79582.2
Step=   3720 t= 1.812e-06 dt= 5.271e-10 cfl=0.12 WC=148.4 WCtFT=18781.8 WCtMS=79629.6
Step=   3740 t= 1.822e-06 dt= 5.242e-10 cfl=0.12 WC=149.3 WCtFT=18895.8 WCtMS=79675.9
Step=   3760 t= 1.833e-06 dt= 5.296e-10 cfl=0.12 WC=150.2 WCtFT=18712.7 WCtMS=79722.2
Step=   3780 t= 1.844e-06 dt= 5.290e-10 cfl=0.12 WC=151.1 WCtFT=18746.3 WCtMS=79777.5
Step=   3800 t= 1.854e-06 dt= 5.378e-10 cfl=0.12 WC=152.0 WCtFT=18450.2 WCtMS=79824.4
Step=   3820 t= 1.865e-06 dt= 5.388e-10 cfl=0.12 WC=152.8 WCtFT=18425.6 WCtMS=79871.8
Step=   3840 t= 1.876e-06 dt= 5.393e-10 cfl=0.12 WC=153.8 WCtFT=18422.9 WCtMS=79927.5
Step=   3860 t= 1.886e-06 dt= 5.384e-10 cfl=0.12 WC=154.7 WCtFT=18463.3 WCtMS=79975.4
Step=   3880 t= 1.897e-06 dt= 5.354e-10 cfl=0.12 WC=155.5 WCtFT=18575.5 WCtMS=80022.8
Step=   3900 t= 1.908e-06 dt= 5.383e-10 cfl=0.12 WC=156.4 WCtFT=18487.9 WCtMS=80069.7
Step=   3920 t= 1.919e-06 dt= 5.413e-10 cfl=0.12 WC=157.4 WCtFT=18397.0 WCtMS=80126.8
Step=   3940 t= 1.929e-06 dt= 5.481e-10 cfl=0.12 WC=158.3 WCtFT=18178.6 WCtMS=80174.7
Step=   3960 t= 1.940e-06 dt= 5.356e-10 cfl=0.12 WC=159.2 WCtFT=18615.9 WCtMS=80222.7
Step=   3980 t= 1.951e-06 dt= 5.384e-10 cfl=0.12 WC=160.1 WCtFT=18529.7 WCtMS=80279.6
Step=   4000 t= 1.962e-06 dt= 5.395e-10 cfl=0.12 WC=161.0 WCtFT=18503.9 WCtMS=80327.5
***
*** Writing a snapshot: step= 4000, t= 1.962e-06
***
Step=   4020 t= 1.972e-06 dt= 5.346e-10 cfl=0.12 WC=162.0 WCtFT=18698.5 WCtMS=80450.4
Step=   4040 t= 1.983e-06 dt= 5.358e-10 cfl=0.12 WC=163.0 WCtFT=18670.4 WCtMS=80509.3
Step=   4060 t= 1.994e-06 dt= 5.375e-10 cfl=0.12 WC=163.9 WCtFT=18621.1 WCtMS=80555.8
Write flow solution.
Step=   4080 t= 2.005e-06 dt= 5.346e-10 cfl=0.12 WC=164.9 WCtFT=18751.7 WCtMS=80673.8
Step=   4100 t= 2.015e-06 dt= 5.399e-10 cfl=0.12 WC=165.8 WCtFT=18577.2 WCtMS=80720.5
Step=   4120 t= 2.026e-06 dt= 5.425e-10 cfl=0.12 WC=166.7 WCtFT=18499.8 WCtMS=80775.0
Step=   4140 t= 2.037e-06 dt= 5.399e-10 cfl=0.12 WC=167.6 WCtFT=18597.2 WCtMS=80821.2
Step=   4160 t= 2.048e-06 dt= 5.428e-10 cfl=0.12 WC=168.6 WCtFT=18509.1 WCtMS=80866.1
Step=   4180 t= 2.059e-06 dt= 5.396e-10 cfl=0.12 WC=169.5 WCtFT=18632.0 WCtMS=80921.9
Step=   4200 t= 2.070e-06 dt= 5.392e-10 cfl=0.12 WC=170.4 WCtFT=18655.0 WCtMS=80968.2
Step=   4220 t= 2.080e-06 dt= 5.380e-10 cfl=0.12 WC=171.3 WCtFT=18704.3 WCtMS=81014.5
Step=   4240 t= 2.091e-06 dt= 5.413e-10 cfl=0.12 WC=172.2 WCtFT=18603.1 WCtMS=81069.3
Step=   4260 t= 2.102e-06 dt= 5.392e-10 cfl=0.12 WC=173.1 WCtFT=18685.3 WCtMS=81116.5
Step=   4280 t= 2.113e-06 dt= 5.436e-10 cfl=0.12 WC=174.1 WCtFT=18544.2 WCtMS=81162.9
Step=   4300 t= 2.124e-06 dt= 5.437e-10 cfl=0.12 WC=175.0 WCtFT=18553.1 WCtMS=81218.0
Step=   4320 t= 2.135e-06 dt= 5.399e-10 cfl=0.12 WC=175.9 WCtFT=18694.4 WCtMS=81264.8
Step=   4340 t= 2.145e-06 dt= 5.415e-10 cfl=0.12 WC=176.8 WCtFT=18650.4 WCtMS=81310.3
Step=   4360 t= 2.156e-06 dt= 5.398e-10 cfl=0.12 WC=177.8 WCtFT=18719.3 WCtMS=81364.9
Step=   4380 t= 2.167e-06 dt= 5.413e-10 cfl=0.12 WC=178.7 WCtFT=18676.8 WCtMS=81411.3
Step=   4400 t= 2.178e-06 dt= 5.408e-10 cfl=0.12 WC=179.6 WCtFT=18704.0 WCtMS=81457.2
Step=   4420 t= 2.189e-06 dt= 5.463e-10 cfl=0.12 WC=180.5 WCtFT=18529.3 WCtMS=81511.8
Step=   4440 t= 2.200e-06 dt= 5.466e-10 cfl=0.12 WC=181.5 WCtFT=18529.6 WCtMS=81558.2
Step=   4460 t= 2.210e-06 dt= 5.346e-10 cfl=0.12 WC=182.4 WCtFT=18953.0 WCtMS=81603.3
Step=   4480 t= 2.221e-06 dt= 5.356e-10 cfl=0.12 WC=183.3 WCtFT=18930.3 WCtMS=81657.7
Step=   4500 t= 2.232e-06 dt= 5.349e-10 cfl=0.12 WC=184.2 WCtFT=18966.7 WCtMS=81702.9
Step=   4520 t= 2.243e-06 dt= 5.420e-10 cfl=0.12 WC=185.2 WCtFT=18726.8 WCtMS=81748.0
Write flow solution.
Step=   4540 t= 2.253e-06 dt= 5.343e-10 cfl=0.12 WC=186.3 WCtFT=19021.9 WCtMS=81863.5
Step=   4560 t= 2.264e-06 dt= 5.442e-10 cfl=0.12 WC=187.2 WCtFT=18685.9 WCtMS=81908.9
Step=   4580 t= 2.275e-06 dt= 5.343e-10 cfl=0.12 WC=188.1 WCtFT=19042.2 WCtMS=81953.4
Step=   4600 t= 2.286e-06 dt= 5.462e-10 cfl=0.12 WC=189.0 WCtFT=18639.5 WCtMS=82005.7
Step=   4620 t= 2.296e-06 dt= 5.364e-10 cfl=0.12 WC=190.0 WCtFT=18989.1 WCtMS=82050.3
Step=   4640 t= 2.307e-06 dt= 5.370e-10 cfl=0.12 WC=190.9 WCtFT=18976.3 WCtMS=82094.4
Step=   4660 t= 2.318e-06 dt= 5.422e-10 cfl=0.12 WC=191.8 WCtFT=18805.7 WCtMS=82140.4
Step=   4680 t= 2.329e-06 dt= 5.398e-10 cfl=0.12 WC=192.8 WCtFT=18899.4 WCtMS=82194.8
Step=   4700 t= 2.340e-06 dt= 5.402e-10 cfl=0.12 WC=193.7 WCtFT=18896.3 WCtMS=82242.4
Step=   4720 t= 2.350e-06 dt= 5.416e-10 cfl=0.12 WC=194.7 WCtFT=18857.7 WCtMS=82288.0
Step=   4740 t= 2.361e-06 dt= 5.384e-10 cfl=0.12 WC=195.6 WCtFT=18980.6 WCtMS=82341.5
Step=   4760 t= 2.372e-06 dt= 5.517e-10 cfl=0.12 WC=196.5 WCtFT=18533.8 WCtMS=82387.1
Step=   4780 t= 2.383e-06 dt= 5.457e-10 cfl=0.12 WC=197.5 WCtFT=18748.4 WCtMS=82433.5
Step=   4800 t= 2.394e-06 dt= 5.398e-10 cfl=0.12 WC=198.4 WCtFT=18963.7 WCtMS=82484.9
Step=   4820 t= 2.405e-06 dt= 5.409e-10 cfl=0.12 WC=199.4 WCtFT=18932.9 WCtMS=82529.3
Step=   4840 t= 2.416e-06 dt= 5.427e-10 cfl=0.12 WC=200.3 WCtFT=18883.3 WCtMS=82581.1
Step=   4860 t= 2.427e-06 dt= 5.477e-10 cfl=0.12 WC=201.3 WCtFT=18719.6 WCtMS=82625.5
Step=   4880 t= 2.437e-06 dt= 5.486e-10 cfl=0.12 WC=202.2 WCtFT=18698.5 WCtMS=82670.7
Step=   4900 t= 2.448e-06 dt= 5.430e-10 cfl=0.12 WC=203.2 WCtFT=18902.4 WCtMS=82722.5
Step=   4920 t= 2.459e-06 dt= 5.433e-10 cfl=0.12 WC=204.1 WCtFT=18902.0 WCtMS=82767.0
Step=   4940 t= 2.470e-06 dt= 5.455e-10 cfl=0.12 WC=205.0 WCtFT=18833.4 WCtMS=82810.7
Step=   4960 t= 2.481e-06 dt= 5.472e-10 cfl=0.12 WC=206.0 WCtFT=18786.8 WCtMS=82861.7
Step=   4980 t= 2.492e-06 dt= 5.482e-10 cfl=0.12 WC=206.9 WCtFT=18760.6 WCtMS=82903.1
Write flow solution.
Step=   5000 t= 2.503e-06 dt= 5.478e-10 cfl=0.12 WC=208.1 WCtFT=18799.3 WCtMS=83013.5
***
*** Writing a snapshot: step= 5000, t= 2.503e-06
***
Step=   5020 t= 2.514e-06 dt= 5.465e-10 cfl=0.12 WC=209.2 WCtFT=18869.3 WCtMS=83118.3
Step=   5040 t= 2.525e-06 dt= 5.496e-10 cfl=0.12 WC=210.1 WCtFT=18770.4 WCtMS=83161.7
Step=   5060 t= 2.536e-06 dt= 5.468e-10 cfl=0.12 WC=211.1 WCtFT=18877.2 WCtMS=83212.7
Step=   5080 t= 2.547e-06 dt= 5.450e-10 cfl=0.12 WC=212.0 WCtFT=18947.5 WCtMS=83256.1
Step=   5100 t= 2.558e-06 dt= 5.489e-10 cfl=0.12 WC=213.0 WCtFT=18823.2 WCtMS=83299.2
Step=   5120 t= 2.569e-06 dt= 5.441e-10 cfl=0.12 WC=213.9 WCtFT=18999.5 WCtMS=83350.9
Step=   5140 t= 2.580e-06 dt= 5.465e-10 cfl=0.12 WC=214.9 WCtFT=18925.9 WCtMS=83394.1
Step=   5160 t= 2.591e-06 dt= 5.529e-10 cfl=0.12 WC=215.8 WCtFT=18716.5 WCtMS=83443.5
Step=   5180 t= 2.602e-06 dt= 5.471e-10 cfl=0.12 WC=216.8 WCtFT=18926.3 WCtMS=83487.1
Step=   5200 t= 2.613e-06 dt= 5.501e-10 cfl=0.12 WC=217.7 WCtFT=18832.4 WCtMS=83531.1
Step=   5220 t= 2.624e-06 dt= 5.467e-10 cfl=0.12 WC=218.7 WCtFT=18959.6 WCtMS=83581.7
Step=   5240 t= 2.635e-06 dt= 5.469e-10 cfl=0.12 WC=219.7 WCtFT=18961.5 WCtMS=83624.2
Step=   5260 t= 2.646e-06 dt= 5.479e-10 cfl=0.12 WC=220.6 WCtFT=18936.8 WCtMS=83674.4
Step=   5280 t= 2.657e-06 dt= 5.479e-10 cfl=0.12 WC=221.6 WCtFT=18947.8 WCtMS=83716.3
Step=   5300 t= 2.668e-06 dt= 5.475e-10 cfl=0.12 WC=222.6 WCtFT=18969.6 WCtMS=83759.0
Step=   5320 t= 2.679e-06 dt= 5.515e-10 cfl=0.12 WC=223.5 WCtFT=18840.5 WCtMS=83807.7
Step=   5340 t= 2.690e-06 dt= 5.527e-10 cfl=0.12 WC=224.5 WCtFT=18808.1 WCtMS=83848.9
Step=   5360 t= 2.701e-06 dt= 5.520e-10 cfl=0.12 WC=225.4 WCtFT=18844.6 WCtMS=83896.9
Step=   5380 t= 2.712e-06 dt= 5.500e-10 cfl=0.12 WC=226.4 WCtFT=18923.2 WCtMS=83941.2
Step=   5400 t= 2.723e-06 dt= 5.498e-10 cfl=0.12 WC=227.4 WCtFT=18936.0 WCtMS=83982.3
Step=   5420 t= 2.734e-06 dt= 5.479e-10 cfl=0.12 WC=228.3 WCtFT=19012.3 WCtMS=84030.7
Step=   5440 t= 2.745e-06 dt= 5.501e-10 cfl=0.12 WC=229.3 WCtFT=18944.7 WCtMS=84072.2
Write flow solution.
Step=   5460 t= 2.756e-06 dt= 5.481e-10 cfl=0.12 WC=230.4 WCtFT=19038.0 WCtMS=84175.8
Step=   5480 t= 2.767e-06 dt= 5.502e-10 cfl=0.12 WC=231.4 WCtFT=18973.8 WCtMS=84216.4
Step=   5500 t= 2.778e-06 dt= 5.540e-10 cfl=0.12 WC=232.3 WCtFT=18852.8 WCtMS=84256.4
Step=   5520 t= 2.789e-06 dt= 5.495e-10 cfl=0.12 WC=233.3 WCtFT=19014.6 WCtMS=84304.4
Step=   5540 t= 2.800e-06 dt= 5.458e-10 cfl=0.12 WC=234.3 WCtFT=19154.8 WCtMS=84346.9
Step=   5560 t= 2.811e-06 dt= 5.477e-10 cfl=0.12 WC=235.3 WCtFT=19097.1 WCtMS=84393.9
Step=   5580 t= 2.822e-06 dt= 5.517e-10 cfl=0.12 WC=236.2 WCtFT=18968.9 WCtMS=84434.7
Step=   5600 t= 2.833e-06 dt= 5.480e-10 cfl=0.12 WC=237.2 WCtFT=19105.5 WCtMS=84474.2
Step=   5620 t= 2.844e-06 dt= 5.520e-10 cfl=0.12 WC=238.2 WCtFT=18976.2 WCtMS=84520.2
Step=   5640 t= 2.855e-06 dt= 5.515e-10 cfl=0.12 WC=239.1 WCtFT=19001.8 WCtMS=84560.9
Step=   5660 t= 2.866e-06 dt= 5.508e-10 cfl=0.12 WC=240.1 WCtFT=19033.4 WCtMS=84608.3
Step=   5680 t= 2.877e-06 dt= 5.481e-10 cfl=0.12 WC=241.1 WCtFT=19136.1 WCtMS=84649.8
Step=   5700 t= 2.888e-06 dt= 5.524e-10 cfl=0.12 WC=242.1 WCtFT=18997.6 WCtMS=84689.2
Step=   5720 t= 2.899e-06 dt= 5.538e-10 cfl=0.12 WC=243.0 WCtFT=18957.1 WCtMS=84736.7
Step=   5740 t= 2.910e-06 dt= 5.536e-10 cfl=0.12 WC=244.0 WCtFT=18974.6 WCtMS=84777.6
Step=   5760 t= 2.921e-06 dt= 5.531e-10 cfl=0.12 WC=245.0 WCtFT=19000.1 WCtMS=84824.8
Step=   5780 t= 2.932e-06 dt= 5.529e-10 cfl=0.12 WC=246.0 WCtFT=19016.9 WCtMS=84866.8
Step=   5800 t= 2.943e-06 dt= 5.540e-10 cfl=0.12 WC=246.9 WCtFT=18986.7 WCtMS=84906.5
Step=   5820 t= 2.954e-06 dt= 5.525e-10 cfl=0.12 WC=247.9 WCtFT=19048.2 WCtMS=84954.5
Step=   5840 t= 2.965e-06 dt= 5.544e-10 cfl=0.12 WC=248.9 WCtFT=18992.7 WCtMS=84996.6
Step=   5860 t= 2.976e-06 dt= 5.516e-10 cfl=0.12 WC=249.9 WCtFT=19097.4 WCtMS=85043.6
Step=   5880 t= 2.987e-06 dt= 5.571e-10 cfl=0.12 WC=250.9 WCtFT=18917.7 WCtMS=85084.5
Step=   5900 t= 2.998e-06 dt= 5.551e-10 cfl=0.12 WC=251.9 WCtFT=18996.4 WCtMS=85130.5
Write flow solution.
Step=   5920 t= 3.009e-06 dt= 5.519e-10 cfl=0.12 WC=253.0 WCtFT=19126.8 WCtMS=85221.7
Step=   5940 t= 3.021e-06 dt= 5.596e-10 cfl=0.12 WC=254.0 WCtFT=18872.9 WCtMS=85262.2
Step=   5960 t= 3.032e-06 dt= 5.558e-10 cfl=0.12 WC=255.0 WCtFT=19010.3 WCtMS=85312.1
Step=   5980 t= 3.043e-06 dt= 5.535e-10 cfl=0.12 WC=256.0 WCtFT=19097.4 WCtMS=85353.1
Step=   6000 t= 3.054e-06 dt= 5.546e-10 cfl=0.12 WC=257.0 WCtFT=19072.0 WCtMS=85400.7
***
*** Writing a snapshot: step= 6000, t= 3.054e-06
***
Step=   6020 t= 3.065e-06 dt= 5.541e-10 cfl=0.12 WC=258.1 WCtFT=19108.7 WCtMS=85491.4
Step=   6040 t= 3.076e-06 dt= 5.566e-10 cfl=0.12 WC=259.1 WCtFT=19030.8 WCtMS=85537.3
Step=   6060 t= 3.087e-06 dt= 5.590e-10 cfl=0.12 WC=260.1 WCtFT=18957.1 WCtMS=85576.2
Step=   6080 t= 3.098e-06 dt= 5.526e-10 cfl=0.12 WC=261.1 WCtFT=19186.2 WCtMS=85622.1
Step=   6100 t= 3.109e-06 dt= 5.580e-10 cfl=0.12 WC=262.1 WCtFT=19010.0 WCtMS=85661.9
Step=   6120 t= 3.120e-06 dt= 5.558e-10 cfl=0.12 WC=263.0 WCtFT=19092.3 WCtMS=85699.7
Step=   6140 t= 3.132e-06 dt= 5.533e-10 cfl=0.12 WC=264.0 WCtFT=19188.8 WCtMS=85744.4
Step=   6160 t= 3.143e-06 dt= 5.565e-10 cfl=0.12 WC=265.0 WCtFT=19085.8 WCtMS=85784.0
Step=   6180 t= 3.154e-06 dt= 5.556e-10 cfl=0.12 WC=266.0 WCtFT=19124.4 WCtMS=85829.1
Step=   6200 t= 3.165e-06 dt= 5.550e-10 cfl=0.12 WC=267.0 WCtFT=19153.8 WCtMS=85867.2
Step=   6220 t= 3.176e-06 dt= 5.591e-10 cfl=0.12 WC=268.0 WCtFT=19021.9 WCtMS=85911.7
Step=   6240 t= 3.187e-06 dt= 5.578e-10 cfl=0.12 WC=269.0 WCtFT=19075.9 WCtMS=85951.2
Step=   6260 t= 3.198e-06 dt= 5.589e-10 cfl=0.12 WC=270.0 WCtFT=19046.4 WCtMS=85997.7
Step=   6280 t= 3.209e-06 dt= 5.567e-10 cfl=0.12 WC=271.0 WCtFT=19131.3 WCtMS=86037.0
Step=   6300 t= 3.221e-06 dt= 5.567e-10 cfl=0.12 WC=272.0 WCtFT=19139.7 WCtMS=86081.0
Step=   6320 t= 3.232e-06 dt= 5.586e-10 cfl=0.12 WC=273.0 WCtFT=19082.4 WCtMS=86119.7
Step=   6340 t= 3.243e-06 dt= 5.572e-10 cfl=0.12 WC=274.0 WCtFT=19137.2 WCtMS=86156.6
Write flow solution.
Step=   6360 t= 3.254e-06 dt= 5.594e-10 cfl=0.12 WC=275.1 WCtFT=19083.3 WCtMS=86246.9
Step=   6380 t= 3.265e-06 dt= 5.586e-10 cfl=0.12 WC=276.1 WCtFT=19116.8 WCtMS=86285.3
Step=   6400 t= 3.276e-06 dt= 5.571e-10 cfl=0.12 WC=277.1 WCtFT=19178.8 WCtMS=86329.1
Step=   6420 t= 3.288e-06 dt= 5.571e-10 cfl=0.12 WC=278.1 WCtFT=19184.8 WCtMS=86365.8
Step=   6440 t= 3.299e-06 dt= 5.574e-10 cfl=0.12 WC=279.1 WCtFT=19184.9 WCtMS=86408.1
Step=   6460 t= 3.310e-06 dt= 5.581e-10 cfl=0.12 WC=280.1 WCtFT=19165.7 WCtMS=86445.3
Step=   6480 t= 3.321e-06 dt= 5.609e-10 cfl=0.12 WC=281.1 WCtFT=19081.9 WCtMS=86488.6
Step=   6500 t= 3.332e-06 dt= 5.588e-10 cfl=0.12 WC=282.1 WCtFT=19158.4 WCtMS=86527.1
Step=   6520 t= 3.343e-06 dt= 5.587e-10 cfl=0.12 WC=283.1 WCtFT=19172.7 WCtMS=86569.3
Step=   6540 t= 3.355e-06 dt= 5.601e-10 cfl=0.12 WC=284.1 WCtFT=19132.1 WCtMS=86605.8
Step=   6560 t= 3.366e-06 dt= 5.587e-10 cfl=0.12 WC=285.1 WCtFT=19188.0 WCtMS=86648.4
Step=   6580 t= 3.377e-06 dt= 5.587e-10 cfl=0.12 WC=286.1 WCtFT=19196.8 WCtMS=86685.3
Step=   6600 t= 3.388e-06 dt= 5.597e-10 cfl=0.12 WC=287.1 WCtFT=19169.4 WCtMS=86727.1
Step=   6620 t= 3.399e-06 dt= 5.589e-10 cfl=0.12 WC=288.1 WCtFT=19203.0 WCtMS=86763.5
Step=   6640 t= 3.411e-06 dt= 5.599e-10 cfl=0.12 WC=289.1 WCtFT=19177.7 WCtMS=86800.3
Step=   6660 t= 3.422e-06 dt= 5.600e-10 cfl=0.12 WC=290.1 WCtFT=19181.8 WCtMS=86841.1
Step=   6680 t= 3.433e-06 dt= 5.595e-10 cfl=0.12 WC=291.1 WCtFT=19205.4 WCtMS=86876.2
Step=   6700 t= 3.444e-06 dt= 5.607e-10 cfl=0.12 WC=292.1 WCtFT=19175.2 WCtMS=86916.8
Step=   6720 t= 3.455e-06 dt= 5.597e-10 cfl=0.12 WC=293.1 WCtFT=19213.8 WCtMS=86951.8
Step=   6740 t= 3.467e-06 dt= 5.619e-10 cfl=0.12 WC=294.2 WCtFT=19148.1 WCtMS=86991.9
Step=   6760 t= 3.478e-06 dt= 5.598e-10 cfl=0.12 WC=295.1 WCtFT=19225.8 WCtMS=87027.3
Step=   6780 t= 3.489e-06 dt= 5.613e-10 cfl=0.12 WC=296.2 WCtFT=19182.7 WCtMS=87068.1
Step=   6800 t= 3.500e-06 dt= 5.604e-10 cfl=0.12 WC=297.2 WCtFT=19222.7 WCtMS=87102.5
Write flow solution.
Step=   6820 t= 3.511e-06 dt= 5.632e-10 cfl=0.12 WC=298.3 WCtFT=19145.6 WCtMS=87186.4
Step=   6840 t= 3.523e-06 dt= 5.606e-10 cfl=0.12 WC=299.3 WCtFT=19240.3 WCtMS=87220.9
Step=   6860 t= 3.534e-06 dt= 5.613e-10 cfl=0.12 WC=300.3 WCtFT=19224.7 WCtMS=87260.0
Step=   6880 t= 3.545e-06 dt= 5.610e-10 cfl=0.12 WC=301.3 WCtFT=19239.9 WCtMS=87293.7
Step=   6900 t= 3.556e-06 dt= 5.632e-10 cfl=0.12 WC=302.3 WCtFT=19174.5 WCtMS=87332.2
Step=   6920 t= 3.568e-06 dt= 5.623e-10 cfl=0.12 WC=303.3 WCtFT=19211.5 WCtMS=87366.3
Step=   6940 t= 3.579e-06 dt= 5.614e-10 cfl=0.12 WC=304.4 WCtFT=19248.7 WCtMS=87405.4
Step=   6960 t= 3.590e-06 dt= 5.614e-10 cfl=0.12 WC=305.4 WCtFT=19256.4 WCtMS=87438.9
Step=   6980 t= 3.601e-06 dt= 5.625e-10 cfl=0.12 WC=306.4 WCtFT=19226.4 WCtMS=87477.0
Step=   7000 t= 3.613e-06 dt= 5.627e-10 cfl=0.12 WC=307.4 WCtFT=19224.5 WCtMS=87509.5
***
*** Writing a snapshot: step= 7000, t= 3.613e-06
***
Step=   7020 t= 3.624e-06 dt= 5.622e-10 cfl=0.12 WC=308.5 WCtFT=19261.8 WCtMS=87590.1
Step=   7040 t= 3.635e-06 dt= 5.618e-10 cfl=0.12 WC=309.5 WCtFT=19281.6 WCtMS=87622.6
Step=   7060 t= 3.646e-06 dt= 5.618e-10 cfl=0.12 WC=310.5 WCtFT=19286.9 WCtMS=87659.7
Step=   7080 t= 3.658e-06 dt= 5.622e-10 cfl=0.12 WC=311.5 WCtFT=19279.0 WCtMS=87691.3
Step=   7100 t= 3.669e-06 dt= 5.628e-10 cfl=0.12 WC=312.5 WCtFT=19268.7 WCtMS=87728.6
Step=   7120 t= 3.680e-06 dt= 5.629e-10 cfl=0.12 WC=313.5 WCtFT=19268.5 WCtMS=87759.2
Step=   7140 t= 3.691e-06 dt= 5.630e-10 cfl=0.12 WC=314.5 WCtFT=19273.2 WCtMS=87794.1
Step=   7160 t= 3.703e-06 dt= 5.633e-10 cfl=0.12 WC=315.5 WCtFT=19267.8 WCtMS=87824.1
Step=   7180 t= 3.714e-06 dt= 5.641e-10 cfl=0.12 WC=316.6 WCtFT=19249.6 WCtMS=87858.9
Step=   7200 t= 3.725e-06 dt= 5.654e-10 cfl=0.12 WC=317.5 WCtFT=19209.9 WCtMS=87886.9
Step=   7220 t= 3.737e-06 dt= 5.657e-10 cfl=0.12 WC=318.5 WCtFT=19206.7 WCtMS=87920.8
Step=   7240 t= 3.748e-06 dt= 5.670e-10 cfl=0.12 WC=319.5 WCtFT=19167.9 WCtMS=87949.3
Write flow solution.
Step=   7260 t= 3.759e-06 dt= 5.647e-10 cfl=0.12 WC=320.7 WCtFT=19260.2 WCtMS=88024.5
Step=   7280 t= 3.770e-06 dt= 5.634e-10 cfl=0.12 WC=321.7 WCtFT=19310.8 WCtMS=88052.2
Step=   7300 t= 3.782e-06 dt= 5.634e-10 cfl=0.12 WC=322.7 WCtFT=19318.3 WCtMS=88085.5
Step=   7320 t= 3.793e-06 dt= 5.632e-10 cfl=0.12 WC=323.7 WCtFT=19332.0 WCtMS=88114.0
Step=   7340 t= 3.804e-06 dt= 5.640e-10 cfl=0.12 WC=324.7 WCtFT=19309.5 WCtMS=88147.8
Step=   7360 t= 3.816e-06 dt= 5.649e-10 cfl=0.12 WC=325.7 WCtFT=19284.8 WCtMS=88176.5
Step=   7380 t= 3.827e-06 dt= 5.640e-10 cfl=0.12 WC=326.7 WCtFT=19322.0 WCtMS=88209.3
Step=   7400 t= 3.838e-06 dt= 5.642e-10 cfl=0.12 WC=327.7 WCtFT=19321.8 WCtMS=88241.5
Step=   7420 t= 3.849e-06 dt= 5.652e-10 cfl=0.12 WC=328.7 WCtFT=19293.5 WCtMS=88269.1
Step=   7440 t= 3.861e-06 dt= 5.643e-10 cfl=0.12 WC=329.7 WCtFT=19331.2 WCtMS=88301.2
Step=   7460 t= 3.872e-06 dt= 5.644e-10 cfl=0.12 WC=330.7 WCtFT=19332.4 WCtMS=88328.3
Step=   7480 t= 3.883e-06 dt= 5.670e-10 cfl=0.12 WC=331.7 WCtFT=19250.3 WCtMS=88361.1
Step=   7500 t= 3.895e-06 dt= 5.640e-10 cfl=0.12 WC=332.7 WCtFT=19356.3 WCtMS=88388.6
Step=   7520 t= 3.906e-06 dt= 5.657e-10 cfl=0.12 WC=333.7 WCtFT=19303.5 WCtMS=88420.5
Step=   7540 t= 3.917e-06 dt= 5.672e-10 cfl=0.12 WC=334.7 WCtFT=19258.3 WCtMS=88447.3
Step=   7560 t= 3.929e-06 dt= 5.641e-10 cfl=0.12 WC=335.7 WCtFT=19370.6 WCtMS=88478.3
Step=   7580 t= 3.940e-06 dt= 5.721e-10 cfl=0.12 WC=336.7 WCtFT=19107.0 WCtMS=88506.0
Step=   7600 t= 3.951e-06 dt= 5.661e-10 cfl=0.12 WC=337.7 WCtFT=19313.3 WCtMS=88536.5
Step=   7620 t= 3.963e-06 dt= 5.658e-10 cfl=0.12 WC=338.7 WCtFT=19328.9 WCtMS=88561.3
Step=   7640 t= 3.974e-06 dt= 5.672e-10 cfl=0.12 WC=339.7 WCtFT=19287.7 WCtMS=88591.4
Step=   7660 t= 3.985e-06 dt= 5.647e-10 cfl=0.12 WC=340.7 WCtFT=19378.0 WCtMS=88615.7
Step=   7680 t= 3.997e-06 dt= 5.685e-10 cfl=0.12 WC=341.7 WCtFT=19253.7 WCtMS=88647.3
Write flow solution.
Step=   7700 t= 4.008e-06 dt= 5.653e-10 cfl=0.12 WC=342.9 WCtFT=19375.4 WCtMS=88711.2
Step=   7720 t= 4.019e-06 dt= 5.665e-10 cfl=0.12 WC=343.9 WCtFT=19342.0 WCtMS=88739.8
Step=   7740 t= 4.031e-06 dt= 5.658e-10 cfl=0.12 WC=344.9 WCtFT=19371.1 WCtMS=88768.8
Step=   7760 t= 4.042e-06 dt= 5.656e-10 cfl=0.12 WC=345.9 WCtFT=19383.0 WCtMS=88793.1
Step=   7780 t= 4.053e-06 dt= 5.659e-10 cfl=0.12 WC=346.9 WCtFT=19375.9 WCtMS=88820.7
Step=   7800 t= 4.065e-06 dt= 5.658e-10 cfl=0.12 WC=347.9 WCtFT=19386.1 WCtMS=88844.7
Step=   7820 t= 4.076e-06 dt= 5.669e-10 cfl=0.12 WC=348.9 WCtFT=19351.8 WCtMS=88872.4
Step=   7840 t= 4.087e-06 dt= 5.671e-10 cfl=0.12 WC=349.8 WCtFT=19349.3 WCtMS=88896.1
Step=   7860 t= 4.099e-06 dt= 5.670e-10 cfl=0.12 WC=350.9 WCtFT=19357.9 WCtMS=88924.2
Step=   7880 t= 4.110e-06 dt= 5.687e-10 cfl=0.12 WC=351.8 WCtFT=19305.1 WCtMS=88947.9
Step=   7900 t= 4.121e-06 dt= 5.669e-10 cfl=0.12 WC=352.8 WCtFT=19373.5 WCtMS=88976.0
Step=   7920 t= 4.133e-06 dt= 5.670e-10 cfl=0.12 WC=353.8 WCtFT=19373.7 WCtMS=88999.9
Step=   7940 t= 4.144e-06 dt= 5.665e-10 cfl=0.12 WC=354.8 WCtFT=19395.5 WCtMS=89027.8
Step=   7960 t= 4.155e-06 dt= 5.661e-10 cfl=0.12 WC=355.8 WCtFT=19413.0 WCtMS=89051.2
Step=   7980 t= 4.167e-06 dt= 5.663e-10 cfl=0.12 WC=356.8 WCtFT=19410.5 WCtMS=89078.0
Step=   8000 t= 4.178e-06 dt= 5.686e-10 cfl=0.12 WC=357.8 WCtFT=19337.2 WCtMS=89100.4
***
*** Writing a snapshot: step= 8000, t= 4.178e-06
***
Step=   8020 t= 4.189e-06 dt= 5.685e-10 cfl=0.12 WC=359.0 WCtFT=19354.8 WCtMS=89164.0
Step=   8040 t= 4.201e-06 dt= 5.692e-10 cfl=0.12 WC=360.0 WCtFT=19335.1 WCtMS=89190.8
Step=   8060 t= 4.212e-06 dt= 5.670e-10 cfl=0.12 WC=361.0 WCtFT=19413.4 WCtMS=89212.7
Step=   8080 t= 4.223e-06 dt= 5.666e-10 cfl=0.12 WC=362.0 WCtFT=19434.1 WCtMS=89241.2
Step=   8100 t= 4.235e-06 dt= 5.670e-10 cfl=0.12 WC=363.0 WCtFT=19423.1 WCtMS=89264.4
Step=   8120 t= 4.246e-06 dt= 5.677e-10 cfl=0.12 WC=364.0 WCtFT=19405.0 WCtMS=89291.9
Write flow solution.
Step=   8140 t= 4.257e-06 dt= 5.676e-10 cfl=0.12 WC=365.1 WCtFT=19419.9 WCtMS=89352.3
Step=   8160 t= 4.269e-06 dt= 5.683e-10 cfl=0.12 WC=366.2 WCtFT=19402.4 WCtMS=89381.1
Step=   8180 t= 4.280e-06 dt= 5.671e-10 cfl=0.12 WC=367.2 WCtFT=19449.6 WCtMS=89404.0
Step=   8200 t= 4.291e-06 dt= 5.670e-10 cfl=0.12 WC=368.2 WCtFT=19455.9 WCtMS=89430.4
Step=   8220 t= 4.303e-06 dt= 5.680e-10 cfl=0.12 WC=369.2 WCtFT=19427.4 WCtMS=89451.8
Step=   8240 t= 4.314e-06 dt= 5.688e-10 cfl=0.12 WC=370.2 WCtFT=19404.9 WCtMS=89481.0
Step=   8260 t= 4.326e-06 dt= 5.677e-10 cfl=0.12 WC=371.2 WCtFT=19445.4 WCtMS=89504.4
Step=   8280 t= 4.337e-06 dt= 5.683e-10 cfl=0.12 WC=372.2 WCtFT=19431.2 WCtMS=89531.4
Step=   8300 t= 4.348e-06 dt= 5.672e-10 cfl=0.12 WC=373.2 WCtFT=19474.1 WCtMS=89560.3
Step=   8320 t= 4.360e-06 dt= 5.674e-10 cfl=0.12 WC=374.2 WCtFT=19473.9 WCtMS=89582.8
Step=   8340 t= 4.371e-06 dt= 5.683e-10 cfl=0.12 WC=375.2 WCtFT=19446.2 WCtMS=89609.7
Step=   8360 t= 4.382e-06 dt= 5.690e-10 cfl=0.12 WC=376.2 WCtFT=19426.2 WCtMS=89632.6
Step=   8380 t= 4.394e-06 dt= 5.685e-10 cfl=0.12 WC=377.3 WCtFT=19449.9 WCtMS=89660.0
Step=   8400 t= 4.405e-06 dt= 5.689e-10 cfl=0.12 WC=378.3 WCtFT=19439.2 WCtMS=89682.2
Step=   8420 t= 4.416e-06 dt= 5.675e-10 cfl=0.12 WC=379.3 WCtFT=19492.0 WCtMS=89707.4
Step=   8440 t= 4.428e-06 dt= 5.675e-10 cfl=0.12 WC=380.3 WCtFT=19497.1 WCtMS=89729.5
Step=   8460 t= 4.439e-06 dt= 5.682e-10 cfl=0.12 WC=381.3 WCtFT=19478.7 WCtMS=89757.0
Step=   8480 t= 4.451e-06 dt= 5.694e-10 cfl=0.12 WC=382.3 WCtFT=19440.7 WCtMS=89783.5
Step=   8500 t= 4.462e-06 dt= 5.699e-10 cfl=0.12 WC=383.3 WCtFT=19427.5 WCtMS=89805.2
Step=   8520 t= 4.473e-06 dt= 5.692e-10 cfl=0.12 WC=384.3 WCtFT=19457.0 WCtMS=89831.6
Step=   8540 t= 4.485e-06 dt= 5.678e-10 cfl=0.12 WC=385.3 WCtFT=19510.5 WCtMS=89854.0
Step=   8560 t= 4.496e-06 dt= 5.677e-10 cfl=0.12 WC=386.3 WCtFT=19518.3 WCtMS=89878.9
Write flow solution.
Step=   8580 t= 4.507e-06 dt= 5.684e-10 cfl=0.12 WC=387.5 WCtFT=19504.3 WCtMS=89934.9
Step=   8600 t= 4.519e-06 dt= 5.701e-10 cfl=0.12 WC=388.5 WCtFT=19451.5 WCtMS=89959.2
Step=   8620 t= 4.530e-06 dt= 5.702e-10 cfl=0.12 WC=389.5 WCtFT=19451.1 WCtMS=89980.8
Step=   8640 t= 4.542e-06 dt= 5.694e-10 cfl=0.12 WC=390.5 WCtFT=19484.4 WCtMS=90008.3
Step=   8660 t= 4.553e-06 dt= 5.680e-10 cfl=0.12 WC=391.5 WCtFT=19536.0 WCtMS=90033.4
Step=   8680 t= 4.564e-06 dt= 5.684e-10 cfl=0.12 WC=392.6 WCtFT=19528.2 WCtMS=90061.1
Step=   8700 t= 4.576e-06 dt= 5.702e-10 cfl=0.12 WC=393.6 WCtFT=19471.7 WCtMS=90089.2
Step=   8720 t= 4.587e-06 dt= 5.716e-10 cfl=0.12 WC=394.6 WCtFT=19429.9 WCtMS=90115.7
Step=   8740 t= 4.599e-06 dt= 5.690e-10 cfl=0.12 WC=395.7 WCtFT=19522.3 WCtMS=90143.0
Step=   8760 t= 4.610e-06 dt= 5.686e-10 cfl=0.12 WC=396.7 WCtFT=19542.3 WCtMS=90166.1
Step=   8780 t= 4.621e-06 dt= 5.689e-10 cfl=0.12 WC=397.7 WCtFT=19538.3 WCtMS=90193.4
Step=   8800 t= 4.633e-06 dt= 5.708e-10 cfl=0.12 WC=398.7 WCtFT=19475.6 WCtMS=90216.1
Step=   8820 t= 4.644e-06 dt= 5.711e-10 cfl=0.12 WC=399.7 WCtFT=19469.8 WCtMS=90244.3
Step=   8840 t= 4.656e-06 dt= 5.697e-10 cfl=0.12 WC=400.8 WCtFT=19522.3 WCtMS=90268.5
Step=   8860 t= 4.667e-06 dt= 5.685e-10 cfl=0.12 WC=401.8 WCtFT=19570.0 WCtMS=90298.4
Step=   8880 t= 4.678e-06 dt= 5.702e-10 cfl=0.12 WC=402.8 WCtFT=19517.7 WCtMS=90325.1
Step=   8900 t= 4.690e-06 dt= 5.720e-10 cfl=0.12 WC=403.8 WCtFT=19461.3 WCtMS=90347.6
Step=   8920 t= 4.701e-06 dt= 5.706e-10 cfl=0.12 WC=404.9 WCtFT=19511.2 WCtMS=90372.5
Step=   8940 t= 4.713e-06 dt= 5.690e-10 cfl=0.12 WC=405.9 WCtFT=19572.3 WCtMS=90394.6
Step=   8960 t= 4.724e-06 dt= 5.700e-10 cfl=0.12 WC=406.9 WCtFT=19542.9 WCtMS=90423.4
Step=   8980 t= 4.735e-06 dt= 5.711e-10 cfl=0.12 WC=407.9 WCtFT=19507.3 WCtMS=90444.0
Step=   9000 t= 4.747e-06 dt= 5.715e-10 cfl=0.12 WC=408.9 WCtFT=19499.5 WCtMS=90467.3
***
*** Writing a snapshot: step= 9000, t= 4.747e-06
***
Write flow solution.
Step=   9020 t= 4.758e-06 dt= 5.696e-10 cfl=0.12 WC=410.3 WCtFT=19585.0 WCtMS=90562.2
Step=   9040 t= 4.770e-06 dt= 5.692e-10 cfl=0.12 WC=411.3 WCtFT=19601.5 WCtMS=90580.8
Step=   9060 t= 4.781e-06 dt= 5.712e-10 cfl=0.12 WC=412.3 WCtFT=19537.9 WCtMS=90603.6
Step=   9080 t= 4.792e-06 dt= 5.715e-10 cfl=0.12 WC=413.3 WCtFT=19529.6 WCtMS=90624.1
Step=   9100 t= 4.804e-06 dt= 5.705e-10 cfl=0.12 WC=414.3 WCtFT=19569.2 WCtMS=90649.2
Step=   9120 t= 4.815e-06 dt= 5.695e-10 cfl=0.12 WC=415.3 WCtFT=19607.0 WCtMS=90669.5
Step=   9140 t= 4.827e-06 dt= 5.724e-10 cfl=0.12 WC=416.4 WCtFT=19512.9 WCtMS=90693.9
Step=   9160 t= 4.838e-06 dt= 5.709e-10 cfl=0.12 WC=417.4 WCtFT=19569.2 WCtMS=90720.4
Step=   9180 t= 4.850e-06 dt= 5.698e-10 cfl=0.12 WC=418.4 WCtFT=19609.4 WCtMS=90741.3
Step=   9200 t= 4.861e-06 dt= 5.707e-10 cfl=0.12 WC=419.4 WCtFT=19584.1 WCtMS=90765.3
Step=   9220 t= 4.872e-06 dt= 5.731e-10 cfl=0.12 WC=420.5 WCtFT=19503.7 WCtMS=90785.0
Step=   9240 t= 4.884e-06 dt= 5.711e-10 cfl=0.12 WC=421.5 WCtFT=19578.9 WCtMS=90806.4
Step=   9260 t= 4.895e-06 dt= 5.698e-10 cfl=0.12 WC=422.5 WCtFT=19625.9 WCtMS=90825.3
Step=   9280 t= 4.907e-06 dt= 5.726e-10 cfl=0.12 WC=423.5 WCtFT=19535.1 WCtMS=90847.6
Step=   9300 t= 4.918e-06 dt= 5.714e-10 cfl=0.12 WC=424.5 WCtFT=19577.9 WCtMS=90865.8
Step=   9320 t= 4.929e-06 dt= 5.703e-10 cfl=0.12 WC=425.5 WCtFT=19619.8 WCtMS=90887.1
Step=   9340 t= 4.941e-06 dt= 5.711e-10 cfl=0.12 WC=426.5 WCtFT=19594.6 WCtMS=90908.2
Step=   9360 t= 4.952e-06 dt= 5.735e-10 cfl=0.12 WC=427.5 WCtFT=19516.5 WCtMS=90925.0
Step=   9380 t= 4.964e-06 dt= 5.716e-10 cfl=0.12 WC=428.6 WCtFT=19584.6 WCtMS=90947.6
Step=   9400 t= 4.975e-06 dt= 5.704e-10 cfl=0.12 WC=429.6 WCtFT=19630.5 WCtMS=90967.2
Step=   9420 t= 4.987e-06 dt= 5.747e-10 cfl=0.12 WC=430.6 WCtFT=19487.1 WCtMS=90988.9
Step=   9440 t= 4.998e-06 dt= 5.712e-10 cfl=0.12 WC=431.6 WCtFT=19610.9 WCtMS=91011.2
Write flow solution.
Step=   9460 t= 5.010e-06 dt= 5.703e-10 cfl=0.12 WC=432.8 WCtFT=19650.6 WCtMS=91062.2
Step=   9480 t= 5.021e-06 dt= 5.730e-10 cfl=0.12 WC=433.8 WCtFT=19562.7 WCtMS=91083.5
Step=   9500 t= 5.032e-06 dt= 5.716e-10 cfl=0.12 WC=434.8 WCtFT=19614.8 WCtMS=91100.4
Step=   9520 t= 5.044e-06 dt= 5.713e-10 cfl=0.12 WC=435.8 WCtFT=19629.4 WCtMS=91121.5
Step=   9540 t= 5.055e-06 dt= 5.725e-10 cfl=0.12 WC=436.8 WCtFT=19591.8 WCtMS=91139.9
Step=   9560 t= 5.067e-06 dt= 5.721e-10 cfl=0.12 WC=437.8 WCtFT=19607.2 WCtMS=91161.1
Step=   9580 t= 5.078e-06 dt= 5.714e-10 cfl=0.12 WC=438.9 WCtFT=19634.4 WCtMS=91181.2
Step=   9600 t= 5.090e-06 dt= 5.730e-10 cfl=0.12 WC=439.9 WCtFT=19582.4 WCtMS=91198.1
Step=   9620 t= 5.101e-06 dt= 5.721e-10 cfl=0.12 WC=440.9 WCtFT=19618.5 WCtMS=91219.6
Step=   9640 t= 5.113e-06 dt= 5.715e-10 cfl=0.12 WC=441.9 WCtFT=19642.6 WCtMS=91236.5
Step=   9660 t= 5.124e-06 dt= 5.741e-10 cfl=0.12 WC=442.9 WCtFT=19555.6 WCtMS=91256.3
Step=   9680 t= 5.135e-06 dt= 5.721e-10 cfl=0.12 WC=443.9 WCtFT=19626.7 WCtMS=91272.0
Step=   9700 t= 5.147e-06 dt= 5.720e-10 cfl=0.12 WC=444.9 WCtFT=19635.4 WCtMS=91291.6
Step=   9720 t= 5.158e-06 dt= 5.742e-10 cfl=0.12 WC=445.9 WCtFT=19562.9 WCtMS=91311.1
Step=   9740 t= 5.170e-06 dt= 5.715e-10 cfl=0.12 WC=446.9 WCtFT=19658.0 WCtMS=91326.4
Step=   9760 t= 5.181e-06 dt= 5.725e-10 cfl=0.12 WC=448.0 WCtFT=19628.8 WCtMS=91346.9
Step=   9780 t= 5.193e-06 dt= 5.733e-10 cfl=0.12 WC=449.0 WCtFT=19603.2 WCtMS=91363.7
Step=   9800 t= 5.204e-06 dt= 5.717e-10 cfl=0.12 WC=450.0 WCtFT=19662.0 WCtMS=91384.3
Step=   9820 t= 5.216e-06 dt= 5.737e-10 cfl=0.12 WC=451.0 WCtFT=19595.1 WCtMS=91404.8
Step=   9840 t= 5.227e-06 dt= 5.726e-10 cfl=0.12 WC=452.0 WCtFT=19636.5 WCtMS=91422.4
Step=   9860 t= 5.239e-06 dt= 5.735e-10 cfl=0.12 WC=453.0 WCtFT=19610.6 WCtMS=91443.1
Step=   9880 t= 5.250e-06 dt= 5.732e-10 cfl=0.12 WC=454.0 WCtFT=19621.6 WCtMS=91457.9
Write flow solution.
Step=   9900 t= 5.261e-06 dt= 5.718e-10 cfl=0.12 WC=455.2 WCtFT=19681.7 WCtMS=91511.8
Step=   9920 t= 5.273e-06 dt= 5.737e-10 cfl=0.12 WC=456.2 WCtFT=19619.0 WCtMS=91528.8
Step=   9940 t= 5.284e-06 dt= 5.723e-10 cfl=0.12 WC=457.3 WCtFT=19670.6 WCtMS=91549.2
Step=   9960 t= 5.296e-06 dt= 5.720e-10 cfl=0.12 WC=458.3 WCtFT=19683.3 WCtMS=91569.8
Step=   9980 t= 5.307e-06 dt= 5.731e-10 cfl=0.12 WC=459.3 WCtFT=19649.6 WCtMS=91588.8
Step=  10000 t= 5.319e-06 dt= 5.725e-10 cfl=0.12 WC=460.4 WCtFT=19674.2 WCtMS=91611.4
***
*** Writing a snapshot: step= 10000, t= 5.319e-06
***
Step=  10020 t= 5.330e-06 dt= 5.777e-10 cfl=0.12 WC=461.5 WCtFT=19507.3 WCtMS=91659.6
Step=  10040 t= 5.342e-06 dt= 5.730e-10 cfl=0.12 WC=462.6 WCtFT=19671.6 WCtMS=91680.7
Step=  10060 t= 5.353e-06 dt= 5.734e-10 cfl=0.12 WC=463.6 WCtFT=19662.1 WCtMS=91701.2
Step=  10080 t= 5.365e-06 dt= 5.741e-10 cfl=0.12 WC=464.6 WCtFT=19639.9 WCtMS=91715.4
Step=  10100 t= 5.376e-06 dt= 5.737e-10 cfl=0.12 WC=465.6 WCtFT=19655.7 WCtMS=91734.4
Step=  10120 t= 5.388e-06 dt= 5.742e-10 cfl=0.12 WC=466.6 WCtFT=19642.2 WCtMS=91749.4
Step=  10140 t= 5.399e-06 dt= 5.728e-10 cfl=0.12 WC=467.6 WCtFT=19692.3 WCtMS=91769.0
Step=  10160 t= 5.411e-06 dt= 5.756e-10 cfl=0.12 WC=468.7 WCtFT=19601.1 WCtMS=91790.4
Step=  10180 t= 5.422e-06 dt= 5.725e-10 cfl=0.12 WC=469.7 WCtFT=19708.6 WCtMS=91804.2
Step=  10200 t= 5.434e-06 dt= 5.783e-10 cfl=0.12 WC=470.7 WCtFT=19514.4 WCtMS=91821.5
Step=  10220 t= 5.445e-06 dt= 5.761e-10 cfl=0.12 WC=471.7 WCtFT=19591.8 WCtMS=91838.9
Step=  10240 t= 5.457e-06 dt= 5.738e-10 cfl=0.12 WC=472.7 WCtFT=19675.7 WCtMS=91859.1
Step=  10260 t= 5.468e-06 dt= 5.743e-10 cfl=0.12 WC=473.7 WCtFT=19661.3 WCtMS=91874.8
Step=  10280 t= 5.480e-06 dt= 5.770e-10 cfl=0.12 WC=474.8 WCtFT=19570.5 WCtMS=91894.9
Step=  10300 t= 5.491e-06 dt= 5.735e-10 cfl=0.12 WC=475.8 WCtFT=19693.6 WCtMS=91914.7
Write flow solution.
Step=  10320 t= 5.503e-06 dt= 5.731e-10 cfl=0.12 WC=477.0 WCtFT=19716.8 WCtMS=91958.3
Step=  10340 t= 5.514e-06 dt= 5.764e-10 cfl=0.12 WC=478.0 WCtFT=19607.7 WCtMS=91975.0
Step=  10360 t= 5.526e-06 dt= 5.756e-10 cfl=0.12 WC=479.0 WCtFT=19637.2 WCtMS=91990.9
Step=  10380 t= 5.537e-06 dt= 5.737e-10 cfl=0.12 WC=480.0 WCtFT=19703.4 WCtMS=92004.2
Step=  10400 t= 5.549e-06 dt= 5.764e-10 cfl=0.12 WC=481.0 WCtFT=19615.7 WCtMS=92019.6
Step=  10420 t= 5.560e-06 dt= 5.797e-10 cfl=0.12 WC=482.0 WCtFT=19504.2 WCtMS=92031.2
Step=  10440 t= 5.572e-06 dt= 5.759e-10 cfl=0.12 WC=483.0 WCtFT=19636.0 WCtMS=92046.3
Step=  10460 t= 5.583e-06 dt= 5.744e-10 cfl=0.12 WC=484.0 WCtFT=19691.1 WCtMS=92061.5
Step=  10480 t= 5.595e-06 dt= 5.789e-10 cfl=0.12 WC=485.0 WCtFT=19538.4 WCtMS=92073.2
Step=  10500 t= 5.606e-06 dt= 5.780e-10 cfl=0.12 WC=486.0 WCtFT=19571.9 WCtMS=92088.3
Step=  10520 t= 5.618e-06 dt= 5.750e-10 cfl=0.12 WC=487.0 WCtFT=19675.3 WCtMS=92099.5
Step=  10540 t= 5.629e-06 dt= 5.741e-10 cfl=0.12 WC=488.0 WCtFT=19708.7 WCtMS=92117.7
Step=  10560 t= 5.641e-06 dt= 5.764e-10 cfl=0.12 WC=489.1 WCtFT=19635.0 WCtMS=92136.3
Step=  10580 t= 5.652e-06 dt= 5.770e-10 cfl=0.12 WC=490.1 WCtFT=19617.3 WCtMS=92151.3
Step=  10600 t= 5.664e-06 dt= 5.757e-10 cfl=0.12 WC=491.1 WCtFT=19662.2 WCtMS=92168.9
Step=  10620 t= 5.675e-06 dt= 5.751e-10 cfl=0.12 WC=492.1 WCtFT=19684.7 WCtMS=92181.2
Step=  10640 t= 5.687e-06 dt= 5.763e-10 cfl=0.12 WC=493.1 WCtFT=19646.2 WCtMS=92198.8
Step=  10660 t= 5.698e-06 dt= 5.780e-10 cfl=0.12 WC=494.1 WCtFT=19593.3 WCtMS=92215.2
Step=  10680 t= 5.710e-06 dt= 5.802e-10 cfl=0.12 WC=495.1 WCtFT=19521.7 WCtMS=92227.7
Step=  10700 t= 5.722e-06 dt= 5.768e-10 cfl=0.12 WC=496.2 WCtFT=19639.4 WCtMS=92244.6
Step=  10720 t= 5.733e-06 dt= 5.756e-10 cfl=0.12 WC=497.2 WCtFT=19681.9 WCtMS=92259.2
Step=  10740 t= 5.745e-06 dt= 5.776e-10 cfl=0.12 WC=498.2 WCtFT=19616.6 WCtMS=92270.2
Write flow solution.
Step=  10760 t= 5.756e-06 dt= 5.799e-10 cfl=0.12 WC=499.3 WCtFT=19544.6 WCtMS=92313.5
Step=  10780 t= 5.768e-06 dt= 5.816e-10 cfl=0.12 WC=500.3 WCtFT=19491.4 WCtMS=92326.7
Step=  10800 t= 5.780e-06 dt= 5.777e-10 cfl=0.12 WC=501.3 WCtFT=19623.3 WCtMS=92341.1
Step=  10820 t= 5.791e-06 dt= 5.762e-10 cfl=0.12 WC=502.4 WCtFT=19677.1 WCtMS=92355.5
Step=  10840 t= 5.803e-06 dt= 5.756e-10 cfl=0.12 WC=503.4 WCtFT=19699.0 WCtMS=92366.0
Step=  10860 t= 5.814e-06 dt= 5.767e-10 cfl=0.12 WC=504.4 WCtFT=19662.8 WCtMS=92379.6
Step=  10880 t= 5.826e-06 dt= 5.783e-10 cfl=0.12 WC=505.4 WCtFT=19613.4 WCtMS=92394.8
Step=  10900 t= 5.837e-06 dt= 5.784e-10 cfl=0.12 WC=506.4 WCtFT=19611.5 WCtMS=92407.4
Step=  10920 t= 5.849e-06 dt= 5.796e-10 cfl=0.12 WC=507.4 WCtFT=19573.5 WCtMS=92421.4
Step=  10940 t= 5.860e-06 dt= 5.771e-10 cfl=0.12 WC=508.4 WCtFT=19660.0 WCtMS=92433.1
Step=  10960 t= 5.872e-06 dt= 5.766e-10 cfl=0.12 WC=509.4 WCtFT=19680.3 WCtMS=92448.3
Step=  10980 t= 5.883e-06 dt= 5.781e-10 cfl=0.12 WC=510.4 WCtFT=19629.0 WCtMS=92462.6
Step=  11000 t= 5.895e-06 dt= 5.780e-10 cfl=0.12 WC=511.4 WCtFT=19635.8 WCtMS=92474.0
***
*** Writing a snapshot: step= 11000, t= 5.895e-06
***
Step=  11020 t= 5.907e-06 dt= 5.795e-10 cfl=0.12 WC=512.6 WCtFT=19591.2 WCtMS=92517.4
Step=  11040 t= 5.918e-06 dt= 5.811e-10 cfl=0.12 WC=513.6 WCtFT=19542.9 WCtMS=92534.0
Step=  11060 t= 5.930e-06 dt= 5.826e-10 cfl=0.12 WC=514.6 WCtFT=19493.3 WCtMS=92545.6
Step=  11080 t= 5.941e-06 dt= 5.825e-10 cfl=0.12 WC=515.6 WCtFT=19499.3 WCtMS=92559.8
Step=  11100 t= 5.953e-06 dt= 5.798e-10 cfl=0.12 WC=516.7 WCtFT=19592.2 WCtMS=92575.8
Step=  11120 t= 5.965e-06 dt= 5.782e-10 cfl=0.12 WC=517.7 WCtFT=19647.0 WCtMS=92588.1
Step=  11140 t= 5.976e-06 dt= 5.778e-10 cfl=0.12 WC=518.7 WCtFT=19664.3 WCtMS=92601.8
Step=  11160 t= 5.988e-06 dt= 5.774e-10 cfl=0.12 WC=519.7 WCtFT=19679.0 WCtMS=92611.2
Step=  11180 t= 5.999e-06 dt= 5.776e-10 cfl=0.12 WC=520.7 WCtFT=19672.9 WCtMS=92622.6
Write flow solution.
Step=  11200 t= 6.011e-06 dt= 5.785e-10 cfl=0.12 WC=521.8 WCtFT=19652.2 WCtMS=92662.6
Step=  11220 t= 6.022e-06 dt= 5.798e-10 cfl=0.12 WC=522.8 WCtFT=19608.7 WCtMS=92670.8
Step=  11240 t= 6.034e-06 dt= 5.799e-10 cfl=0.12 WC=523.8 WCtFT=19606.3 WCtMS=92682.8
Step=  11260 t= 6.046e-06 dt= 5.807e-10 cfl=0.12 WC=524.8 WCtFT=19582.6 WCtMS=92694.7
Step=  11280 t= 6.057e-06 dt= 5.825e-10 cfl=0.12 WC=525.8 WCtFT=19521.4 WCtMS=92703.3
Step=  11300 t= 6.069e-06 dt= 5.830e-10 cfl=0.12 WC=526.8 WCtFT=19505.3 WCtMS=92715.0
Step=  11320 t= 6.081e-06 dt= 5.811e-10 cfl=0.12 WC=527.8 WCtFT=19572.6 WCtMS=92726.6
Step=  11340 t= 6.092e-06 dt= 5.797e-10 cfl=0.12 WC=528.8 WCtFT=19621.4 WCtMS=92734.7
Step=  11360 t= 6.104e-06 dt= 5.788e-10 cfl=0.12 WC=529.8 WCtFT=19653.7 WCtMS=92746.4
Step=  11380 t= 6.115e-06 dt= 5.783e-10 cfl=0.12 WC=530.8 WCtFT=19669.9 WCtMS=92754.3
Step=  11400 t= 6.127e-06 dt= 5.783e-10 cfl=0.12 WC=531.8 WCtFT=19673.6 WCtMS=92765.7
Step=  11420 t= 6.139e-06 dt= 5.785e-10 cfl=0.12 WC=532.8 WCtFT=19665.4 WCtMS=92777.0
Step=  11440 t= 6.150e-06 dt= 5.791e-10 cfl=0.12 WC=533.8 WCtFT=19647.0 WCtMS=92784.9
Step=  11460 t= 6.162e-06 dt= 5.799e-10 cfl=0.12 WC=534.8 WCtFT=19621.1 WCtMS=92796.1
Step=  11480 t= 6.173e-06 dt= 5.804e-10 cfl=0.12 WC=535.8 WCtFT=19608.7 WCtMS=92808.6
Step=  11500 t= 6.185e-06 dt= 5.795e-10 cfl=0.12 WC=536.8 WCtFT=19637.0 WCtMS=92817.8
Step=  11520 t= 6.196e-06 dt= 5.789e-10 cfl=0.12 WC=537.8 WCtFT=19659.2 WCtMS=92829.0
Step=  11540 t= 6.208e-06 dt= 5.785e-10 cfl=0.12 WC=538.8 WCtFT=19674.6 WCtMS=92836.4
Step=  11560 t= 6.220e-06 dt= 5.782e-10 cfl=0.12 WC=539.8 WCtFT=19685.4 WCtMS=92847.4
Step=  11580 t= 6.231e-06 dt= 5.781e-10 cfl=0.12 WC=540.8 WCtFT=19691.2 WCtMS=92857.7
Step=  11600 t= 6.243e-06 dt= 5.781e-10 cfl=0.12 WC=541.8 WCtFT=19692.1 WCtMS=92865.1
Write flow solution.
Step=  11620 t= 6.254e-06 dt= 5.782e-10 cfl=0.12 WC=542.9 WCtFT=19695.6 WCtMS=92902.5
Step=  11640 t= 6.266e-06 dt= 5.784e-10 cfl=0.12 WC=543.9 WCtFT=19690.1 WCtMS=92912.8
Step=  11660 t= 6.277e-06 dt= 5.787e-10 cfl=0.12 WC=544.9 WCtFT=19681.5 WCtMS=92921.1
Step=  11680 t= 6.289e-06 dt= 5.791e-10 cfl=0.12 WC=545.9 WCtFT=19670.6 WCtMS=92931.8
Step=  11700 t= 6.301e-06 dt= 5.795e-10 cfl=0.12 WC=546.9 WCtFT=19656.9 WCtMS=92942.0
Step=  11720 t= 6.312e-06 dt= 5.795e-10 cfl=0.12 WC=547.9 WCtFT=19659.9 WCtMS=92949.9
Step=  11740 t= 6.324e-06 dt= 5.794e-10 cfl=0.12 WC=548.9 WCtFT=19663.6 WCtMS=92960.0
Step=  11760 t= 6.335e-06 dt= 5.796e-10 cfl=0.12 WC=549.9 WCtFT=19658.9 WCtMS=92966.8
Step=  11780 t= 6.347e-06 dt= 5.799e-10 cfl=0.12 WC=550.9 WCtFT=19647.6 WCtMS=92976.1
Step=  11800 t= 6.359e-06 dt= 5.805e-10 cfl=0.12 WC=551.9 WCtFT=19629.7 WCtMS=92985.8
Step=  11820 t= 6.370e-06 dt= 5.813e-10 cfl=0.12 WC=552.9 WCtFT=19604.3 WCtMS=92992.0
Step=  11840 t= 6.382e-06 dt= 5.809e-10 cfl=0.12 WC=553.9 WCtFT=19618.6 WCtMS=93002.1
Step=  11860 t= 6.393e-06 dt= 5.801e-10 cfl=0.12 WC=554.9 WCtFT=19647.6 WCtMS=93012.4
Step=  11880 t= 6.405e-06 dt= 5.794e-10 cfl=0.12 WC=555.8 WCtFT=19669.8 WCtMS=93018.7
Step=  11900 t= 6.417e-06 dt= 5.789e-10 cfl=0.12 WC=556.8 WCtFT=19687.4 WCtMS=93028.0
Step=  11920 t= 6.428e-06 dt= 5.786e-10 cfl=0.12 WC=557.8 WCtFT=19699.9 WCtMS=93037.1
Step=  11940 t= 6.440e-06 dt= 5.784e-10 cfl=0.12 WC=558.8 WCtFT=19706.5 WCtMS=93043.2
Step=  11960 t= 6.451e-06 dt= 5.784e-10 cfl=0.12 WC=559.8 WCtFT=19708.3 WCtMS=93051.7
Step=  11980 t= 6.463e-06 dt= 5.785e-10 cfl=0.12 WC=560.8 WCtFT=19704.7 WCtMS=93060.4
Step=  12000 t= 6.474e-06 dt= 5.788e-10 cfl=0.12 WC=561.8 WCtFT=19696.4 WCtMS=93071.9
***
*** Writing a snapshot: step= 12000, t= 6.474e-06
***
Step=  12020 t= 6.486e-06 dt= 5.793e-10 cfl=0.12 WC=563.0 WCtFT=19687.5 WCtMS=93107.3
Step=  12040 t= 6.498e-06 dt= 5.800e-10 cfl=0.12 WC=563.9 WCtFT=19665.4 WCtMS=93113.1
Write flow solution.
Step=  12060 t= 6.509e-06 dt= 5.808e-10 cfl=0.12 WC=565.1 WCtFT=19642.5 WCtMS=93148.2
Step=  12080 t= 6.521e-06 dt= 5.812e-10 cfl=0.12 WC=566.1 WCtFT=19632.5 WCtMS=93158.7
Step=  12100 t= 6.532e-06 dt= 5.809e-10 cfl=0.12 WC=567.1 WCtFT=19642.5 WCtMS=93165.0
Step=  12120 t= 6.544e-06 dt= 5.809e-10 cfl=0.12 WC=568.1 WCtFT=19643.6 WCtMS=93174.2
Step=  12140 t= 6.556e-06 dt= 5.812e-10 cfl=0.12 WC=569.1 WCtFT=19635.4 WCtMS=93183.3
Step=  12160 t= 6.567e-06 dt= 5.805e-10 cfl=0.12 WC=570.1 WCtFT=19657.8 WCtMS=93189.6
Step=  12180 t= 6.579e-06 dt= 5.797e-10 cfl=0.12 WC=571.1 WCtFT=19687.4 WCtMS=93198.2
Step=  12200 t= 6.591e-06 dt= 5.791e-10 cfl=0.12 WC=572.0 WCtFT=19707.5 WCtMS=93204.0
Step=  12220 t= 6.602e-06 dt= 5.788e-10 cfl=0.12 WC=573.0 WCtFT=19719.4 WCtMS=93212.6
Step=  12240 t= 6.614e-06 dt= 5.788e-10 cfl=0.12 WC=574.0 WCtFT=19721.8 WCtMS=93220.9
Step=  12260 t= 6.625e-06 dt= 5.790e-10 cfl=0.12 WC=575.0 WCtFT=19714.0 WCtMS=93226.0
Step=  12280 t= 6.637e-06 dt= 5.795e-10 cfl=0.12 WC=576.0 WCtFT=19697.0 WCtMS=93234.1
Step=  12300 t= 6.648e-06 dt= 5.803e-10 cfl=0.12 WC=577.0 WCtFT=19670.2 WCtMS=93242.4
Step=  12320 t= 6.660e-06 dt= 5.815e-10 cfl=0.12 WC=578.0 WCtFT=19633.2 WCtMS=93247.7
Step=  12340 t= 6.672e-06 dt= 5.814e-10 cfl=0.12 WC=579.0 WCtFT=19634.3 WCtMS=93255.7
Step=  12360 t= 6.683e-06 dt= 5.801e-10 cfl=0.12 WC=580.0 WCtFT=19682.2 WCtMS=93263.7
Step=  12380 t= 6.695e-06 dt= 5.790e-10 cfl=0.12 WC=580.9 WCtFT=19718.1 WCtMS=93268.7
Step=  12400 t= 6.706e-06 dt= 5.783e-10 cfl=0.12 WC=581.9 WCtFT=19743.1 WCtMS=93276.9
Step=  12420 t= 6.718e-06 dt= 5.779e-10 cfl=0.12 WC=582.9 WCtFT=19756.0 WCtMS=93282.0
Step=  12440 t= 6.730e-06 dt= 5.779e-10 cfl=0.12 WC=583.9 WCtFT=19757.7 WCtMS=93289.6
Step=  12460 t= 6.741e-06 dt= 5.782e-10 cfl=0.12 WC=584.9 WCtFT=19747.9 WCtMS=93297.1
Write flow solution.
Step=  12480 t= 6.753e-06 dt= 5.789e-10 cfl=0.12 WC=586.0 WCtFT=19731.3 WCtMS=93326.5
Step=  12500 t= 6.764e-06 dt= 5.798e-10 cfl=0.12 WC=587.0 WCtFT=19699.3 WCtMS=93334.0
Step=  12520 t= 6.776e-06 dt= 5.799e-10 cfl=0.12 WC=588.0 WCtFT=19696.4 WCtMS=93341.1
Step=  12540 t= 6.788e-06 dt= 5.802e-10 cfl=0.12 WC=589.0 WCtFT=19687.6 WCtMS=93345.3
Step=  12560 t= 6.799e-06 dt= 5.808e-10 cfl=0.12 WC=590.0 WCtFT=19667.6 WCtMS=93352.9
Step=  12580 t= 6.811e-06 dt= 5.797e-10 cfl=0.12 WC=591.0 WCtFT=19706.0 WCtMS=93360.7
Step=  12600 t= 6.822e-06 dt= 5.788e-10 cfl=0.12 WC=591.9 WCtFT=19737.7 WCtMS=93365.2
Step=  12620 t= 6.834e-06 dt= 5.783e-10 cfl=0.12 WC=592.9 WCtFT=19755.7 WCtMS=93371.6
Step=  12640 t= 6.845e-06 dt= 5.782e-10 cfl=0.12 WC=593.9 WCtFT=19759.4 WCtMS=93375.6
Step=  12660 t= 6.857e-06 dt= 5.785e-10 cfl=0.12 WC=594.9 WCtFT=19749.7 WCtMS=93382.2
Step=  12680 t= 6.869e-06 dt= 5.792e-10 cfl=0.12 WC=595.9 WCtFT=19726.7 WCtMS=93389.3
Step=  12700 t= 6.880e-06 dt= 5.803e-10 cfl=0.12 WC=596.8 WCtFT=19690.2 WCtMS=93393.2
Step=  12720 t= 6.892e-06 dt= 5.804e-10 cfl=0.12 WC=597.8 WCtFT=19686.1 WCtMS=93400.0
Step=  12740 t= 6.903e-06 dt= 5.791e-10 cfl=0.12 WC=598.8 WCtFT=19732.3 WCtMS=93406.8
Step=  12760 t= 6.915e-06 dt= 5.782e-10 cfl=0.12 WC=599.8 WCtFT=19763.4 WCtMS=93411.2
Step=  12780 t= 6.927e-06 dt= 5.777e-10 cfl=0.12 WC=600.8 WCtFT=19780.7 WCtMS=93418.0
Step=  12800 t= 6.938e-06 dt= 5.776e-10 cfl=0.12 WC=601.8 WCtFT=19783.6 WCtMS=93422.0
Step=  12820 t= 6.950e-06 dt= 5.779e-10 cfl=0.12 WC=602.7 WCtFT=19773.8 WCtMS=93428.6
Step=  12840 t= 6.961e-06 dt= 5.786e-10 cfl=0.12 WC=603.7 WCtFT=19752.3 WCtMS=93436.8
Step=  12860 t= 6.973e-06 dt= 5.792e-10 cfl=0.12 WC=604.7 WCtFT=19731.8 WCtMS=93441.9
Step=  12880 t= 6.984e-06 dt= 5.792e-10 cfl=0.12 WC=605.7 WCtFT=19730.5 WCtMS=93448.5
Step=  12900 t= 6.996e-06 dt= 5.797e-10 cfl=0.12 WC=606.7 WCtFT=19713.7 WCtMS=93454.5
Write flow solution.
Step=  12920 t= 7.008e-06 dt= 5.807e-10 cfl=0.12 WC=607.8 WCtFT=19686.8 WCtMS=93482.6
Step=  12940 t= 7.019e-06 dt= 5.802e-10 cfl=0.12 WC=608.8 WCtFT=19702.1 WCtMS=93487.8
Step=  12960 t= 7.031e-06 dt= 5.790e-10 cfl=0.12 WC=609.8 WCtFT=19745.7 WCtMS=93493.9
Step=  12980 t= 7.042e-06 dt= 5.782e-10 cfl=0.12 WC=610.8 WCtFT=19771.1 WCtMS=93497.3
Step=  13000 t= 7.054e-06 dt= 5.780e-10 cfl=0.12 WC=611.7 WCtFT=19781.0 WCtMS=93503.5
***
*** Writing a snapshot: step= 13000, t= 7.054e-06
***
Step=  13020 t= 7.065e-06 dt= 5.781e-10 cfl=0.12 WC=612.9 WCtFT=19780.4 WCtMS=93530.9
Step=  13040 t= 7.077e-06 dt= 5.787e-10 cfl=0.12 WC=613.9 WCtFT=19762.1 WCtMS=93537.1
Step=  13060 t= 7.089e-06 dt= 5.796e-10 cfl=0.12 WC=614.9 WCtFT=19729.6 WCtMS=93543.0
Step=  13080 t= 7.100e-06 dt= 5.810e-10 cfl=0.12 WC=615.8 WCtFT=19682.6 WCtMS=93546.6
Step=  13100 t= 7.112e-06 dt= 5.815e-10 cfl=0.12 WC=616.8 WCtFT=19667.8 WCtMS=93552.5
Step=  13120 t= 7.123e-06 dt= 5.809e-10 cfl=0.12 WC=617.8 WCtFT=19687.5 WCtMS=93558.6
Step=  13140 t= 7.135e-06 dt= 5.808e-10 cfl=0.12 WC=618.8 WCtFT=19690.5 WCtMS=93561.9
Step=  13160 t= 7.147e-06 dt= 5.798e-10 cfl=0.12 WC=619.8 WCtFT=19726.4 WCtMS=93567.9
Step=  13180 t= 7.158e-06 dt= 5.789e-10 cfl=0.12 WC=620.7 WCtFT=19755.7 WCtMS=93574.1
Step=  13200 t= 7.170e-06 dt= 5.786e-10 cfl=0.12 WC=621.7 WCtFT=19767.2 WCtMS=93576.9
Step=  13220 t= 7.181e-06 dt= 5.787e-10 cfl=0.12 WC=622.7 WCtFT=19763.6 WCtMS=93583.8
Step=  13240 t= 7.193e-06 dt= 5.793e-10 cfl=0.12 WC=623.7 WCtFT=19743.4 WCtMS=93586.9
Step=  13260 t= 7.205e-06 dt= 5.803e-10 cfl=0.12 WC=624.7 WCtFT=19708.4 WCtMS=93592.5
Step=  13280 t= 7.216e-06 dt= 5.818e-10 cfl=0.12 WC=625.6 WCtFT=19658.9 WCtMS=93598.3
Step=  13300 t= 7.228e-06 dt= 5.802e-10 cfl=0.12 WC=626.6 WCtFT=19713.2 WCtMS=93601.2
Step=  13320 t= 7.239e-06 dt= 5.789e-10 cfl=0.12 WC=627.6 WCtFT=19757.2 WCtMS=93607.5
Write flow solution.
Step=  13340 t= 7.251e-06 dt= 5.781e-10 cfl=0.12 WC=628.8 WCtFT=19790.1 WCtMS=93636.9
Step=  13360 t= 7.263e-06 dt= 5.778e-10 cfl=0.12 WC=629.7 WCtFT=19801.8 WCtMS=93639.4
Step=  13380 t= 7.274e-06 dt= 5.779e-10 cfl=0.12 WC=630.7 WCtFT=19798.8 WCtMS=93644.5
Step=  13400 t= 7.286e-06 dt= 5.784e-10 cfl=0.12 WC=631.7 WCtFT=19781.3 WCtMS=93650.3
Step=  13420 t= 7.297e-06 dt= 5.793e-10 cfl=0.12 WC=632.7 WCtFT=19749.4 WCtMS=93652.3
Step=  13440 t= 7.309e-06 dt= 5.800e-10 cfl=0.12 WC=633.6 WCtFT=19728.2 WCtMS=93657.0
Step=  13460 t= 7.320e-06 dt= 5.801e-10 cfl=0.12 WC=634.6 WCtFT=19723.9 WCtMS=93659.5
Step=  13480 t= 7.332e-06 dt= 5.807e-10 cfl=0.12 WC=635.6 WCtFT=19703.9 WCtMS=93664.6
Step=  13500 t= 7.344e-06 dt= 5.796e-10 cfl=0.12 WC=636.6 WCtFT=19739.5 WCtMS=93669.5
Step=  13520 t= 7.355e-06 dt= 5.787e-10 cfl=0.12 WC=637.5 WCtFT=19771.2 WCtMS=93672.5
Step=  13540 t= 7.367e-06 dt= 5.783e-10 cfl=0.12 WC=638.5 WCtFT=19786.7 WCtMS=93677.1
Step=  13560 t= 7.378e-06 dt= 5.783e-10 cfl=0.12 WC=639.5 WCtFT=19786.4 WCtMS=93682.0
Step=  13580 t= 7.390e-06 dt= 5.788e-10 cfl=0.12 WC=640.5 WCtFT=19769.8 WCtMS=93684.0
Step=  13600 t= 7.402e-06 dt= 5.797e-10 cfl=0.12 WC=641.4 WCtFT=19738.8 WCtMS=93688.6
Step=  13620 t= 7.413e-06 dt= 5.810e-10 cfl=0.12 WC=642.4 WCtFT=19693.8 WCtMS=93693.4
Step=  13640 t= 7.425e-06 dt= 5.799e-10 cfl=0.12 WC=643.4 WCtFT=19730.8 WCtMS=93695.8
Step=  13660 t= 7.436e-06 dt= 5.787e-10 cfl=0.12 WC=644.4 WCtFT=19774.1 WCtMS=93700.6
Step=  13680 t= 7.448e-06 dt= 5.779e-10 cfl=0.12 WC=645.3 WCtFT=19800.7 WCtMS=93702.9
Step=  13700 t= 7.459e-06 dt= 5.775e-10 cfl=0.12 WC=646.3 WCtFT=19812.3 WCtMS=93708.1
Step=  13720 t= 7.471e-06 dt= 5.777e-10 cfl=0.12 WC=647.3 WCtFT=19808.6 WCtMS=93712.7
Step=  13740 t= 7.483e-06 dt= 5.782e-10 cfl=0.12 WC=648.3 WCtFT=19790.3 WCtMS=93715.2
Step=  13760 t= 7.494e-06 dt= 5.791e-10 cfl=0.12 WC=649.3 WCtFT=19759.8 WCtMS=93719.6
Write flow solution.
Step=  13780 t= 7.506e-06 dt= 5.794e-10 cfl=0.12 WC=650.4 WCtFT=19754.4 WCtMS=93747.1
Step=  13800 t= 7.517e-06 dt= 5.800e-10 cfl=0.12 WC=651.4 WCtFT=19734.2 WCtMS=93748.5
Step=  13820 t= 7.529e-06 dt= 5.810e-10 cfl=0.12 WC=652.3 WCtFT=19698.5 WCtMS=93753.0
Step=  13840 t= 7.541e-06 dt= 5.805e-10 cfl=0.12 WC=653.3 WCtFT=19714.7 WCtMS=93754.8
Step=  13860 t= 7.552e-06 dt= 5.792e-10 cfl=0.12 WC=654.3 WCtFT=19761.8 WCtMS=93759.0
Step=  13880 t= 7.564e-06 dt= 5.783e-10 cfl=0.12 WC=655.3 WCtFT=19790.4 WCtMS=93763.2
Step=  13900 t= 7.575e-06 dt= 5.780e-10 cfl=0.12 WC=656.2 WCtFT=19801.2 WCtMS=93765.2
Step=  13920 t= 7.587e-06 dt= 5.781e-10 cfl=0.12 WC=657.2 WCtFT=19797.1 WCtMS=93769.2
Step=  13940 t= 7.598e-06 dt= 5.787e-10 cfl=0.12 WC=658.2 WCtFT=19777.0 WCtMS=93773.9
Step=  13960 t= 7.610e-06 dt= 5.798e-10 cfl=0.12 WC=659.2 WCtFT=19740.1 WCtMS=93775.8
Step=  13980 t= 7.622e-06 dt= 5.813e-10 cfl=0.12 WC=660.1 WCtFT=19688.8 WCtMS=93781.2
Step=  14000 t= 7.633e-06 dt= 5.811e-10 cfl=0.12 WC=661.1 WCtFT=19695.5 WCtMS=93785.6
***
*** Writing a snapshot: step= 14000, t= 7.633e-06
***
Step=  14020 t= 7.645e-06 dt= 5.810e-10 cfl=0.12 WC=662.2 WCtFT=19703.5 WCtMS=93809.4
Step=  14040 t= 7.656e-06 dt= 5.804e-10 cfl=0.12 WC=663.2 WCtFT=19724.8 WCtMS=93813.4
Step=  14060 t= 7.668e-06 dt= 5.793e-10 cfl=0.12 WC=664.2 WCtFT=19761.0 WCtMS=93814.8
Step=  14080 t= 7.680e-06 dt= 5.788e-10 cfl=0.12 WC=665.2 WCtFT=19779.5 WCtMS=93818.5
Step=  14100 t= 7.691e-06 dt= 5.787e-10 cfl=0.12 WC=666.1 WCtFT=19780.7 WCtMS=93822.8
Step=  14120 t= 7.703e-06 dt= 5.792e-10 cfl=0.12 WC=667.1 WCtFT=19764.1 WCtMS=93824.7
Step=  14140 t= 7.714e-06 dt= 5.802e-10 cfl=0.12 WC=668.1 WCtFT=19730.9 WCtMS=93828.8
Step=  14160 t= 7.726e-06 dt= 5.817e-10 cfl=0.12 WC=669.1 WCtFT=19680.8 WCtMS=93833.3
Step=  14180 t= 7.738e-06 dt= 5.807e-10 cfl=0.12 WC=670.0 WCtFT=19713.4 WCtMS=93835.0
Step=  14200 t= 7.749e-06 dt= 5.792e-10 cfl=0.12 WC=671.0 WCtFT=19764.8 WCtMS=93839.0
Write flow solution.
Step=  14220 t= 7.761e-06 dt= 5.782e-10 cfl=0.12 WC=672.2 WCtFT=19802.8 WCtMS=93865.5
Step=  14240 t= 7.772e-06 dt= 5.778e-10 cfl=0.12 WC=673.1 WCtFT=19817.9 WCtMS=93866.5
Step=  14260 t= 7.784e-06 dt= 5.778e-10 cfl=0.12 WC=674.1 WCtFT=19816.0 WCtMS=93870.4
Step=  14280 t= 7.795e-06 dt= 5.784e-10 cfl=0.12 WC=675.1 WCtFT=19796.2 WCtMS=93870.9
Step=  14300 t= 7.807e-06 dt= 5.794e-10 cfl=0.12 WC=676.0 WCtFT=19760.4 WCtMS=93874.6
Step=  14320 t= 7.819e-06 dt= 5.802e-10 cfl=0.12 WC=677.0 WCtFT=19735.1 WCtMS=93878.3
Step=  14340 t= 7.830e-06 dt= 5.808e-10 cfl=0.12 WC=678.0 WCtFT=19714.7 WCtMS=93879.6
Step=  14360 t= 7.842e-06 dt= 5.800e-10 cfl=0.12 WC=679.0 WCtFT=19740.3 WCtMS=93882.9
Step=  14380 t= 7.853e-06 dt= 5.789e-10 cfl=0.12 WC=679.9 WCtFT=19779.6 WCtMS=93886.1
Step=  14400 t= 7.865e-06 dt= 5.783e-10 cfl=0.12 WC=680.9 WCtFT=19798.1 WCtMS=93886.6
Step=  14420 t= 7.877e-06 dt= 5.783e-10 cfl=0.12 WC=681.9 WCtFT=19797.9 WCtMS=93889.7
Step=  14440 t= 7.888e-06 dt= 5.788e-10 cfl=0.12 WC=682.8 WCtFT=19779.4 WCtMS=93892.8
Step=  14460 t= 7.900e-06 dt= 5.799e-10 cfl=0.12 WC=683.8 WCtFT=19742.7 WCtMS=93893.1
Step=  14480 t= 7.911e-06 dt= 5.812e-10 cfl=0.12 WC=684.8 WCtFT=19698.2 WCtMS=93896.3
Step=  14500 t= 7.923e-06 dt= 5.794e-10 cfl=0.12 WC=685.7 WCtFT=19757.5 WCtMS=93896.6
Step=  14520 t= 7.935e-06 dt= 5.782e-10 cfl=0.12 WC=686.7 WCtFT=19797.8 WCtMS=93899.1
Step=  14540 t= 7.946e-06 dt= 5.776e-10 cfl=0.12 WC=687.7 WCtFT=19819.4 WCtMS=93901.9
Step=  14560 t= 7.958e-06 dt= 5.775e-10 cfl=0.12 WC=688.6 WCtFT=19822.9 WCtMS=93902.0
Step=  14580 t= 7.969e-06 dt= 5.778e-10 cfl=0.12 WC=689.6 WCtFT=19810.5 WCtMS=93904.9
Step=  14600 t= 7.981e-06 dt= 5.787e-10 cfl=0.12 WC=690.6 WCtFT=19782.5 WCtMS=93907.5
Step=  14620 t= 7.992e-06 dt= 5.794e-10 cfl=0.12 WC=691.5 WCtFT=19755.6 WCtMS=93907.5
Write flow solution.
Step=  14640 t= 8.004e-06 dt= 5.802e-10 cfl=0.12 WC=692.7 WCtFT=19734.4 WCtMS=93932.1
Step=  14660 t= 8.016e-06 dt= 5.815e-10 cfl=0.12 WC=693.6 WCtFT=19687.9 WCtMS=93932.7
Step=  14680 t= 8.027e-06 dt= 5.802e-10 cfl=0.12 WC=694.6 WCtFT=19732.4 WCtMS=93935.1
Step=  14700 t= 8.039e-06 dt= 5.788e-10 cfl=0.12 WC=695.6 WCtFT=19780.1 WCtMS=93937.4
Step=  14720 t= 8.050e-06 dt= 5.781e-10 cfl=0.12 WC=696.5 WCtFT=19804.6 WCtMS=93937.1
Step=  14740 t= 8.062e-06 dt= 5.779e-10 cfl=0.12 WC=697.5 WCtFT=19809.4 WCtMS=93939.6
Step=  14760 t= 8.073e-06 dt= 5.784e-10 cfl=0.12 WC=698.4 WCtFT=19793.7 WCtMS=93941.7
Step=  14780 t= 8.085e-06 dt= 5.794e-10 cfl=0.12 WC=699.4 WCtFT=19757.2 WCtMS=93941.6
Step=  14800 t= 8.097e-06 dt= 5.810e-10 cfl=0.12 WC=700.4 WCtFT=19702.9 WCtMS=93944.1
Step=  14820 t= 8.108e-06 dt= 5.813e-10 cfl=0.12 WC=701.3 WCtFT=19691.5 WCtMS=93946.7
Step=  14840 t= 8.120e-06 dt= 5.811e-10 cfl=0.12 WC=702.3 WCtFT=19697.6 WCtMS=93947.0
Step=  14860 t= 8.132e-06 dt= 5.804e-10 cfl=0.12 WC=703.3 WCtFT=19723.5 WCtMS=93949.4
Step=  14880 t= 8.143e-06 dt= 5.793e-10 cfl=0.12 WC=704.2 WCtFT=19760.9 WCtMS=93952.3
Step=  14900 t= 8.155e-06 dt= 5.788e-10 cfl=0.12 WC=705.2 WCtFT=19776.8 WCtMS=93952.3
Step=  14920 t= 8.166e-06 dt= 5.789e-10 cfl=0.12 WC=706.2 WCtFT=19773.0 WCtMS=93955.5
Step=  14940 t= 8.178e-06 dt= 5.796e-10 cfl=0.12 WC=707.1 WCtFT=19748.5 WCtMS=93955.4
Step=  14960 t= 8.189e-06 dt= 5.809e-10 cfl=0.12 WC=708.1 WCtFT=19704.8 WCtMS=93957.8
Step=  14980 t= 8.201e-06 dt= 5.817e-10 cfl=0.12 WC=709.1 WCtFT=19676.1 WCtMS=93960.0
Step=  15000 t= 8.213e-06 dt= 5.799e-10 cfl=0.12 WC=710.0 WCtFT=19737.6 WCtMS=93960.0
***
*** Writing a snapshot: step= 15000, t= 8.213e-06
***
Step=  15020 t= 8.224e-06 dt= 5.786e-10 cfl=0.12 WC=711.2 WCtFT=19784.5 WCtMS=93982.9
Step=  15040 t= 8.236e-06 dt= 5.779e-10 cfl=0.12 WC=712.1 WCtFT=19808.0 WCtMS=93984.8
Step=  15060 t= 8.247e-06 dt= 5.778e-10 cfl=0.12 WC=713.1 WCtFT=19812.3 WCtMS=93984.4
Write flow solution.
Step=  15080 t= 8.259e-06 dt= 5.781e-10 cfl=0.12 WC=714.2 WCtFT=19803.0 WCtMS=94007.2
Step=  15100 t= 8.271e-06 dt= 5.791e-10 cfl=0.12 WC=715.1 WCtFT=19770.9 WCtMS=94006.7
Step=  15120 t= 8.282e-06 dt= 5.803e-10 cfl=0.12 WC=716.1 WCtFT=19728.4 WCtMS=94008.7
Step=  15140 t= 8.294e-06 dt= 5.809e-10 cfl=0.12 WC=717.1 WCtFT=19707.5 WCtMS=94011.2
Step=  15160 t= 8.305e-06 dt= 5.801e-10 cfl=0.12 WC=718.0 WCtFT=19733.5 WCtMS=94010.7
Step=  15180 t= 8.317e-06 dt= 5.788e-10 cfl=0.12 WC=719.0 WCtFT=19776.9 WCtMS=94012.9
Step=  15200 t= 8.329e-06 dt= 5.783e-10 cfl=0.12 WC=720.0 WCtFT=19794.9 WCtMS=94014.9
Step=  15220 t= 8.340e-06 dt= 5.784e-10 cfl=0.12 WC=720.9 WCtFT=19792.0 WCtMS=94014.4
Step=  15240 t= 8.352e-06 dt= 5.790e-10 cfl=0.12 WC=721.9 WCtFT=19769.8 WCtMS=94016.2
Step=  15260 t= 8.363e-06 dt= 5.802e-10 cfl=0.12 WC=722.9 WCtFT=19729.1 WCtMS=94019.2
Step=  15280 t= 8.375e-06 dt= 5.811e-10 cfl=0.12 WC=723.8 WCtFT=19698.9 WCtMS=94019.7
Step=  15300 t= 8.386e-06 dt= 5.792e-10 cfl=0.12 WC=724.8 WCtFT=19761.2 WCtMS=94021.9
Step=  15320 t= 8.398e-06 dt= 5.780e-10 cfl=0.12 WC=725.8 WCtFT=19800.7 WCtMS=94021.4
Step=  15340 t= 8.410e-06 dt= 5.775e-10 cfl=0.12 WC=726.7 WCtFT=19819.4 WCtMS=94023.2
Step=  15360 t= 8.421e-06 dt= 5.775e-10 cfl=0.12 WC=727.7 WCtFT=19818.8 WCtMS=94025.7
Step=  15380 t= 8.433e-06 dt= 5.780e-10 cfl=0.12 WC=728.7 WCtFT=19799.4 WCtMS=94024.4
Step=  15400 t= 8.444e-06 dt= 5.790e-10 cfl=0.12 WC=729.6 WCtFT=19764.7 WCtMS=94026.1
Step=  15420 t= 8.456e-06 dt= 5.797e-10 cfl=0.12 WC=730.6 WCtFT=19740.3 WCtMS=94027.5
Step=  15440 t= 8.467e-06 dt= 5.805e-10 cfl=0.12 WC=731.5 WCtFT=19712.6 WCtMS=94026.5
Step=  15460 t= 8.479e-06 dt= 5.819e-10 cfl=0.12 WC=732.5 WCtFT=19665.8 WCtMS=94028.0
Step=  15480 t= 8.491e-06 dt= 5.801e-10 cfl=0.12 WC=733.5 WCtFT=19727.6 WCtMS=94029.7
Write flow solution.
Step=  15500 t= 8.502e-06 dt= 5.788e-10 cfl=0.12 WC=734.6 WCtFT=19772.6 WCtMS=94049.3
Step=  15520 t= 8.514e-06 dt= 5.782e-10 cfl=0.12 WC=735.5 WCtFT=19793.8 WCtMS=94051.6
Step=  15540 t= 8.525e-06 dt= 5.781e-10 cfl=0.12 WC=736.5 WCtFT=19796.2 WCtMS=94050.5
Step=  15560 t= 8.537e-06 dt= 5.786e-10 cfl=0.12 WC=737.5 WCtFT=19780.3 WCtMS=94052.3
Step=  15580 t= 8.549e-06 dt= 5.795e-10 cfl=0.12 WC=738.4 WCtFT=19746.4 WCtMS=94053.4
Step=  15600 t= 8.560e-06 dt= 5.810e-10 cfl=0.12 WC=739.4 WCtFT=19695.1 WCtMS=94052.2
Step=  15620 t= 8.572e-06 dt= 5.815e-10 cfl=0.12 WC=740.3 WCtFT=19680.0 WCtMS=94054.3
Step=  15640 t= 8.583e-06 dt= 5.815e-10 cfl=0.12 WC=741.3 WCtFT=19677.6 WCtMS=94055.4
Step=  15660 t= 8.595e-06 dt= 5.804e-10 cfl=0.12 WC=742.3 WCtFT=19714.6 WCtMS=94054.4
Step=  15680 t= 8.607e-06 dt= 5.794e-10 cfl=0.12 WC=743.2 WCtFT=19748.9 WCtMS=94055.8
Step=  15700 t= 8.618e-06 dt= 5.790e-10 cfl=0.12 WC=744.2 WCtFT=19762.5 WCtMS=94056.7
Step=  15720 t= 8.630e-06 dt= 5.791e-10 cfl=0.12 WC=745.1 WCtFT=19755.9 WCtMS=94055.4
Step=  15740 t= 8.641e-06 dt= 5.798e-10 cfl=0.12 WC=746.1 WCtFT=19730.9 WCtMS=94056.6
Step=  15760 t= 8.653e-06 dt= 5.811e-10 cfl=0.12 WC=747.0 WCtFT=19687.7 WCtMS=94055.9
Step=  15780 t= 8.665e-06 dt= 5.823e-10 cfl=0.12 WC=748.0 WCtFT=19645.9 WCtMS=94056.9
Step=  15800 t= 8.676e-06 dt= 5.803e-10 cfl=0.12 WC=749.0 WCtFT=19713.9 WCtMS=94058.2
Step=  15820 t= 8.688e-06 dt= 5.789e-10 cfl=0.12 WC=749.9 WCtFT=19760.6 WCtMS=94057.0
Step=  15840 t= 8.699e-06 dt= 5.781e-10 cfl=0.12 WC=750.9 WCtFT=19787.7 WCtMS=94058.2
Step=  15860 t= 8.711e-06 dt= 5.778e-10 cfl=0.12 WC=751.9 WCtFT=19795.7 WCtMS=94059.1
Step=  15880 t= 8.723e-06 dt= 5.781e-10 cfl=0.12 WC=752.8 WCtFT=19785.1 WCtMS=94057.9
Step=  15900 t= 8.734e-06 dt= 5.789e-10 cfl=0.12 WC=753.8 WCtFT=19758.2 WCtMS=94058.6
Step=  15920 t= 8.746e-06 dt= 5.801e-10 cfl=0.12 WC=754.7 WCtFT=19716.1 WCtMS=94059.4
Write flow solution.
Step=  15940 t= 8.757e-06 dt= 5.808e-10 cfl=0.12 WC=755.8 WCtFT=19695.1 WCtMS=94077.3
Step=  15960 t= 8.769e-06 dt= 5.816e-10 cfl=0.12 WC=756.8 WCtFT=19668.4 WCtMS=94077.7
Step=  15980 t= 8.781e-06 dt= 5.805e-10 cfl=0.12 WC=757.7 WCtFT=19703.9 WCtMS=94075.9
Step=  16000 t= 8.792e-06 dt= 5.792e-10 cfl=0.12 WC=758.7 WCtFT=19746.0 WCtMS=94076.6
***
*** Writing a snapshot: step= 16000, t= 8.792e-06
***
Step=  16020 t= 8.804e-06 dt= 5.779e-10 cfl=0.12 WC=759.8 WCtFT=19794.9 WCtMS=94097.4
Step=  16040 t= 8.815e-06 dt= 5.783e-10 cfl=0.12 WC=760.7 WCtFT=19781.4 WCtMS=94095.6
Step=  16060 t= 8.827e-06 dt= 5.791e-10 cfl=0.12 WC=761.7 WCtFT=19752.4 WCtMS=94096.3
Step=  16080 t= 8.838e-06 dt= 5.803e-10 cfl=0.12 WC=762.7 WCtFT=19711.8 WCtMS=94096.8
Step=  16100 t= 8.850e-06 dt= 5.818e-10 cfl=0.12 WC=763.6 WCtFT=19658.0 WCtMS=94094.9
Step=  16120 t= 8.862e-06 dt= 5.800e-10 cfl=0.12 WC=764.6 WCtFT=19717.9 WCtMS=94095.1
Step=  16140 t= 8.873e-06 dt= 5.787e-10 cfl=0.12 WC=765.5 WCtFT=19762.5 WCtMS=94095.6
Step=  16160 t= 8.885e-06 dt= 5.779e-10 cfl=0.12 WC=766.5 WCtFT=19789.4 WCtMS=94093.8
Step=  16180 t= 8.896e-06 dt= 5.776e-10 cfl=0.12 WC=767.4 WCtFT=19800.1 WCtMS=94094.0
Step=  16200 t= 8.908e-06 dt= 5.777e-10 cfl=0.12 WC=768.4 WCtFT=19794.4 WCtMS=94092.0
Step=  16220 t= 8.919e-06 dt= 5.783e-10 cfl=0.12 WC=769.3 WCtFT=19773.9 WCtMS=94092.0
Step=  16240 t= 8.931e-06 dt= 5.793e-10 cfl=0.12 WC=770.3 WCtFT=19739.6 WCtMS=94092.2
Step=  16260 t= 8.943e-06 dt= 5.806e-10 cfl=0.12 WC=771.2 WCtFT=19692.0 WCtMS=94090.0
Step=  16280 t= 8.954e-06 dt= 5.818e-10 cfl=0.12 WC=772.2 WCtFT=19651.8 WCtMS=94090.7
Step=  16300 t= 8.966e-06 dt= 5.813e-10 cfl=0.12 WC=773.1 WCtFT=19666.9 WCtMS=94090.9
Step=  16320 t= 8.978e-06 dt= 5.797e-10 cfl=0.12 WC=774.1 WCtFT=19719.6 WCtMS=94088.3
Step=  16340 t= 8.989e-06 dt= 5.787e-10 cfl=0.12 WC=775.0 WCtFT=19752.8 WCtMS=94088.4
Write flow solution.
Step=  16360 t= 9.001e-06 dt= 5.782e-10 cfl=0.12 WC=776.1 WCtFT=19772.4 WCtMS=94107.0
Step=  16380 t= 9.012e-06 dt= 5.783e-10 cfl=0.12 WC=777.1 WCtFT=19769.1 WCtMS=94104.5
Step=  16400 t= 9.024e-06 dt= 5.789e-10 cfl=0.12 WC=778.0 WCtFT=19749.0 WCtMS=94104.5
Step=  16420 t= 9.035e-06 dt= 5.799e-10 cfl=0.12 WC=779.0 WCtFT=19712.6 WCtMS=94102.9
Step=  16440 t= 9.047e-06 dt= 5.814e-10 cfl=0.12 WC=779.9 WCtFT=19661.8 WCtMS=94103.3
Step=  16460 t= 9.059e-06 dt= 5.819e-10 cfl=0.12 WC=780.9 WCtFT=19643.4 WCtMS=94103.8
Step=  16480 t= 9.070e-06 dt= 5.819e-10 cfl=0.12 WC=781.8 WCtFT=19643.3 WCtMS=94101.5
Step=  16500 t= 9.082e-06 dt= 5.811e-10 cfl=0.12 WC=782.8 WCtFT=19668.9 WCtMS=94101.6
Step=  16520 t= 9.094e-06 dt= 5.800e-10 cfl=0.12 WC=783.8 WCtFT=19705.4 WCtMS=94101.7
Step=  16540 t= 9.105e-06 dt= 5.794e-10 cfl=0.12 WC=784.7 WCtFT=19724.4 WCtMS=94099.2
Step=  16560 t= 9.117e-06 dt= 5.793e-10 cfl=0.12 WC=785.6 WCtFT=19727.5 WCtMS=94099.1
Step=  16580 t= 9.128e-06 dt= 5.797e-10 cfl=0.12 WC=786.6 WCtFT=19714.7 WCtMS=94098.9
Step=  16600 t= 9.140e-06 dt= 5.805e-10 cfl=0.12 WC=787.5 WCtFT=19685.9 WCtMS=94096.4
Step=  16620 t= 9.152e-06 dt= 5.817e-10 cfl=0.12 WC=788.5 WCtFT=19642.9 WCtMS=94096.9
Step=  16640 t= 9.163e-06 dt= 5.821e-10 cfl=0.12 WC=789.5 WCtFT=19629.3 WCtMS=94096.7
Step=  16660 t= 9.175e-06 dt= 5.804e-10 cfl=0.12 WC=790.4 WCtFT=19685.3 WCtMS=94094.1
Step=  16680 t= 9.186e-06 dt= 5.792e-10 cfl=0.12 WC=791.3 WCtFT=19725.8 WCtMS=94093.6
Step=  16700 t= 9.198e-06 dt= 5.784e-10 cfl=0.12 WC=792.3 WCtFT=19750.5 WCtMS=94090.7
Step=  16720 t= 9.210e-06 dt= 5.781e-10 cfl=0.12 WC=793.2 WCtFT=19760.8 WCtMS=94090.1
Step=  16740 t= 9.221e-06 dt= 5.782e-10 cfl=0.12 WC=794.2 WCtFT=19756.9 WCtMS=94089.9
Step=  16760 t= 9.233e-06 dt= 5.787e-10 cfl=0.12 WC=795.1 WCtFT=19738.9 WCtMS=94087.2
Step=  16780 t= 9.244e-06 dt= 5.795e-10 cfl=0.12 WC=796.1 WCtFT=19708.5 WCtMS=94087.1
Write flow solution.
Step=  16800 t= 9.256e-06 dt= 5.808e-10 cfl=0.12 WC=797.2 WCtFT=19669.5 WCtMS=94105.1
Step=  16820 t= 9.267e-06 dt= 5.816e-10 cfl=0.12 WC=798.1 WCtFT=19639.1 WCtMS=94102.2
Step=  16840 t= 9.279e-06 dt= 5.812e-10 cfl=0.12 WC=799.1 WCtFT=19652.9 WCtMS=94101.8
Step=  16860 t= 9.291e-06 dt= 5.799e-10 cfl=0.12 WC=800.0 WCtFT=19695.4 WCtMS=94101.5
Step=  16880 t= 9.302e-06 dt= 5.791e-10 cfl=0.12 WC=801.0 WCtFT=19721.0 WCtMS=94099.2
Step=  16900 t= 9.314e-06 dt= 5.788e-10 cfl=0.12 WC=801.9 WCtFT=19731.2 WCtMS=94098.6
Step=  16920 t= 9.325e-06 dt= 5.789e-10 cfl=0.12 WC=802.8 WCtFT=19725.4 WCtMS=94095.5
Step=  16940 t= 9.337e-06 dt= 5.795e-10 cfl=0.12 WC=803.8 WCtFT=19705.1 WCtMS=94094.8
Step=  16960 t= 9.349e-06 dt= 5.805e-10 cfl=0.12 WC=804.7 WCtFT=19671.0 WCtMS=94094.2
Step=  16980 t= 9.360e-06 dt= 5.819e-10 cfl=0.12 WC=805.7 WCtFT=19623.3 WCtMS=94091.1
Step=  17000 t= 9.372e-06 dt= 5.806e-10 cfl=0.12 WC=806.6 WCtFT=19663.6 WCtMS=94090.8
***
*** Writing a snapshot: step= 17000, t= 9.372e-06
***
Step=  17020 t= 9.384e-06 dt= 5.792e-10 cfl=0.12 WC=807.7 WCtFT=19715.0 WCtMS=94109.1
Step=  17040 t= 9.395e-06 dt= 5.783e-10 cfl=0.12 WC=808.7 WCtFT=19746.2 WCtMS=94106.5
Step=  17060 t= 9.407e-06 dt= 5.778e-10 cfl=0.12 WC=809.6 WCtFT=19762.7 WCtMS=94105.8
Step=  17080 t= 9.418e-06 dt= 5.777e-10 cfl=0.12 WC=810.6 WCtFT=19764.5 WCtMS=94105.1
Step=  17100 t= 9.430e-06 dt= 5.780e-10 cfl=0.12 WC=811.5 WCtFT=19752.4 WCtMS=94102.6
Step=  17120 t= 9.441e-06 dt= 5.787e-10 cfl=0.12 WC=812.5 WCtFT=19728.6 WCtMS=94102.5
Step=  17140 t= 9.453e-06 dt= 5.797e-10 cfl=0.12 WC=813.4 WCtFT=19693.5 WCtMS=94100.1
Step=  17160 t= 9.465e-06 dt= 5.810e-10 cfl=0.12 WC=814.4 WCtFT=19648.6 WCtMS=94099.9
Step=  17180 t= 9.476e-06 dt= 5.820e-10 cfl=0.12 WC=815.3 WCtFT=19613.7 WCtMS=94099.5
Step=  17200 t= 9.488e-06 dt= 5.818e-10 cfl=0.12 WC=816.2 WCtFT=19619.3 WCtMS=94096.4
Step=  17220 t= 9.499e-06 dt= 5.803e-10 cfl=0.12 WC=817.2 WCtFT=19668.8 WCtMS=94095.7
Write flow solution.
Step=  17240 t= 9.511e-06 dt= 5.793e-10 cfl=0.12 WC=818.3 WCtFT=19705.7 WCtMS=94113.7
Step=  17260 t= 9.523e-06 dt= 5.787e-10 cfl=0.12 WC=819.2 WCtFT=19724.8 WCtMS=94111.0
Step=  17280 t= 9.534e-06 dt= 5.785e-10 cfl=0.12 WC=820.2 WCtFT=19729.7 WCtMS=94110.4
Step=  17300 t= 9.546e-06 dt= 5.787e-10 cfl=0.12 WC=821.1 WCtFT=19720.9 WCtMS=94109.3
Step=  17320 t= 9.557e-06 dt= 5.793e-10 cfl=0.12 WC=822.1 WCtFT=19698.8 WCtMS=94106.0
Step=  17340 t= 9.569e-06 dt= 5.803e-10 cfl=0.12 WC=823.0 WCtFT=19665.3 WCtMS=94104.7
Step=  17360 t= 9.581e-06 dt= 5.816e-10 cfl=0.12 WC=824.0 WCtFT=19620.6 WCtMS=94101.7
Step=  17380 t= 9.592e-06 dt= 5.824e-10 cfl=0.12 WC=824.9 WCtFT=19593.4 WCtMS=94100.9
Step=  17400 t= 9.604e-06 dt= 5.823e-10 cfl=0.12 WC=825.9 WCtFT=19595.4 WCtMS=94100.2
Step=  17420 t= 9.615e-06 dt= 5.821e-10 cfl=0.12 WC=826.8 WCtFT=19601.3 WCtMS=94097.0
Step=  17440 t= 9.627e-06 dt= 5.809e-10 cfl=0.12 WC=827.7 WCtFT=19640.9 WCtMS=94096.5
Step=  17460 t= 9.639e-06 dt= 5.801e-10 cfl=0.12 WC=828.7 WCtFT=19666.7 WCtMS=94095.6
Step=  17480 t= 9.650e-06 dt= 5.797e-10 cfl=0.12 WC=829.6 WCtFT=19678.9 WCtMS=94092.2
Step=  17500 t= 9.662e-06 dt= 5.797e-10 cfl=0.12 WC=830.6 WCtFT=19678.5 WCtMS=94091.8
Step=  17520 t= 9.673e-06 dt= 5.800e-10 cfl=0.12 WC=831.5 WCtFT=19665.3 WCtMS=94091.0
Step=  17540 t= 9.685e-06 dt= 5.807e-10 cfl=0.12 WC=832.5 WCtFT=19639.3 WCtMS=94088.2
Step=  17560 t= 9.697e-06 dt= 5.818e-10 cfl=0.12 WC=833.4 WCtFT=19601.7 WCtMS=94086.9
Step=  17580 t= 9.708e-06 dt= 5.832e-10 cfl=0.12 WC=834.4 WCtFT=19553.2 WCtMS=94086.0
Step=  17600 t= 9.720e-06 dt= 5.819e-10 cfl=0.12 WC=835.3 WCtFT=19598.5 WCtMS=94082.9
Step=  17620 t= 9.732e-06 dt= 5.804e-10 cfl=0.12 WC=836.2 WCtFT=19645.6 WCtMS=94082.0
Step=  17640 t= 9.743e-06 dt= 5.794e-10 cfl=0.12 WC=837.2 WCtFT=19680.5 WCtMS=94081.1
Write flow solution.
Step=  17660 t= 9.755e-06 dt= 5.787e-10 cfl=0.12 WC=838.3 WCtFT=19706.7 WCtMS=94096.0
Step=  17680 t= 9.766e-06 dt= 5.783e-10 cfl=0.12 WC=839.2 WCtFT=19717.8 WCtMS=94094.8
Step=  17700 t= 9.778e-06 dt= 5.783e-10 cfl=0.12 WC=840.1 WCtFT=19716.9 WCtMS=94091.9
Step=  17720 t= 9.790e-06 dt= 5.786e-10 cfl=0.12 WC=841.1 WCtFT=19704.9 WCtMS=94091.0
Step=  17740 t= 9.801e-06 dt= 5.793e-10 cfl=0.12 WC=842.0 WCtFT=19682.0 WCtMS=94090.3
Step=  17760 t= 9.813e-06 dt= 5.802e-10 cfl=0.12 WC=843.0 WCtFT=19648.2 WCtMS=94087.5
Step=  17780 t= 9.824e-06 dt= 5.815e-10 cfl=0.12 WC=843.9 WCtFT=19604.6 WCtMS=94086.7
Step=  17800 t= 9.836e-06 dt= 5.825e-10 cfl=0.12 WC=844.9 WCtFT=19571.2 WCtMS=94085.5
Step=  17820 t= 9.848e-06 dt= 5.811e-10 cfl=0.12 WC=845.8 WCtFT=19617.2 WCtMS=94082.4
Step=  17840 t= 9.859e-06 dt= 5.800e-10 cfl=0.12 WC=846.8 WCtFT=19650.6 WCtMS=94081.3
Step=  17860 t= 9.871e-06 dt= 5.794e-10 cfl=0.12 WC=847.7 WCtFT=19671.3 WCtMS=94080.3
Step=  17880 t= 9.882e-06 dt= 5.791e-10 cfl=0.12 WC=848.6 WCtFT=19679.2 WCtMS=94077.4
Step=  17900 t= 9.894e-06 dt= 5.792e-10 cfl=0.12 WC=849.6 WCtFT=19675.3 WCtMS=94076.4
Step=  17920 t= 9.906e-06 dt= 5.796e-10 cfl=0.12 WC=850.5 WCtFT=19659.5 WCtMS=94073.4
Step=  17940 t= 9.917e-06 dt= 5.804e-10 cfl=0.12 WC=851.5 WCtFT=19633.3 WCtMS=94072.4
Step=  17960 t= 9.929e-06 dt= 5.814e-10 cfl=0.12 WC=852.4 WCtFT=19596.9 WCtMS=94071.2
Step=  17980 t= 9.940e-06 dt= 5.817e-10 cfl=0.12 WC=853.3 WCtFT=19587.8 WCtMS=94067.9
[cachy-ladin:76213] *** Process received signal ***
[cachy-ladin:76213] Signal: Floating point exception (8)
[cachy-ladin:76213] Signal code: Floating point overflow (4)
[cachy-ladin:76213] Failing at address: 0x55e414cdcad0
[cachy-ladin:76213] [ 0] /usr/lib/libc.so.6(+0x44a40) [0x7fd553644a40]
[cachy-ladin:76213] [ 1] e4mpi(+0x147ad0) [0x55e414cdcad0]
[cachy-ladin:76213] [ 2] e4mpi(+0x2f75f8) [0x55e414e8c5f8]
[cachy-ladin:76213] [ 3] e4mpi(+0x2f199a) [0x55e414e8699a]
[cachy-ladin:76213] [ 4] e4mpi(+0x2723a2) [0x55e414e073a2]
[cachy-ladin:76213] [ 5] e4mpi(+0x39e752) [0x55e414f33752]
[cachy-ladin:76213] [ 6] e4mpi(+0x3b6e1f) [0x55e414f4be1f]
[cachy-ladin:76213] [ 7] e4mpi(+0x3c0e16) [0x55e414f55e16]
[cachy-ladin:76213] [ 8] e4mpi(+0x44902d) [0x55e414fde02d]
[cachy-ladin:76213] [ 9] e4mpi(+0x448f32) [0x55e414fddf32]
[cachy-ladin:76213] [10] e4mpi(+0x448d9d) [0x55e414fddd9d]
[cachy-ladin:76213] [11] /usr/lib/libc.so.6(+0x27c0e) [0x7fd553627c0e]
[cachy-ladin:76213] [12] /usr/lib/libc.so.6(__libc_start_main+0x8b) [0x7fd553627d4b]
[cachy-ladin:76213] [13] e4mpi(+0x86215) [0x55e414c1b215]
[cachy-ladin:76213] *** End of error message ***
--------------------------------------------------------------------------
prterun noticed that process rank 1 with PID 76213 on node cachy-ladin exited on
signal 8 (Floating point exception).
--------------------------------------------------------------------------
