Eilmer 4.0 compressible-flow simulation code.
Revision-id: 3ea2f7a2
Revision-date: Fri Jan 30 10:45:30 2026 +1000
Compiler-name: ldc2
Build-date: Tue Feb 10 16:19:33 +03 2026
Build-flavour: fast
Profiling: omitted
Capabilities: multi-species-gas multi-temperature-gas MHD turbulence.
Parallelism: MPI-parallel, number of tasks 5
Begin simulation with command-line arguments.
  jobName: sphere
  tindxStart: 0
  maxWallClock: 432000
  verbosityLevel: 1
  threadsPerMPITask: 1
Begin init_simulation()...
Heap memory used: 283 MB, unused: 177 MB, total: 460 MB (92-92 MB per task)
Done init_simulation() at wall-clock(WC)= 0.3 sec
starting simulation time= 0
Integrate in time.
Step=     20 t= 1.586e-08 dt= 5.865e-10 cfl=0.20 WC=0.8 WCtFT=17198.8 WCtMS=80699.2
Step=     40 t= 2.764e-08 dt= 5.895e-10 cfl=0.12 WC=1.6 WCtFT=17015.5 WCtMS=80248.4
Step=     60 t= 3.934e-08 dt= 5.821e-10 cfl=0.12 WC=2.4 WCtFT=17290.0 WCtMS=80530.9
Step=     80 t= 5.078e-08 dt= 5.673e-10 cfl=0.12 WC=3.2 WCtFT=17666.7 WCtMS=80196.8
Step=    100 t= 6.181e-08 dt= 5.468e-10 cfl=0.12 WC=4.0 WCtFT=18152.7 WCtMS=79416.0
Step=    120 t= 7.251e-08 dt= 5.315e-10 cfl=0.12 WC=4.7 WCtFT=18522.1 WCtMS=78778.6
Step=    140 t= 8.299e-08 dt= 5.214e-10 cfl=0.12 WC=5.5 WCtFT=18779.2 WCtMS=78351.7
Step=    160 t= 9.333e-08 dt= 5.162e-10 cfl=0.12 WC=6.3 WCtFT=18943.1 WCtMS=78256.2
Step=    180 t= 1.035e-07 dt= 5.061e-10 cfl=0.12 WC=7.1 WCtFT=19382.6 WCtMS=78504.0
Step=    200 t= 1.135e-07 dt= 4.978e-10 cfl=0.12 WC=7.8 WCtFT=19542.9 WCtMS=77862.2
Step=    220 t= 1.234e-07 dt= 4.933e-10 cfl=0.12 WC=8.6 WCtFT=19712.0 WCtMS=77818.7
Step=    240 t= 1.332e-07 dt= 4.919e-10 cfl=0.12 WC=9.4 WCtFT=19812.6 WCtMS=77999.0
Step=    260 t= 1.431e-07 dt= 4.903e-10 cfl=0.12 WC=10.2 WCtFT=19898.5 WCtMS=78082.2
Step=    280 t= 1.528e-07 dt= 4.876e-10 cfl=0.12 WC=10.9 WCtFT=19950.6 WCtMS=77853.4
Step=    300 t= 1.626e-07 dt= 4.867e-10 cfl=0.12 WC=11.7 WCtFT=19986.4 WCtMS=77855.0
Step=    320 t= 1.723e-07 dt= 4.872e-10 cfl=0.12 WC=12.5 WCtFT=20008.5 WCtMS=78025.0
Step=    340 t= 1.820e-07 dt= 4.876e-10 cfl=0.12 WC=13.3 WCtFT=20009.1 WCtMS=78098.5
Step=    360 t= 1.918e-07 dt= 4.873e-10 cfl=0.12 WC=14.1 WCtFT=20022.7 WCtMS=78108.2
Step=    380 t= 2.015e-07 dt= 4.879e-10 cfl=0.12 WC=14.8 WCtFT=20004.3 WCtMS=78122.0
Step=    400 t= 2.113e-07 dt= 4.889e-10 cfl=0.12 WC=15.7 WCtFT=20032.5 WCtMS=78404.3
Step=    420 t= 2.211e-07 dt= 4.896e-10 cfl=0.12 WC=16.4 WCtFT=19974.5 WCtMS=78288.3
Step=    440 t= 2.309e-07 dt= 4.901e-10 cfl=0.12 WC=17.2 WCtFT=19934.7 WCtMS=78214.6
Step=    460 t= 2.407e-07 dt= 4.908e-10 cfl=0.12 WC=18.0 WCtFT=19929.3 WCtMS=78308.1
Write flow solution.
Step=    480 t= 2.506e-07 dt= 4.916e-10 cfl=0.12 WC=19.0 WCtFT=20083.2 WCtMS=79039.4
Step=    500 t= 2.604e-07 dt= 4.919e-10 cfl=0.12 WC=19.8 WCtFT=20104.1 WCtMS=79180.2
Step=    520 t= 2.702e-07 dt= 4.922e-10 cfl=0.12 WC=20.6 WCtFT=20097.9 WCtMS=79206.3
Step=    540 t= 2.801e-07 dt= 4.925e-10 cfl=0.12 WC=21.4 WCtFT=20062.7 WCtMS=79115.7
Step=    560 t= 2.899e-07 dt= 4.927e-10 cfl=0.12 WC=22.2 WCtFT=20083.2 WCtMS=79224.2
Step=    580 t= 2.998e-07 dt= 4.927e-10 cfl=0.12 WC=23.0 WCtFT=20120.6 WCtMS=79377.0
Step=    600 t= 3.096e-07 dt= 4.926e-10 cfl=0.12 WC=23.8 WCtFT=20126.4 WCtMS=79392.8
Step=    620 t= 3.195e-07 dt= 4.927e-10 cfl=0.12 WC=24.6 WCtFT=20120.3 WCtMS=79378.6
Step=    640 t= 3.293e-07 dt= 4.927e-10 cfl=0.12 WC=25.4 WCtFT=20112.8 WCtMS=79349.6
Step=    660 t= 3.392e-07 dt= 4.925e-10 cfl=0.12 WC=26.3 WCtFT=20186.7 WCtMS=79625.2
Step=    680 t= 3.490e-07 dt= 4.925e-10 cfl=0.12 WC=27.2 WCtFT=20241.5 WCtMS=79834.6
Step=    700 t= 3.589e-07 dt= 4.925e-10 cfl=0.12 WC=28.0 WCtFT=20277.2 WCtMS=79983.4
Step=    720 t= 3.687e-07 dt= 4.926e-10 cfl=0.12 WC=28.8 WCtFT=20289.4 WCtMS=80051.7
Step=    740 t= 3.786e-07 dt= 4.928e-10 cfl=0.12 WC=29.7 WCtFT=20325.2 WCtMS=80219.0
Step=    760 t= 3.885e-07 dt= 4.928e-10 cfl=0.12 WC=30.6 WCtFT=20420.0 WCtMS=80606.2
Step=    780 t= 3.983e-07 dt= 4.929e-10 cfl=0.12 WC=31.6 WCtFT=20514.6 WCtMS=80988.9
Step=    800 t= 4.082e-07 dt= 4.930e-10 cfl=0.12 WC=32.5 WCtFT=20569.5 WCtMS=81222.5
Step=    820 t= 4.180e-07 dt= 4.931e-10 cfl=0.12 WC=33.3 WCtFT=20549.9 WCtMS=81164.3
Step=    840 t= 4.279e-07 dt= 4.932e-10 cfl=0.12 WC=34.1 WCtFT=20544.1 WCtMS=81156.4
Step=    860 t= 4.378e-07 dt= 4.933e-10 cfl=0.12 WC=35.0 WCtFT=20578.6 WCtMS=81320.8
Step=    880 t= 4.476e-07 dt= 4.934e-10 cfl=0.12 WC=35.8 WCtFT=20580.7 WCtMS=81339.2
Step=    900 t= 4.575e-07 dt= 4.935e-10 cfl=0.12 WC=36.6 WCtFT=20566.4 WCtMS=81307.8
Step=    920 t= 4.674e-07 dt= 4.936e-10 cfl=0.12 WC=37.4 WCtFT=20569.6 WCtMS=81332.1
Step=    940 t= 4.772e-07 dt= 4.935e-10 cfl=0.12 WC=38.2 WCtFT=20562.5 WCtMS=81291.6
Step=    960 t= 4.871e-07 dt= 4.934e-10 cfl=0.12 WC=39.1 WCtFT=20588.0 WCtMS=81383.8
Step=    980 t= 4.970e-07 dt= 4.933e-10 cfl=0.12 WC=40.0 WCtFT=20619.3 WCtMS=81500.9
Write flow solution.
Step=   1000 t= 5.068e-07 dt= 4.932e-10 cfl=0.12 WC=41.0 WCtFT=20738.0 WCtMS=81951.0
***
*** Writing a snapshot: step= 1000, t= 5.068e-07
***
Step=   1020 t= 5.167e-07 dt= 4.931e-10 cfl=0.12 WC=42.0 WCtFT=20807.8 WCtMS=82218.8
Step=   1040 t= 5.266e-07 dt= 4.931e-10 cfl=0.12 WC=42.8 WCtFT=20824.9 WCtMS=82272.6
Step=   1060 t= 5.364e-07 dt= 4.928e-10 cfl=0.12 WC=43.6 WCtFT=20825.4 WCtMS=82243.2
Step=   1080 t= 5.463e-07 dt= 4.926e-10 cfl=0.12 WC=44.4 WCtFT=20817.7 WCtMS=82176.0
Step=   1100 t= 5.561e-07 dt= 4.923e-10 cfl=0.12 WC=45.2 WCtFT=20831.5 WCtMS=82187.5
Step=   1120 t= 5.660e-07 dt= 4.922e-10 cfl=0.12 WC=46.0 WCtFT=20826.4 WCtMS=82137.9
Step=   1140 t= 5.758e-07 dt= 4.919e-10 cfl=0.12 WC=46.9 WCtFT=20846.7 WCtMS=82184.7
Step=   1160 t= 5.856e-07 dt= 4.916e-10 cfl=0.12 WC=47.7 WCtFT=20853.3 WCtMS=82154.0
Step=   1180 t= 5.955e-07 dt= 4.913e-10 cfl=0.12 WC=48.5 WCtFT=20863.1 WCtMS=82143.0
Step=   1200 t= 6.053e-07 dt= 4.909e-10 cfl=0.12 WC=49.3 WCtFT=20880.3 WCtMS=82155.7
Step=   1220 t= 6.151e-07 dt= 4.906e-10 cfl=0.12 WC=50.2 WCtFT=20915.9 WCtMS=82241.6
Step=   1240 t= 6.249e-07 dt= 4.903e-10 cfl=0.12 WC=51.0 WCtFT=20922.9 WCtMS=82218.3
Step=   1260 t= 6.347e-07 dt= 4.900e-10 cfl=0.12 WC=51.8 WCtFT=20935.6 WCtMS=82216.4
Step=   1280 t= 6.445e-07 dt= 4.896e-10 cfl=0.12 WC=52.6 WCtFT=20951.2 WCtMS=82213.0
Step=   1300 t= 6.543e-07 dt= 4.892e-10 cfl=0.12 WC=53.5 WCtFT=20969.6 WCtMS=82223.4
Step=   1320 t= 6.641e-07 dt= 4.888e-10 cfl=0.12 WC=54.3 WCtFT=20981.4 WCtMS=82203.3
Step=   1340 t= 6.738e-07 dt= 4.884e-10 cfl=0.12 WC=55.1 WCtFT=21000.2 WCtMS=82215.0
Step=   1360 t= 6.836e-07 dt= 4.880e-10 cfl=0.12 WC=55.9 WCtFT=21018.0 WCtMS=82220.5
Step=   1380 t= 6.934e-07 dt= 4.876e-10 cfl=0.12 WC=56.8 WCtFT=21031.2 WCtMS=82205.6
Step=   1400 t= 7.031e-07 dt= 4.871e-10 cfl=0.12 WC=57.6 WCtFT=21044.9 WCtMS=82189.6
Step=   1420 t= 7.128e-07 dt= 4.867e-10 cfl=0.12 WC=58.4 WCtFT=21065.9 WCtMS=82192.3
Step=   1440 t= 7.226e-07 dt= 4.862e-10 cfl=0.12 WC=59.2 WCtFT=21085.8 WCtMS=82194.9
Step=   1460 t= 7.323e-07 dt= 4.857e-10 cfl=0.12 WC=60.1 WCtFT=21109.3 WCtMS=82209.8
Step=   1480 t= 7.420e-07 dt= 4.853e-10 cfl=0.12 WC=60.9 WCtFT=21130.3 WCtMS=82216.1
Write flow solution.
Step=   1500 t= 7.517e-07 dt= 4.848e-10 cfl=0.12 WC=61.9 WCtFT=21201.6 WCtMS=82411.5
Step=   1520 t= 7.614e-07 dt= 4.841e-10 cfl=0.12 WC=62.7 WCtFT=21228.6 WCtMS=82407.1
Step=   1540 t= 7.710e-07 dt= 4.833e-10 cfl=0.12 WC=63.5 WCtFT=21272.1 WCtMS=82444.3
Step=   1560 t= 7.807e-07 dt= 4.825e-10 cfl=0.12 WC=64.3 WCtFT=21303.8 WCtMS=82433.1
Step=   1580 t= 7.903e-07 dt= 4.816e-10 cfl=0.12 WC=65.1 WCtFT=21331.8 WCtMS=82388.0
Step=   1600 t= 8.000e-07 dt= 4.806e-10 cfl=0.12 WC=66.0 WCtFT=21387.9 WCtMS=82430.3
Step=   1620 t= 8.095e-07 dt= 4.796e-10 cfl=0.12 WC=66.9 WCtFT=21452.5 WCtMS=82508.4
Step=   1640 t= 8.191e-07 dt= 4.786e-10 cfl=0.12 WC=67.7 WCtFT=21500.5 WCtMS=82528.6
Step=   1660 t= 8.287e-07 dt= 4.777e-10 cfl=0.12 WC=68.5 WCtFT=21541.8 WCtMS=82521.8
Step=   1680 t= 8.382e-07 dt= 4.767e-10 cfl=0.12 WC=69.4 WCtFT=21582.9 WCtMS=82518.7
Step=   1700 t= 8.477e-07 dt= 4.757e-10 cfl=0.12 WC=70.2 WCtFT=21621.9 WCtMS=82496.9
Step=   1720 t= 8.572e-07 dt= 4.747e-10 cfl=0.12 WC=71.0 WCtFT=21664.7 WCtMS=82486.0
Step=   1740 t= 8.667e-07 dt= 4.737e-10 cfl=0.12 WC=71.9 WCtFT=21726.1 WCtMS=82554.6
Step=   1760 t= 8.762e-07 dt= 4.728e-10 cfl=0.12 WC=72.7 WCtFT=21770.6 WCtMS=82556.8
Step=   1780 t= 8.856e-07 dt= 4.719e-10 cfl=0.12 WC=73.5 WCtFT=21808.3 WCtMS=82543.3
Step=   1800 t= 8.950e-07 dt= 4.710e-10 cfl=0.12 WC=74.3 WCtFT=21841.0 WCtMS=82517.9
Step=   1820 t= 9.045e-07 dt= 4.700e-10 cfl=0.12 WC=75.2 WCtFT=21896.0 WCtMS=82560.0
Step=   1840 t= 9.138e-07 dt= 4.691e-10 cfl=0.12 WC=76.1 WCtFT=21950.1 WCtMS=82608.7
Step=   1860 t= 9.232e-07 dt= 4.683e-10 cfl=0.12 WC=76.9 WCtFT=21999.6 WCtMS=82641.4
Step=   1880 t= 9.326e-07 dt= 4.674e-10 cfl=0.12 WC=77.8 WCtFT=22040.9 WCtMS=82654.1
Step=   1900 t= 9.419e-07 dt= 4.666e-10 cfl=0.12 WC=78.6 WCtFT=22081.5 WCtMS=82657.2
Step=   1920 t= 9.512e-07 dt= 4.657e-10 cfl=0.12 WC=79.5 WCtFT=22132.4 WCtMS=82690.3
Step=   1940 t= 9.605e-07 dt= 4.648e-10 cfl=0.12 WC=80.3 WCtFT=22184.2 WCtMS=82731.0
Step=   1960 t= 9.698e-07 dt= 4.640e-10 cfl=0.12 WC=81.1 WCtFT=22220.0 WCtMS=82716.8
Step=   1980 t= 9.791e-07 dt= 4.631e-10 cfl=0.12 WC=82.0 WCtFT=22270.8 WCtMS=82757.4
Step=   2000 t= 9.883e-07 dt= 4.624e-10 cfl=0.12 WC=82.9 WCtFT=22321.9 WCtMS=82809.1
***
*** Writing a snapshot: step= 2000, t= 9.883e-07
***
Step=   2020 t= 9.976e-07 dt= 4.615e-10 cfl=0.12 WC=83.9 WCtFT=22409.3 WCtMS=82981.5
Write flow solution.
Step=   2040 t= 1.007e-06 dt= 4.606e-10 cfl=0.12 WC=84.9 WCtFT=22504.6 WCtMS=83183.7
Step=   2060 t= 1.016e-06 dt= 4.598e-10 cfl=0.12 WC=85.8 WCtFT=22548.7 WCtMS=83201.6
Step=   2080 t= 1.025e-06 dt= 4.590e-10 cfl=0.12 WC=86.6 WCtFT=22586.8 WCtMS=83200.9
Step=   2100 t= 1.034e-06 dt= 4.582e-10 cfl=0.12 WC=87.5 WCtFT=22635.1 WCtMS=83233.5
Step=   2120 t= 1.043e-06 dt= 4.574e-10 cfl=0.12 WC=88.3 WCtFT=22676.0 WCtMS=83232.4
Step=   2140 t= 1.053e-06 dt= 4.566e-10 cfl=0.12 WC=89.2 WCtFT=22717.0 WCtMS=83236.1
Step=   2160 t= 1.062e-06 dt= 4.558e-10 cfl=0.12 WC=90.0 WCtFT=22754.7 WCtMS=83229.5
Step=   2180 t= 1.071e-06 dt= 4.550e-10 cfl=0.12 WC=90.8 WCtFT=22796.5 WCtMS=83243.1
Step=   2200 t= 1.080e-06 dt= 4.542e-10 cfl=0.12 WC=91.7 WCtFT=22842.0 WCtMS=83263.8
Step=   2220 t= 1.089e-06 dt= 4.534e-10 cfl=0.12 WC=92.5 WCtFT=22882.7 WCtMS=83263.3
Step=   2240 t= 1.098e-06 dt= 4.525e-10 cfl=0.12 WC=93.4 WCtFT=22933.1 WCtMS=83299.5
Step=   2260 t= 1.107e-06 dt= 4.518e-10 cfl=0.12 WC=94.3 WCtFT=22977.5 WCtMS=83318.1
Step=   2280 t= 1.116e-06 dt= 4.510e-10 cfl=0.12 WC=95.1 WCtFT=23014.3 WCtMS=83313.7
Step=   2300 t= 1.125e-06 dt= 4.502e-10 cfl=0.12 WC=95.9 WCtFT=23055.0 WCtMS=83312.8
Step=   2320 t= 1.134e-06 dt= 4.494e-10 cfl=0.12 WC=96.8 WCtFT=23105.3 WCtMS=83345.4
Step=   2340 t= 1.143e-06 dt= 4.486e-10 cfl=0.12 WC=97.7 WCtFT=23152.4 WCtMS=83369.9
Step=   2360 t= 1.152e-06 dt= 4.478e-10 cfl=0.12 WC=98.5 WCtFT=23191.6 WCtMS=83362.5
Step=   2380 t= 1.161e-06 dt= 4.470e-10 cfl=0.12 WC=99.4 WCtFT=23238.6 WCtMS=83392.2
Step=   2400 t= 1.170e-06 dt= 4.459e-10 cfl=0.12 WC=100.2 WCtFT=23297.7 WCtMS=83403.1
Step=   2420 t= 1.179e-06 dt= 4.457e-10 cfl=0.12 WC=101.1 WCtFT=23316.6 WCtMS=83425.4
Step=   2440 t= 1.188e-06 dt= 4.464e-10 cfl=0.12 WC=101.9 WCtFT=23277.8 WCtMS=83415.3
Step=   2460 t= 1.197e-06 dt= 4.470e-10 cfl=0.12 WC=102.7 WCtFT=23245.1 WCtMS=83416.8
Step=   2480 t= 1.206e-06 dt= 4.476e-10 cfl=0.12 WC=103.6 WCtFT=23213.2 WCtMS=83429.5
Step=   2500 t= 1.215e-06 dt= 4.483e-10 cfl=0.12 WC=104.4 WCtFT=23179.8 WCtMS=83434.8
Step=   2520 t= 1.224e-06 dt= 4.490e-10 cfl=0.12 WC=105.3 WCtFT=23156.6 WCtMS=83478.0
Step=   2540 t= 1.233e-06 dt= 4.496e-10 cfl=0.12 WC=106.2 WCtFT=23122.9 WCtMS=83483.6
Step=   2560 t= 1.242e-06 dt= 4.503e-10 cfl=0.12 WC=107.0 WCtFT=23097.2 WCtMS=83517.2
Write flow solution.
Step=   2580 t= 1.251e-06 dt= 4.510e-10 cfl=0.12 WC=108.1 WCtFT=23117.5 WCtMS=83719.0
Step=   2600 t= 1.260e-06 dt= 4.517e-10 cfl=0.12 WC=109.0 WCtFT=23086.8 WCtMS=83738.7
Step=   2620 t= 1.269e-06 dt= 4.524e-10 cfl=0.12 WC=109.9 WCtFT=23057.8 WCtMS=83766.5
Step=   2640 t= 1.278e-06 dt= 4.531e-10 cfl=0.12 WC=110.7 WCtFT=23019.5 WCtMS=83761.3
Step=   2660 t= 1.287e-06 dt= 4.538e-10 cfl=0.12 WC=111.6 WCtFT=22982.8 WCtMS=83762.1
Step=   2680 t= 1.296e-06 dt= 4.545e-10 cfl=0.12 WC=112.4 WCtFT=22956.6 WCtMS=83801.7
Step=   2700 t= 1.305e-06 dt= 4.553e-10 cfl=0.12 WC=113.3 WCtFT=22917.6 WCtMS=83794.1
Step=   2720 t= 1.314e-06 dt= 4.560e-10 cfl=0.12 WC=114.1 WCtFT=22884.1 WCtMS=83804.3
Step=   2740 t= 1.323e-06 dt= 4.567e-10 cfl=0.12 WC=115.0 WCtFT=22850.2 WCtMS=83807.7
Step=   2760 t= 1.332e-06 dt= 4.573e-10 cfl=0.12 WC=115.8 WCtFT=22815.0 WCtMS=83801.6
Step=   2780 t= 1.342e-06 dt= 4.580e-10 cfl=0.12 WC=116.7 WCtFT=22790.0 WCtMS=83827.2
Step=   2800 t= 1.351e-06 dt= 4.586e-10 cfl=0.12 WC=117.5 WCtFT=22763.2 WCtMS=83843.2
Step=   2820 t= 1.360e-06 dt= 4.592e-10 cfl=0.12 WC=118.4 WCtFT=22733.7 WCtMS=83847.6
Step=   2840 t= 1.369e-06 dt= 4.598e-10 cfl=0.12 WC=119.3 WCtFT=22708.1 WCtMS=83866.0
Step=   2860 t= 1.378e-06 dt= 4.604e-10 cfl=0.12 WC=120.1 WCtFT=22683.7 WCtMS=83889.0
Step=   2880 t= 1.387e-06 dt= 4.610e-10 cfl=0.12 WC=121.0 WCtFT=22659.6 WCtMS=83914.4
Step=   2900 t= 1.397e-06 dt= 4.616e-10 cfl=0.12 WC=121.9 WCtFT=22628.7 WCtMS=83914.0
Step=   2920 t= 1.406e-06 dt= 4.622e-10 cfl=0.12 WC=122.7 WCtFT=22601.5 WCtMS=83924.6
Step=   2940 t= 1.415e-06 dt= 4.628e-10 cfl=0.12 WC=123.6 WCtFT=22581.5 WCtMS=83958.7
Step=   2960 t= 1.424e-06 dt= 4.634e-10 cfl=0.12 WC=124.5 WCtFT=22554.9 WCtMS=83965.4
Step=   2980 t= 1.434e-06 dt= 4.639e-10 cfl=0.12 WC=125.3 WCtFT=22526.7 WCtMS=83963.3
Step=   3000 t= 1.443e-06 dt= 4.645e-10 cfl=0.12 WC=126.1 WCtFT=22501.6 WCtMS=83972.5
***
*** Writing a snapshot: step= 3000, t= 1.443e-06
***
Step=   3020 t= 1.452e-06 dt= 4.651e-10 cfl=0.12 WC=127.2 WCtFT=22508.5 WCtMS=84103.3
Step=   3040 t= 1.462e-06 dt= 4.656e-10 cfl=0.12 WC=128.0 WCtFT=22480.1 WCtMS=84106.8
Step=   3060 t= 1.471e-06 dt= 4.663e-10 cfl=0.12 WC=129.0 WCtFT=22461.8 WCtMS=84155.4
Step=   3080 t= 1.480e-06 dt= 4.670e-10 cfl=0.12 WC=129.8 WCtFT=22432.0 WCtMS=84168.9
Step=   3100 t= 1.490e-06 dt= 4.677e-10 cfl=0.12 WC=130.7 WCtFT=22398.1 WCtMS=84180.9
Step=   3120 t= 1.499e-06 dt= 4.686e-10 cfl=0.12 WC=131.6 WCtFT=22361.8 WCtMS=84206.9
Write flow solution.
Step=   3140 t= 1.508e-06 dt= 4.697e-10 cfl=0.12 WC=132.6 WCtFT=22346.2 WCtMS=84352.1
Step=   3160 t= 1.518e-06 dt= 4.711e-10 cfl=0.12 WC=133.5 WCtFT=22285.1 WCtMS=84366.5
Step=   3180 t= 1.527e-06 dt= 4.729e-10 cfl=0.12 WC=134.4 WCtFT=22204.9 WCtMS=84382.6
Step=   3200 t= 1.537e-06 dt= 4.753e-10 cfl=0.12 WC=135.3 WCtFT=22102.0 WCtMS=84419.7
Step=   3220 t= 1.546e-06 dt= 4.779e-10 cfl=0.12 WC=136.2 WCtFT=21985.6 WCtMS=84442.7
Step=   3240 t= 1.556e-06 dt= 4.812e-10 cfl=0.12 WC=137.1 WCtFT=21844.5 WCtMS=84475.3
Step=   3260 t= 1.566e-06 dt= 4.852e-10 cfl=0.12 WC=138.0 WCtFT=21667.4 WCtMS=84498.2
Step=   3280 t= 1.575e-06 dt= 4.900e-10 cfl=0.12 WC=138.9 WCtFT=21463.5 WCtMS=84538.0
Step=   3300 t= 1.585e-06 dt= 4.953e-10 cfl=0.12 WC=139.8 WCtFT=21243.1 WCtMS=84565.7
Step=   3320 t= 1.595e-06 dt= 5.007e-10 cfl=0.12 WC=140.7 WCtFT=21022.4 WCtMS=84599.1
Step=   3340 t= 1.605e-06 dt= 5.064e-10 cfl=0.12 WC=141.6 WCtFT=20790.8 WCtMS=84630.3
Step=   3360 t= 1.616e-06 dt= 5.130e-10 cfl=0.12 WC=142.5 WCtFT=20529.1 WCtMS=84655.2
Step=   3380 t= 1.626e-06 dt= 5.199e-10 cfl=0.12 WC=143.3 WCtFT=20261.2 WCtMS=84677.4
Step=   3400 t= 1.636e-06 dt= 5.274e-10 cfl=0.12 WC=144.2 WCtFT=19978.7 WCtMS=84699.3
Step=   3420 t= 1.647e-06 dt= 5.350e-10 cfl=0.12 WC=145.1 WCtFT=19698.8 WCtMS=84723.9
Step=   3440 t= 1.658e-06 dt= 5.432e-10 cfl=0.12 WC=146.0 WCtFT=19409.1 WCtMS=84760.9
Step=   3460 t= 1.669e-06 dt= 5.509e-10 cfl=0.12 WC=147.0 WCtFT=19151.1 WCtMS=84827.0
Step=   3480 t= 1.680e-06 dt= 5.575e-10 cfl=0.12 WC=147.9 WCtFT=18935.2 WCtMS=84869.3
Step=   3500 t= 1.691e-06 dt= 5.635e-10 cfl=0.12 WC=148.9 WCtFT=18741.1 WCtMS=84919.1
Step=   3520 t= 1.703e-06 dt= 5.708e-10 cfl=0.12 WC=149.8 WCtFT=18510.7 WCtMS=84953.6
Step=   3540 t= 1.714e-06 dt= 5.772e-10 cfl=0.12 WC=150.7 WCtFT=18312.0 WCtMS=84987.2
Step=   3560 t= 1.726e-06 dt= 5.845e-10 cfl=0.12 WC=151.6 WCtFT=18093.2 WCtMS=85041.6
Step=   3580 t= 1.738e-06 dt= 5.875e-10 cfl=0.12 WC=152.6 WCtFT=18009.4 WCtMS=85077.0
Step=   3600 t= 1.749e-06 dt= 5.352e-10 cfl=0.13 WC=153.5 WCtFT=19781.7 WCtMS=85147.6
Write flow solution.
Step=   3620 t= 1.759e-06 dt= 5.342e-10 cfl=0.12 WC=154.6 WCtFT=19852.4 WCtMS=85286.8
Step=   3640 t= 1.770e-06 dt= 5.237e-10 cfl=0.12 WC=155.6 WCtFT=20256.9 WCtMS=85320.8
Step=   3660 t= 1.780e-06 dt= 5.193e-10 cfl=0.12 WC=156.5 WCtFT=20439.3 WCtMS=85368.6
Step=   3680 t= 1.791e-06 dt= 5.187e-10 cfl=0.12 WC=157.5 WCtFT=20475.3 WCtMS=85413.7
Step=   3700 t= 1.801e-06 dt= 5.276e-10 cfl=0.12 WC=158.4 WCtFT=20140.2 WCtMS=85462.7
Step=   3720 t= 1.812e-06 dt= 5.271e-10 cfl=0.12 WC=159.3 WCtFT=20166.7 WCtMS=85501.4
Step=   3740 t= 1.822e-06 dt= 5.242e-10 cfl=0.12 WC=160.2 WCtFT=20283.8 WCtMS=85528.5
Step=   3760 t= 1.833e-06 dt= 5.296e-10 cfl=0.12 WC=161.2 WCtFT=20084.4 WCtMS=85566.0
Step=   3780 t= 1.844e-06 dt= 5.290e-10 cfl=0.12 WC=162.2 WCtFT=20122.1 WCtMS=85632.0
Step=   3800 t= 1.854e-06 dt= 5.378e-10 cfl=0.12 WC=163.1 WCtFT=19804.8 WCtMS=85684.8
Step=   3820 t= 1.865e-06 dt= 5.388e-10 cfl=0.12 WC=164.1 WCtFT=19777.7 WCtMS=85732.8
Step=   3840 t= 1.876e-06 dt= 5.393e-10 cfl=0.12 WC=165.0 WCtFT=19775.0 WCtMS=85793.8
Step=   3860 t= 1.886e-06 dt= 5.384e-10 cfl=0.12 WC=166.0 WCtFT=19816.6 WCtMS=85837.1
Step=   3880 t= 1.897e-06 dt= 5.354e-10 cfl=0.12 WC=166.9 WCtFT=19931.7 WCtMS=85865.1
Step=   3900 t= 1.908e-06 dt= 5.383e-10 cfl=0.12 WC=167.8 WCtFT=19833.6 WCtMS=85897.8
Step=   3920 t= 1.919e-06 dt= 5.413e-10 cfl=0.12 WC=168.8 WCtFT=19734.8 WCtMS=85953.6
Step=   3940 t= 1.929e-06 dt= 5.481e-10 cfl=0.12 WC=169.7 WCtFT=19497.3 WCtMS=85990.7
Step=   3960 t= 1.940e-06 dt= 5.356e-10 cfl=0.12 WC=170.7 WCtFT=19964.4 WCtMS=86033.9
Step=   3980 t= 1.951e-06 dt= 5.384e-10 cfl=0.12 WC=171.6 WCtFT=19868.9 WCtMS=86081.6
Step=   4000 t= 1.962e-06 dt= 5.395e-10 cfl=0.12 WC=172.6 WCtFT=19840.8 WCtMS=86131.4
***
*** Writing a snapshot: step= 4000, t= 1.962e-06
***
Step=   4020 t= 1.972e-06 dt= 5.346e-10 cfl=0.12 WC=173.7 WCtFT=20049.7 WCtMS=86263.6
Step=   4040 t= 1.983e-06 dt= 5.358e-10 cfl=0.12 WC=174.7 WCtFT=20017.0 WCtMS=86315.9
Step=   4060 t= 1.994e-06 dt= 5.375e-10 cfl=0.12 WC=175.7 WCtFT=19963.7 WCtMS=86364.2
Write flow solution.
Step=   4080 t= 2.005e-06 dt= 5.346e-10 cfl=0.12 WC=176.8 WCtFT=20108.0 WCtMS=86508.9
Step=   4100 t= 2.015e-06 dt= 5.399e-10 cfl=0.12 WC=177.8 WCtFT=19917.8 WCtMS=86545.6
Step=   4120 t= 2.026e-06 dt= 5.425e-10 cfl=0.12 WC=178.8 WCtFT=19832.6 WCtMS=86594.1
Step=   4140 t= 2.037e-06 dt= 5.399e-10 cfl=0.12 WC=179.7 WCtFT=19937.2 WCtMS=86644.4
Step=   4160 t= 2.048e-06 dt= 5.428e-10 cfl=0.12 WC=180.7 WCtFT=19846.0 WCtMS=86706.8
Step=   4180 t= 2.059e-06 dt= 5.396e-10 cfl=0.12 WC=181.7 WCtFT=19978.6 WCtMS=86770.4
Step=   4200 t= 2.070e-06 dt= 5.392e-10 cfl=0.12 WC=182.7 WCtFT=20006.4 WCtMS=86833.9
Step=   4220 t= 2.080e-06 dt= 5.380e-10 cfl=0.12 WC=183.8 WCtFT=20063.9 WCtMS=86903.4
Step=   4240 t= 2.091e-06 dt= 5.413e-10 cfl=0.12 WC=184.8 WCtFT=19956.5 WCtMS=86967.1
Step=   4260 t= 2.102e-06 dt= 5.392e-10 cfl=0.12 WC=185.8 WCtFT=20048.4 WCtMS=87033.9
Step=   4280 t= 2.113e-06 dt= 5.436e-10 cfl=0.12 WC=186.8 WCtFT=19902.3 WCtMS=87106.6
Step=   4300 t= 2.124e-06 dt= 5.437e-10 cfl=0.12 WC=187.8 WCtFT=19912.7 WCtMS=87169.9
Step=   4320 t= 2.135e-06 dt= 5.399e-10 cfl=0.12 WC=188.8 WCtFT=20065.5 WCtMS=87225.1
Step=   4340 t= 2.145e-06 dt= 5.415e-10 cfl=0.12 WC=189.8 WCtFT=20018.3 WCtMS=87273.8
Step=   4360 t= 2.156e-06 dt= 5.398e-10 cfl=0.12 WC=190.8 WCtFT=20092.0 WCtMS=87331.2
Step=   4380 t= 2.167e-06 dt= 5.413e-10 cfl=0.12 WC=191.8 WCtFT=20043.6 WCtMS=87369.0
Step=   4400 t= 2.178e-06 dt= 5.408e-10 cfl=0.12 WC=192.8 WCtFT=20073.6 WCtMS=87421.8
Step=   4420 t= 2.189e-06 dt= 5.463e-10 cfl=0.12 WC=193.7 WCtFT=19882.7 WCtMS=87465.5
Step=   4440 t= 2.200e-06 dt= 5.466e-10 cfl=0.12 WC=194.7 WCtFT=19882.2 WCtMS=87511.6
Step=   4460 t= 2.210e-06 dt= 5.346e-10 cfl=0.12 WC=195.8 WCtFT=20342.2 WCtMS=87584.5
Step=   4480 t= 2.221e-06 dt= 5.356e-10 cfl=0.12 WC=196.7 WCtFT=20316.5 WCtMS=87637.2
Step=   4500 t= 2.232e-06 dt= 5.349e-10 cfl=0.12 WC=197.7 WCtFT=20355.7 WCtMS=87686.3
Step=   4520 t= 2.243e-06 dt= 5.420e-10 cfl=0.12 WC=198.7 WCtFT=20100.1 WCtMS=87742.8
Write flow solution.
Step=   4540 t= 2.253e-06 dt= 5.343e-10 cfl=0.12 WC=200.0 WCtFT=20421.5 WCtMS=87886.8
Step=   4560 t= 2.264e-06 dt= 5.442e-10 cfl=0.12 WC=201.0 WCtFT=20063.9 WCtMS=87949.5
Step=   4580 t= 2.275e-06 dt= 5.343e-10 cfl=0.12 WC=202.0 WCtFT=20446.2 WCtMS=87996.3
Step=   4600 t= 2.286e-06 dt= 5.462e-10 cfl=0.12 WC=203.0 WCtFT=20015.1 WCtMS=88057.9
Step=   4620 t= 2.296e-06 dt= 5.364e-10 cfl=0.12 WC=204.0 WCtFT=20391.7 WCtMS=88111.1
Step=   4640 t= 2.307e-06 dt= 5.370e-10 cfl=0.12 WC=205.0 WCtFT=20377.2 WCtMS=88154.9
Step=   4660 t= 2.318e-06 dt= 5.422e-10 cfl=0.12 WC=206.0 WCtFT=20195.6 WCtMS=88211.2
Step=   4680 t= 2.329e-06 dt= 5.398e-10 cfl=0.12 WC=207.0 WCtFT=20294.6 WCtMS=88262.6
Step=   4700 t= 2.340e-06 dt= 5.402e-10 cfl=0.12 WC=208.1 WCtFT=20295.8 WCtMS=88333.2
Step=   4720 t= 2.350e-06 dt= 5.416e-10 cfl=0.12 WC=209.1 WCtFT=20260.4 WCtMS=88409.1
Step=   4740 t= 2.361e-06 dt= 5.384e-10 cfl=0.12 WC=210.2 WCtFT=20391.6 WCtMS=88462.4
Step=   4760 t= 2.372e-06 dt= 5.517e-10 cfl=0.12 WC=211.2 WCtFT=19915.3 WCtMS=88528.3
Step=   4780 t= 2.383e-06 dt= 5.457e-10 cfl=0.12 WC=212.2 WCtFT=20148.4 WCtMS=88589.0
Step=   4800 t= 2.394e-06 dt= 5.398e-10 cfl=0.12 WC=213.3 WCtFT=20379.4 WCtMS=88642.6
Step=   4820 t= 2.405e-06 dt= 5.409e-10 cfl=0.12 WC=214.3 WCtFT=20347.6 WCtMS=88696.1
Step=   4840 t= 2.416e-06 dt= 5.427e-10 cfl=0.12 WC=215.3 WCtFT=20296.7 WCtMS=88762.4
Step=   4860 t= 2.427e-06 dt= 5.477e-10 cfl=0.12 WC=216.3 WCtFT=20122.2 WCtMS=88816.2
Step=   4880 t= 2.437e-06 dt= 5.486e-10 cfl=0.12 WC=217.4 WCtFT=20101.3 WCtMS=88872.8
Step=   4900 t= 2.448e-06 dt= 5.430e-10 cfl=0.12 WC=218.4 WCtFT=20320.0 WCtMS=88926.5
Step=   4920 t= 2.459e-06 dt= 5.433e-10 cfl=0.12 WC=219.4 WCtFT=20317.9 WCtMS=88967.2
Step=   4940 t= 2.470e-06 dt= 5.455e-10 cfl=0.12 WC=220.4 WCtFT=20243.3 WCtMS=89010.4
Step=   4960 t= 2.481e-06 dt= 5.472e-10 cfl=0.12 WC=221.4 WCtFT=20192.3 WCtMS=89060.8
Step=   4980 t= 2.492e-06 dt= 5.482e-10 cfl=0.12 WC=222.4 WCtFT=20161.6 WCtMS=89094.1
Write flow solution.
Step=   5000 t= 2.503e-06 dt= 5.478e-10 cfl=0.12 WC=223.6 WCtFT=20206.4 WCtMS=89227.2
***
*** Writing a snapshot: step= 5000, t= 2.503e-06
***
Step=   5020 t= 2.514e-06 dt= 5.465e-10 cfl=0.12 WC=224.8 WCtFT=20281.4 WCtMS=89338.5
Step=   5040 t= 2.525e-06 dt= 5.496e-10 cfl=0.12 WC=225.8 WCtFT=20171.7 WCtMS=89370.2
Step=   5060 t= 2.536e-06 dt= 5.468e-10 cfl=0.12 WC=226.8 WCtFT=20282.6 WCtMS=89408.0
Step=   5080 t= 2.547e-06 dt= 5.450e-10 cfl=0.12 WC=227.8 WCtFT=20359.8 WCtMS=89461.6
Step=   5100 t= 2.558e-06 dt= 5.489e-10 cfl=0.12 WC=228.8 WCtFT=20224.4 WCtMS=89499.8
Step=   5120 t= 2.569e-06 dt= 5.441e-10 cfl=0.12 WC=229.9 WCtFT=20416.0 WCtMS=89565.0
Step=   5140 t= 2.580e-06 dt= 5.465e-10 cfl=0.12 WC=230.9 WCtFT=20337.0 WCtMS=89611.5
Step=   5160 t= 2.591e-06 dt= 5.529e-10 cfl=0.12 WC=231.9 WCtFT=20111.5 WCtMS=89663.0
Step=   5180 t= 2.602e-06 dt= 5.471e-10 cfl=0.12 WC=232.9 WCtFT=20336.8 WCtMS=89708.7
Step=   5200 t= 2.613e-06 dt= 5.501e-10 cfl=0.12 WC=234.0 WCtFT=20234.6 WCtMS=89750.7
Step=   5220 t= 2.624e-06 dt= 5.467e-10 cfl=0.12 WC=235.0 WCtFT=20369.6 WCtMS=89797.6
Step=   5240 t= 2.635e-06 dt= 5.469e-10 cfl=0.12 WC=236.0 WCtFT=20372.8 WCtMS=89848.3
Step=   5260 t= 2.646e-06 dt= 5.479e-10 cfl=0.12 WC=237.0 WCtFT=20343.9 WCtMS=89891.9
Step=   5280 t= 2.657e-06 dt= 5.479e-10 cfl=0.12 WC=238.0 WCtFT=20353.0 WCtMS=89924.8
Step=   5300 t= 2.668e-06 dt= 5.475e-10 cfl=0.12 WC=239.1 WCtFT=20376.7 WCtMS=89971.9
Step=   5320 t= 2.679e-06 dt= 5.515e-10 cfl=0.12 WC=240.1 WCtFT=20238.1 WCtMS=90024.6
Step=   5340 t= 2.690e-06 dt= 5.527e-10 cfl=0.12 WC=241.1 WCtFT=20204.0 WCtMS=90072.0
Step=   5360 t= 2.701e-06 dt= 5.520e-10 cfl=0.12 WC=242.2 WCtFT=20241.0 WCtMS=90113.8
Step=   5380 t= 2.712e-06 dt= 5.500e-10 cfl=0.12 WC=243.2 WCtFT=20325.0 WCtMS=90159.4
Step=   5400 t= 2.723e-06 dt= 5.498e-10 cfl=0.12 WC=244.2 WCtFT=20338.1 WCtMS=90200.6
Step=   5420 t= 2.734e-06 dt= 5.479e-10 cfl=0.12 WC=245.2 WCtFT=20420.0 WCtMS=90252.5
Step=   5440 t= 2.745e-06 dt= 5.501e-10 cfl=0.12 WC=246.3 WCtFT=20347.9 WCtMS=90299.3
Write flow solution.
Step=   5460 t= 2.756e-06 dt= 5.481e-10 cfl=0.12 WC=247.5 WCtFT=20448.3 WCtMS=90411.5
Step=   5480 t= 2.767e-06 dt= 5.502e-10 cfl=0.12 WC=248.5 WCtFT=20378.7 WCtMS=90452.2
Step=   5500 t= 2.778e-06 dt= 5.540e-10 cfl=0.12 WC=249.5 WCtFT=20247.7 WCtMS=90490.5
Step=   5520 t= 2.789e-06 dt= 5.495e-10 cfl=0.12 WC=250.6 WCtFT=20419.4 WCtMS=90532.8
Step=   5540 t= 2.800e-06 dt= 5.458e-10 cfl=0.12 WC=251.6 WCtFT=20568.4 WCtMS=90571.9
Step=   5560 t= 2.811e-06 dt= 5.477e-10 cfl=0.12 WC=252.6 WCtFT=20506.8 WCtMS=90623.6
Step=   5580 t= 2.822e-06 dt= 5.517e-10 cfl=0.12 WC=253.7 WCtFT=20369.8 WCtMS=90670.3
Step=   5600 t= 2.833e-06 dt= 5.480e-10 cfl=0.12 WC=254.7 WCtFT=20517.6 WCtMS=90717.8
Step=   5620 t= 2.844e-06 dt= 5.520e-10 cfl=0.12 WC=255.8 WCtFT=20380.8 WCtMS=90776.2
Step=   5640 t= 2.855e-06 dt= 5.515e-10 cfl=0.12 WC=256.8 WCtFT=20409.1 WCtMS=90823.6
Step=   5660 t= 2.866e-06 dt= 5.508e-10 cfl=0.12 WC=257.9 WCtFT=20444.7 WCtMS=90882.0
Step=   5680 t= 2.877e-06 dt= 5.481e-10 cfl=0.12 WC=259.0 WCtFT=20554.2 WCtMS=90922.7
Step=   5700 t= 2.888e-06 dt= 5.524e-10 cfl=0.12 WC=260.0 WCtFT=20405.7 WCtMS=90966.7
Step=   5720 t= 2.899e-06 dt= 5.538e-10 cfl=0.12 WC=261.1 WCtFT=20362.8 WCtMS=91020.1
Step=   5740 t= 2.910e-06 dt= 5.536e-10 cfl=0.12 WC=262.1 WCtFT=20382.2 WCtMS=91066.8
Step=   5760 t= 2.921e-06 dt= 5.531e-10 cfl=0.12 WC=263.2 WCtFT=20408.9 WCtMS=91114.3
Step=   5780 t= 2.932e-06 dt= 5.529e-10 cfl=0.12 WC=264.2 WCtFT=20426.2 WCtMS=91156.2
Step=   5800 t= 2.943e-06 dt= 5.540e-10 cfl=0.12 WC=265.2 WCtFT=20392.7 WCtMS=91194.1
Step=   5820 t= 2.954e-06 dt= 5.525e-10 cfl=0.12 WC=266.3 WCtFT=20459.0 WCtMS=91246.8
Step=   5840 t= 2.965e-06 dt= 5.544e-10 cfl=0.12 WC=267.4 WCtFT=20400.4 WCtMS=91296.3
Step=   5860 t= 2.976e-06 dt= 5.516e-10 cfl=0.12 WC=268.4 WCtFT=20512.4 WCtMS=91344.9
Step=   5880 t= 2.987e-06 dt= 5.571e-10 cfl=0.12 WC=269.5 WCtFT=20321.7 WCtMS=91399.5
Step=   5900 t= 2.998e-06 dt= 5.551e-10 cfl=0.12 WC=270.6 WCtFT=20407.7 WCtMS=91455.5
Write flow solution.
Step=   5920 t= 3.009e-06 dt= 5.519e-10 cfl=0.12 WC=271.8 WCtFT=20550.6 WCtMS=91565.7
Step=   5940 t= 3.021e-06 dt= 5.596e-10 cfl=0.12 WC=272.9 WCtFT=20277.3 WCtMS=91606.6
Step=   5960 t= 3.032e-06 dt= 5.558e-10 cfl=0.12 WC=273.9 WCtFT=20423.5 WCtMS=91654.2
Step=   5980 t= 3.043e-06 dt= 5.535e-10 cfl=0.12 WC=275.0 WCtFT=20517.9 WCtMS=91701.9
Step=   6000 t= 3.054e-06 dt= 5.546e-10 cfl=0.12 WC=276.1 WCtFT=20489.3 WCtMS=91747.3
***
*** Writing a snapshot: step= 6000, t= 3.054e-06
***
Step=   6020 t= 3.065e-06 dt= 5.541e-10 cfl=0.12 WC=277.3 WCtFT=20528.9 WCtMS=91845.0
Step=   6040 t= 3.076e-06 dt= 5.566e-10 cfl=0.12 WC=278.4 WCtFT=20446.9 WCtMS=91902.1
Step=   6060 t= 3.087e-06 dt= 5.590e-10 cfl=0.12 WC=279.4 WCtFT=20367.5 WCtMS=91943.0
Step=   6080 t= 3.098e-06 dt= 5.526e-10 cfl=0.12 WC=280.5 WCtFT=20614.4 WCtMS=91995.8
Step=   6100 t= 3.109e-06 dt= 5.580e-10 cfl=0.12 WC=281.6 WCtFT=20428.2 WCtMS=92052.5
Step=   6120 t= 3.120e-06 dt= 5.558e-10 cfl=0.12 WC=282.7 WCtFT=20518.2 WCtMS=92100.3
Step=   6140 t= 3.132e-06 dt= 5.533e-10 cfl=0.12 WC=283.8 WCtFT=20622.0 WCtMS=92148.5
Step=   6160 t= 3.143e-06 dt= 5.565e-10 cfl=0.12 WC=284.8 WCtFT=20511.2 WCtMS=92190.8
Step=   6180 t= 3.154e-06 dt= 5.556e-10 cfl=0.12 WC=285.9 WCtFT=20552.2 WCtMS=92237.1
Step=   6200 t= 3.165e-06 dt= 5.550e-10 cfl=0.12 WC=287.0 WCtFT=20584.8 WCtMS=92282.7
Step=   6220 t= 3.176e-06 dt= 5.591e-10 cfl=0.12 WC=288.1 WCtFT=20443.6 WCtMS=92332.8
Step=   6240 t= 3.187e-06 dt= 5.578e-10 cfl=0.12 WC=289.1 WCtFT=20504.2 WCtMS=92386.5
Step=   6260 t= 3.198e-06 dt= 5.589e-10 cfl=0.12 WC=290.2 WCtFT=20471.6 WCtMS=92433.1
Step=   6280 t= 3.209e-06 dt= 5.567e-10 cfl=0.12 WC=291.3 WCtFT=20564.5 WCtMS=92482.6
Step=   6300 t= 3.221e-06 dt= 5.567e-10 cfl=0.12 WC=292.4 WCtFT=20575.4 WCtMS=92537.7
Step=   6320 t= 3.232e-06 dt= 5.586e-10 cfl=0.12 WC=293.5 WCtFT=20512.8 WCtMS=92575.2
Step=   6340 t= 3.243e-06 dt= 5.572e-10 cfl=0.12 WC=294.6 WCtFT=20574.7 WCtMS=92628.5
Write flow solution.
Step=   6360 t= 3.254e-06 dt= 5.594e-10 cfl=0.12 WC=295.8 WCtFT=20518.9 WCtMS=92735.3
Step=   6380 t= 3.265e-06 dt= 5.586e-10 cfl=0.12 WC=296.9 WCtFT=20556.5 WCtMS=92783.3
Step=   6400 t= 3.276e-06 dt= 5.571e-10 cfl=0.12 WC=298.0 WCtFT=20624.0 WCtMS=92834.5
Step=   6420 t= 3.288e-06 dt= 5.571e-10 cfl=0.12 WC=299.1 WCtFT=20631.6 WCtMS=92879.1
Step=   6440 t= 3.299e-06 dt= 5.574e-10 cfl=0.12 WC=300.2 WCtFT=20634.0 WCtMS=92934.9
Step=   6460 t= 3.310e-06 dt= 5.581e-10 cfl=0.12 WC=301.3 WCtFT=20614.2 WCtMS=92978.9
Step=   6480 t= 3.321e-06 dt= 5.609e-10 cfl=0.12 WC=302.4 WCtFT=20525.9 WCtMS=93033.4
Step=   6500 t= 3.332e-06 dt= 5.588e-10 cfl=0.12 WC=303.5 WCtFT=20611.5 WCtMS=93090.0
Step=   6520 t= 3.343e-06 dt= 5.587e-10 cfl=0.12 WC=304.7 WCtFT=20630.1 WCtMS=93150.2
Step=   6540 t= 3.355e-06 dt= 5.601e-10 cfl=0.12 WC=305.7 WCtFT=20585.8 WCtMS=93186.3
Step=   6560 t= 3.366e-06 dt= 5.587e-10 cfl=0.12 WC=306.8 WCtFT=20647.0 WCtMS=93237.1
Step=   6580 t= 3.377e-06 dt= 5.587e-10 cfl=0.12 WC=307.9 WCtFT=20658.3 WCtMS=93284.5
Step=   6600 t= 3.388e-06 dt= 5.597e-10 cfl=0.12 WC=309.1 WCtFT=20632.2 WCtMS=93345.2
Step=   6620 t= 3.399e-06 dt= 5.589e-10 cfl=0.12 WC=310.1 WCtFT=20668.6 WCtMS=93385.3
Step=   6640 t= 3.411e-06 dt= 5.599e-10 cfl=0.12 WC=311.2 WCtFT=20642.2 WCtMS=93428.8
Step=   6660 t= 3.422e-06 dt= 5.600e-10 cfl=0.12 WC=312.3 WCtFT=20647.0 WCtMS=93474.2
Step=   6680 t= 3.433e-06 dt= 5.595e-10 cfl=0.12 WC=313.4 WCtFT=20673.5 WCtMS=93516.8
Step=   6700 t= 3.444e-06 dt= 5.607e-10 cfl=0.12 WC=314.6 WCtFT=20646.2 WCtMS=93584.2
Step=   6720 t= 3.455e-06 dt= 5.597e-10 cfl=0.12 WC=315.6 WCtFT=20688.9 WCtMS=93627.2
Step=   6740 t= 3.467e-06 dt= 5.619e-10 cfl=0.12 WC=316.7 WCtFT=20618.7 WCtMS=93673.2
Step=   6760 t= 3.478e-06 dt= 5.598e-10 cfl=0.12 WC=317.9 WCtFT=20704.5 WCtMS=93720.6
Step=   6780 t= 3.489e-06 dt= 5.613e-10 cfl=0.12 WC=319.0 WCtFT=20659.8 WCtMS=93772.5
Step=   6800 t= 3.500e-06 dt= 5.604e-10 cfl=0.12 WC=320.0 WCtFT=20702.8 WCtMS=93809.7
Write flow solution.
Step=   6820 t= 3.511e-06 dt= 5.632e-10 cfl=0.12 WC=321.3 WCtFT=20622.2 WCtMS=93910.9
Step=   6840 t= 3.523e-06 dt= 5.606e-10 cfl=0.12 WC=322.5 WCtFT=20728.2 WCtMS=93965.8
Step=   6860 t= 3.534e-06 dt= 5.613e-10 cfl=0.12 WC=323.6 WCtFT=20714.8 WCtMS=94023.3
Step=   6880 t= 3.545e-06 dt= 5.610e-10 cfl=0.12 WC=324.7 WCtFT=20731.0 WCtMS=94058.8
Step=   6900 t= 3.556e-06 dt= 5.632e-10 cfl=0.12 WC=325.8 WCtFT=20662.5 WCtMS=94109.6
Step=   6920 t= 3.568e-06 dt= 5.623e-10 cfl=0.12 WC=326.9 WCtFT=20702.6 WCtMS=94147.7
Step=   6940 t= 3.579e-06 dt= 5.614e-10 cfl=0.12 WC=328.0 WCtFT=20744.2 WCtMS=94196.2
Step=   6960 t= 3.590e-06 dt= 5.614e-10 cfl=0.12 WC=329.1 WCtFT=20754.7 WCtMS=94242.2
Step=   6980 t= 3.601e-06 dt= 5.625e-10 cfl=0.12 WC=330.2 WCtFT=20722.8 WCtMS=94285.3
Step=   7000 t= 3.613e-06 dt= 5.627e-10 cfl=0.12 WC=331.3 WCtFT=20722.3 WCtMS=94327.3
***
*** Writing a snapshot: step= 7000, t= 3.613e-06
***
Step=   7020 t= 3.624e-06 dt= 5.622e-10 cfl=0.12 WC=332.7 WCtFT=20768.3 WCtMS=94440.6
Step=   7040 t= 3.635e-06 dt= 5.618e-10 cfl=0.12 WC=333.8 WCtFT=20792.3 WCtMS=94488.1
Step=   7060 t= 3.646e-06 dt= 5.618e-10 cfl=0.12 WC=334.9 WCtFT=20800.4 WCtMS=94538.5
Step=   7080 t= 3.658e-06 dt= 5.622e-10 cfl=0.12 WC=336.0 WCtFT=20791.5 WCtMS=94570.8
Step=   7100 t= 3.669e-06 dt= 5.628e-10 cfl=0.12 WC=337.1 WCtFT=20781.6 WCtMS=94616.7
Step=   7120 t= 3.680e-06 dt= 5.629e-10 cfl=0.12 WC=338.2 WCtFT=20785.3 WCtMS=94668.0
Step=   7140 t= 3.691e-06 dt= 5.630e-10 cfl=0.12 WC=339.3 WCtFT=20790.6 WCtMS=94706.3
Step=   7160 t= 3.703e-06 dt= 5.633e-10 cfl=0.12 WC=340.4 WCtFT=20788.2 WCtMS=94754.3
Step=   7180 t= 3.714e-06 dt= 5.641e-10 cfl=0.12 WC=341.5 WCtFT=20769.7 WCtMS=94796.9
Step=   7200 t= 3.725e-06 dt= 5.654e-10 cfl=0.12 WC=342.6 WCtFT=20726.8 WCtMS=94826.8
Step=   7220 t= 3.737e-06 dt= 5.657e-10 cfl=0.12 WC=343.7 WCtFT=20726.4 WCtMS=94877.6
Step=   7240 t= 3.748e-06 dt= 5.670e-10 cfl=0.12 WC=344.9 WCtFT=20687.6 WCtMS=94922.3
Write flow solution.
Step=   7260 t= 3.759e-06 dt= 5.647e-10 cfl=0.12 WC=346.2 WCtFT=20790.6 WCtMS=95018.6
Step=   7280 t= 3.770e-06 dt= 5.634e-10 cfl=0.12 WC=347.3 WCtFT=20848.1 WCtMS=95062.1
Step=   7300 t= 3.782e-06 dt= 5.634e-10 cfl=0.12 WC=348.4 WCtFT=20858.8 WCtMS=95109.9
Step=   7320 t= 3.793e-06 dt= 5.632e-10 cfl=0.12 WC=349.5 WCtFT=20875.8 WCtMS=95150.5
Step=   7340 t= 3.804e-06 dt= 5.640e-10 cfl=0.12 WC=350.7 WCtFT=20853.8 WCtMS=95197.6
Step=   7360 t= 3.816e-06 dt= 5.649e-10 cfl=0.12 WC=351.8 WCtFT=20829.1 WCtMS=95237.4
Step=   7380 t= 3.827e-06 dt= 5.640e-10 cfl=0.12 WC=352.9 WCtFT=20870.1 WCtMS=95276.7
Step=   7400 t= 3.838e-06 dt= 5.642e-10 cfl=0.12 WC=354.0 WCtFT=20873.9 WCtMS=95329.5
Step=   7420 t= 3.849e-06 dt= 5.652e-10 cfl=0.12 WC=355.1 WCtFT=20845.8 WCtMS=95371.0
Step=   7440 t= 3.861e-06 dt= 5.643e-10 cfl=0.12 WC=356.3 WCtFT=20887.9 WCtMS=95411.8
Step=   7460 t= 3.872e-06 dt= 5.644e-10 cfl=0.12 WC=357.4 WCtFT=20891.5 WCtMS=95452.0
Step=   7480 t= 3.883e-06 dt= 5.670e-10 cfl=0.12 WC=358.5 WCtFT=20805.5 WCtMS=95499.8
Step=   7500 t= 3.895e-06 dt= 5.640e-10 cfl=0.12 WC=359.6 WCtFT=20920.3 WCtMS=95530.5
Step=   7520 t= 3.906e-06 dt= 5.657e-10 cfl=0.12 WC=360.7 WCtFT=20864.1 WCtMS=95568.8
Step=   7540 t= 3.917e-06 dt= 5.672e-10 cfl=0.12 WC=361.8 WCtFT=20817.2 WCtMS=95607.2
Step=   7560 t= 3.929e-06 dt= 5.641e-10 cfl=0.12 WC=362.9 WCtFT=20941.0 WCtMS=95651.1
Step=   7580 t= 3.940e-06 dt= 5.721e-10 cfl=0.12 WC=364.0 WCtFT=20658.1 WCtMS=95691.1
Step=   7600 t= 3.951e-06 dt= 5.661e-10 cfl=0.12 WC=365.2 WCtFT=20882.9 WCtMS=95731.7
Step=   7620 t= 3.963e-06 dt= 5.658e-10 cfl=0.12 WC=366.3 WCtFT=20904.5 WCtMS=95780.7
Step=   7640 t= 3.974e-06 dt= 5.672e-10 cfl=0.12 WC=367.4 WCtFT=20860.9 WCtMS=95817.7
Step=   7660 t= 3.985e-06 dt= 5.647e-10 cfl=0.12 WC=368.5 WCtFT=20960.1 WCtMS=95850.5
Step=   7680 t= 3.997e-06 dt= 5.685e-10 cfl=0.12 WC=369.6 WCtFT=20825.5 WCtMS=95884.0
Write flow solution.
Step=   7700 t= 4.008e-06 dt= 5.653e-10 cfl=0.12 WC=370.9 WCtFT=20960.0 WCtMS=95966.2
Step=   7720 t= 4.019e-06 dt= 5.665e-10 cfl=0.12 WC=372.0 WCtFT=20926.5 WCtMS=96009.6
Step=   7740 t= 4.031e-06 dt= 5.658e-10 cfl=0.12 WC=373.1 WCtFT=20958.6 WCtMS=96043.9
Step=   7760 t= 4.042e-06 dt= 5.656e-10 cfl=0.12 WC=374.2 WCtFT=20973.3 WCtMS=96078.1
Step=   7780 t= 4.053e-06 dt= 5.659e-10 cfl=0.12 WC=375.3 WCtFT=20966.1 WCtMS=96110.3
Step=   7800 t= 4.065e-06 dt= 5.658e-10 cfl=0.12 WC=376.4 WCtFT=20979.4 WCtMS=96146.6
Step=   7820 t= 4.076e-06 dt= 5.669e-10 cfl=0.12 WC=377.6 WCtFT=20943.9 WCtMS=96184.3
Step=   7840 t= 4.087e-06 dt= 5.671e-10 cfl=0.12 WC=378.6 WCtFT=20941.9 WCtMS=96212.7
Step=   7860 t= 4.099e-06 dt= 5.670e-10 cfl=0.12 WC=379.7 WCtFT=20951.7 WCtMS=96245.7
Step=   7880 t= 4.110e-06 dt= 5.687e-10 cfl=0.12 WC=380.8 WCtFT=20895.1 WCtMS=96273.7
Step=   7900 t= 4.121e-06 dt= 5.669e-10 cfl=0.12 WC=381.9 WCtFT=20970.1 WCtMS=96308.7
Step=   7920 t= 4.133e-06 dt= 5.670e-10 cfl=0.12 WC=383.1 WCtFT=20973.1 WCtMS=96347.5
Step=   7940 t= 4.144e-06 dt= 5.665e-10 cfl=0.12 WC=384.2 WCtFT=21000.9 WCtMS=96396.6
Step=   7960 t= 4.155e-06 dt= 5.661e-10 cfl=0.12 WC=385.3 WCtFT=21020.8 WCtMS=96426.7
Step=   7980 t= 4.167e-06 dt= 5.663e-10 cfl=0.12 WC=386.4 WCtFT=21020.7 WCtMS=96467.7
Step=   8000 t= 4.178e-06 dt= 5.686e-10 cfl=0.12 WC=387.6 WCtFT=20943.3 WCtMS=96501.2
***
*** Writing a snapshot: step= 8000, t= 4.178e-06
***
Step=   8020 t= 4.189e-06 dt= 5.685e-10 cfl=0.12 WC=388.9 WCtFT=20966.8 WCtMS=96590.4
Step=   8040 t= 4.201e-06 dt= 5.692e-10 cfl=0.12 WC=390.1 WCtFT=20950.2 WCtMS=96640.8
Step=   8060 t= 4.212e-06 dt= 5.670e-10 cfl=0.12 WC=391.2 WCtFT=21036.6 WCtMS=96672.1
Step=   8080 t= 4.223e-06 dt= 5.666e-10 cfl=0.12 WC=392.3 WCtFT=21059.9 WCtMS=96707.0
Step=   8100 t= 4.235e-06 dt= 5.670e-10 cfl=0.12 WC=393.4 WCtFT=21048.2 WCtMS=96733.1
Step=   8120 t= 4.246e-06 dt= 5.677e-10 cfl=0.12 WC=394.5 WCtFT=21031.3 WCtMS=96775.2
Write flow solution.
Step=   8140 t= 4.257e-06 dt= 5.676e-10 cfl=0.12 WC=395.8 WCtFT=21050.7 WCtMS=96855.8
Step=   8160 t= 4.269e-06 dt= 5.683e-10 cfl=0.12 WC=396.9 WCtFT=21032.9 WCtMS=96892.5
Step=   8180 t= 4.280e-06 dt= 5.671e-10 cfl=0.12 WC=398.1 WCtFT=21086.2 WCtMS=96927.1
Step=   8200 t= 4.291e-06 dt= 5.670e-10 cfl=0.12 WC=399.2 WCtFT=21094.9 WCtMS=96964.2
Step=   8220 t= 4.303e-06 dt= 5.680e-10 cfl=0.12 WC=400.3 WCtFT=21066.4 WCtMS=96998.0
Step=   8240 t= 4.314e-06 dt= 5.688e-10 cfl=0.12 WC=401.5 WCtFT=21045.4 WCtMS=97045.6
Step=   8260 t= 4.326e-06 dt= 5.677e-10 cfl=0.12 WC=402.6 WCtFT=21092.0 WCtMS=97083.3
Step=   8280 t= 4.337e-06 dt= 5.683e-10 cfl=0.12 WC=403.8 WCtFT=21080.2 WCtMS=97129.5
Step=   8300 t= 4.348e-06 dt= 5.672e-10 cfl=0.12 WC=405.0 WCtFT=21129.8 WCtMS=97174.8
Step=   8320 t= 4.360e-06 dt= 5.674e-10 cfl=0.12 WC=406.1 WCtFT=21131.9 WCtMS=97209.5
Step=   8340 t= 4.371e-06 dt= 5.683e-10 cfl=0.12 WC=407.2 WCtFT=21105.3 WCtMS=97254.6
Step=   8360 t= 4.382e-06 dt= 5.690e-10 cfl=0.12 WC=408.4 WCtFT=21084.8 WCtMS=97285.4
Step=   8380 t= 4.394e-06 dt= 5.685e-10 cfl=0.12 WC=409.5 WCtFT=21113.4 WCtMS=97328.4
Step=   8400 t= 4.405e-06 dt= 5.689e-10 cfl=0.12 WC=410.7 WCtFT=21104.5 WCtMS=97365.3
Step=   8420 t= 4.416e-06 dt= 5.675e-10 cfl=0.12 WC=411.8 WCtFT=21163.5 WCtMS=97400.1
Step=   8440 t= 4.428e-06 dt= 5.675e-10 cfl=0.12 WC=412.9 WCtFT=21170.7 WCtMS=97431.6
Step=   8460 t= 4.439e-06 dt= 5.682e-10 cfl=0.12 WC=414.1 WCtFT=21152.8 WCtMS=97471.3
Step=   8480 t= 4.451e-06 dt= 5.694e-10 cfl=0.12 WC=415.2 WCtFT=21112.5 WCtMS=97504.4
Step=   8500 t= 4.462e-06 dt= 5.699e-10 cfl=0.12 WC=416.3 WCtFT=21100.7 WCtMS=97539.5
Step=   8520 t= 4.473e-06 dt= 5.692e-10 cfl=0.12 WC=417.4 WCtFT=21134.1 WCtMS=97574.8
Step=   8540 t= 4.485e-06 dt= 5.678e-10 cfl=0.12 WC=418.6 WCtFT=21193.8 WCtMS=97606.5
Step=   8560 t= 4.496e-06 dt= 5.677e-10 cfl=0.12 WC=419.7 WCtFT=21205.5 WCtMS=97647.8
Write flow solution.
Step=   8580 t= 4.507e-06 dt= 5.684e-10 cfl=0.12 WC=421.1 WCtFT=21194.9 WCtMS=97730.2
Step=   8600 t= 4.519e-06 dt= 5.701e-10 cfl=0.12 WC=422.2 WCtFT=21141.3 WCtMS=97773.8
Step=   8620 t= 4.530e-06 dt= 5.702e-10 cfl=0.12 WC=423.3 WCtFT=21141.4 WCtMS=97800.3
Step=   8640 t= 4.542e-06 dt= 5.694e-10 cfl=0.12 WC=424.5 WCtFT=21179.7 WCtMS=97839.8
Step=   8660 t= 4.553e-06 dt= 5.680e-10 cfl=0.12 WC=425.6 WCtFT=21237.5 WCtMS=97874.8
Step=   8680 t= 4.564e-06 dt= 5.684e-10 cfl=0.12 WC=426.8 WCtFT=21229.0 WCtMS=97905.0
Step=   8700 t= 4.576e-06 dt= 5.702e-10 cfl=0.12 WC=427.9 WCtFT=21169.5 WCtMS=97944.3
Step=   8720 t= 4.587e-06 dt= 5.716e-10 cfl=0.12 WC=429.1 WCtFT=21126.1 WCtMS=97982.9
Step=   8740 t= 4.599e-06 dt= 5.690e-10 cfl=0.12 WC=430.3 WCtFT=21229.6 WCtMS=98026.3
Step=   8760 t= 4.610e-06 dt= 5.686e-10 cfl=0.12 WC=431.4 WCtFT=21252.2 WCtMS=98055.6
Step=   8780 t= 4.621e-06 dt= 5.689e-10 cfl=0.12 WC=432.5 WCtFT=21248.0 WCtMS=98086.0
Step=   8800 t= 4.633e-06 dt= 5.708e-10 cfl=0.12 WC=433.7 WCtFT=21182.6 WCtMS=98123.4
Step=   8820 t= 4.644e-06 dt= 5.711e-10 cfl=0.12 WC=434.8 WCtFT=21178.3 WCtMS=98163.1
Step=   8840 t= 4.656e-06 dt= 5.697e-10 cfl=0.12 WC=436.0 WCtFT=21236.7 WCtMS=98195.7
Step=   8860 t= 4.667e-06 dt= 5.685e-10 cfl=0.12 WC=437.1 WCtFT=21289.4 WCtMS=98232.2
Step=   8880 t= 4.678e-06 dt= 5.702e-10 cfl=0.12 WC=438.3 WCtFT=21236.0 WCtMS=98277.2
Step=   8900 t= 4.690e-06 dt= 5.720e-10 cfl=0.12 WC=439.4 WCtFT=21176.0 WCtMS=98308.2
Step=   8920 t= 4.701e-06 dt= 5.706e-10 cfl=0.12 WC=440.6 WCtFT=21232.6 WCtMS=98345.5
Step=   8940 t= 4.713e-06 dt= 5.690e-10 cfl=0.12 WC=441.8 WCtFT=21302.7 WCtMS=98386.6
Step=   8960 t= 4.724e-06 dt= 5.700e-10 cfl=0.12 WC=442.9 WCtFT=21271.9 WCtMS=98423.4
Step=   8980 t= 4.735e-06 dt= 5.711e-10 cfl=0.12 WC=444.1 WCtFT=21236.8 WCtMS=98462.6
Step=   9000 t= 4.747e-06 dt= 5.715e-10 cfl=0.12 WC=445.3 WCtFT=21232.6 WCtMS=98508.0
***
*** Writing a snapshot: step= 9000, t= 4.747e-06
***
Write flow solution.
Step=   9020 t= 4.758e-06 dt= 5.696e-10 cfl=0.12 WC=446.8 WCtFT=21328.5 WCtMS=98624.4
Step=   9040 t= 4.770e-06 dt= 5.692e-10 cfl=0.12 WC=447.9 WCtFT=21347.4 WCtMS=98649.0
Step=   9060 t= 4.781e-06 dt= 5.712e-10 cfl=0.12 WC=449.1 WCtFT=21281.6 WCtMS=98689.8
Step=   9080 t= 4.792e-06 dt= 5.715e-10 cfl=0.12 WC=450.2 WCtFT=21273.7 WCtMS=98717.2
Step=   9100 t= 4.804e-06 dt= 5.705e-10 cfl=0.12 WC=451.4 WCtFT=21320.5 WCtMS=98761.8
Step=   9120 t= 4.815e-06 dt= 5.695e-10 cfl=0.12 WC=452.6 WCtFT=21363.7 WCtMS=98793.3
Step=   9140 t= 4.827e-06 dt= 5.724e-10 cfl=0.12 WC=453.7 WCtFT=21262.6 WCtMS=98826.6
Step=   9160 t= 4.838e-06 dt= 5.709e-10 cfl=0.12 WC=455.0 WCtFT=21330.8 WCtMS=98886.9
Step=   9180 t= 4.850e-06 dt= 5.698e-10 cfl=0.12 WC=456.2 WCtFT=21381.5 WCtMS=98941.8
Step=   9200 t= 4.861e-06 dt= 5.707e-10 cfl=0.12 WC=457.5 WCtFT=21359.1 WCtMS=98991.9
Step=   9220 t= 4.872e-06 dt= 5.731e-10 cfl=0.12 WC=458.6 WCtFT=21274.0 WCtMS=99025.3
Step=   9240 t= 4.884e-06 dt= 5.711e-10 cfl=0.12 WC=459.8 WCtFT=21361.1 WCtMS=99072.4
Step=   9260 t= 4.895e-06 dt= 5.698e-10 cfl=0.12 WC=461.0 WCtFT=21416.8 WCtMS=99112.8
Step=   9280 t= 4.907e-06 dt= 5.726e-10 cfl=0.12 WC=462.3 WCtFT=21323.2 WCtMS=99163.2
Step=   9300 t= 4.918e-06 dt= 5.714e-10 cfl=0.12 WC=463.5 WCtFT=21374.6 WCtMS=99204.9
Step=   9320 t= 4.929e-06 dt= 5.703e-10 cfl=0.12 WC=464.7 WCtFT=21428.6 WCtMS=99266.2
Step=   9340 t= 4.941e-06 dt= 5.711e-10 cfl=0.12 WC=466.0 WCtFT=21405.7 WCtMS=99310.7
Step=   9360 t= 4.952e-06 dt= 5.735e-10 cfl=0.12 WC=467.2 WCtFT=21326.7 WCtMS=99358.7
Step=   9380 t= 4.964e-06 dt= 5.716e-10 cfl=0.12 WC=468.4 WCtFT=21405.9 WCtMS=99405.4
Step=   9400 t= 4.975e-06 dt= 5.704e-10 cfl=0.12 WC=469.6 WCtFT=21460.7 WCtMS=99448.0
Step=   9420 t= 4.987e-06 dt= 5.747e-10 cfl=0.12 WC=470.8 WCtFT=21308.7 WCtMS=99494.1
Step=   9440 t= 4.998e-06 dt= 5.712e-10 cfl=0.12 WC=472.1 WCtFT=21449.0 WCtMS=99541.7
Write flow solution.
Step=   9460 t= 5.010e-06 dt= 5.703e-10 cfl=0.12 WC=473.5 WCtFT=21499.0 WCtMS=99627.8
Step=   9480 t= 5.021e-06 dt= 5.730e-10 cfl=0.12 WC=474.7 WCtFT=21407.2 WCtMS=99671.3
Step=   9500 t= 5.032e-06 dt= 5.716e-10 cfl=0.12 WC=475.9 WCtFT=21468.7 WCtMS=99710.6
Step=   9520 t= 5.044e-06 dt= 5.713e-10 cfl=0.12 WC=477.1 WCtFT=21489.8 WCtMS=99757.8
Step=   9540 t= 5.055e-06 dt= 5.725e-10 cfl=0.12 WC=478.4 WCtFT=21454.6 WCtMS=99805.7
Step=   9560 t= 5.067e-06 dt= 5.721e-10 cfl=0.12 WC=479.6 WCtFT=21477.5 WCtMS=99856.8
Step=   9580 t= 5.078e-06 dt= 5.714e-10 cfl=0.12 WC=480.9 WCtFT=21515.0 WCtMS=99914.5
Step=   9600 t= 5.090e-06 dt= 5.730e-10 cfl=0.12 WC=482.1 WCtFT=21464.0 WCtMS=99960.8
Step=   9620 t= 5.101e-06 dt= 5.721e-10 cfl=0.12 WC=483.4 WCtFT=21512.1 WCtMS=100024.0
Step=   9640 t= 5.113e-06 dt= 5.715e-10 cfl=0.12 WC=484.7 WCtFT=21545.4 WCtMS=100074.4
Step=   9660 t= 5.124e-06 dt= 5.741e-10 cfl=0.12 WC=485.9 WCtFT=21453.0 WCtMS=100110.6
Step=   9680 t= 5.135e-06 dt= 5.721e-10 cfl=0.12 WC=487.1 WCtFT=21535.3 WCtMS=100147.8
Step=   9700 t= 5.147e-06 dt= 5.720e-10 cfl=0.12 WC=488.3 WCtFT=21550.8 WCtMS=100196.6
Step=   9720 t= 5.158e-06 dt= 5.742e-10 cfl=0.12 WC=489.5 WCtFT=21473.4 WCtMS=100228.6
Step=   9740 t= 5.170e-06 dt= 5.715e-10 cfl=0.12 WC=490.7 WCtFT=21583.1 WCtMS=100269.9
Step=   9760 t= 5.181e-06 dt= 5.725e-10 cfl=0.12 WC=491.9 WCtFT=21554.6 WCtMS=100309.1
Step=   9780 t= 5.193e-06 dt= 5.733e-10 cfl=0.12 WC=493.1 WCtFT=21529.9 WCtMS=100343.5
Step=   9800 t= 5.204e-06 dt= 5.717e-10 cfl=0.12 WC=494.2 WCtFT=21595.5 WCtMS=100370.9
Step=   9820 t= 5.216e-06 dt= 5.737e-10 cfl=0.12 WC=495.4 WCtFT=21522.8 WCtMS=100396.9
Step=   9840 t= 5.227e-06 dt= 5.726e-10 cfl=0.12 WC=496.5 WCtFT=21569.7 WCtMS=100422.8
Step=   9860 t= 5.239e-06 dt= 5.735e-10 cfl=0.12 WC=497.7 WCtFT=21543.0 WCtMS=100453.8
Step=   9880 t= 5.250e-06 dt= 5.732e-10 cfl=0.12 WC=498.8 WCtFT=21557.1 WCtMS=100479.3
Write flow solution.
Step=   9900 t= 5.261e-06 dt= 5.718e-10 cfl=0.12 WC=500.2 WCtFT=21626.3 WCtMS=100553.1
Step=   9920 t= 5.273e-06 dt= 5.737e-10 cfl=0.12 WC=501.4 WCtFT=21559.4 WCtMS=100581.3
Step=   9940 t= 5.284e-06 dt= 5.723e-10 cfl=0.12 WC=502.6 WCtFT=21618.9 WCtMS=100616.8
Step=   9960 t= 5.296e-06 dt= 5.720e-10 cfl=0.12 WC=503.7 WCtFT=21634.2 WCtMS=100645.7
Step=   9980 t= 5.307e-06 dt= 5.731e-10 cfl=0.12 WC=504.9 WCtFT=21598.7 WCtMS=100673.7
Step=  10000 t= 5.319e-06 dt= 5.725e-10 cfl=0.12 WC=506.0 WCtFT=21625.4 WCtMS=100697.0
***
*** Writing a snapshot: step= 10000, t= 5.319e-06
***
Step=  10020 t= 5.330e-06 dt= 5.777e-10 cfl=0.12 WC=507.4 WCtFT=21446.0 WCtMS=100768.9
Step=  10040 t= 5.342e-06 dt= 5.730e-10 cfl=0.12 WC=508.6 WCtFT=21630.1 WCtMS=100808.3
Step=  10060 t= 5.353e-06 dt= 5.734e-10 cfl=0.12 WC=509.8 WCtFT=21622.8 WCtMS=100845.8
Step=  10080 t= 5.365e-06 dt= 5.741e-10 cfl=0.12 WC=511.0 WCtFT=21601.2 WCtMS=100874.3
Step=  10100 t= 5.376e-06 dt= 5.737e-10 cfl=0.12 WC=512.2 WCtFT=21621.8 WCtMS=100910.4
Step=  10120 t= 5.388e-06 dt= 5.742e-10 cfl=0.12 WC=513.3 WCtFT=21608.8 WCtMS=100935.7
Step=  10140 t= 5.399e-06 dt= 5.728e-10 cfl=0.12 WC=514.5 WCtFT=21667.0 WCtMS=100971.7
Step=  10160 t= 5.411e-06 dt= 5.756e-10 cfl=0.12 WC=515.7 WCtFT=21569.2 WCtMS=101006.9
Step=  10180 t= 5.422e-06 dt= 5.725e-10 cfl=0.12 WC=516.9 WCtFT=21690.9 WCtMS=101037.9
Step=  10200 t= 5.434e-06 dt= 5.783e-10 cfl=0.12 WC=518.1 WCtFT=21478.5 WCtMS=101063.1
Step=  10220 t= 5.445e-06 dt= 5.761e-10 cfl=0.12 WC=519.2 WCtFT=21565.9 WCtMS=101092.5
Step=  10240 t= 5.457e-06 dt= 5.738e-10 cfl=0.12 WC=520.4 WCtFT=21658.6 WCtMS=101116.3
Step=  10260 t= 5.468e-06 dt= 5.743e-10 cfl=0.12 WC=521.5 WCtFT=21645.0 WCtMS=101144.5
Step=  10280 t= 5.480e-06 dt= 5.770e-10 cfl=0.12 WC=522.7 WCtFT=21545.7 WCtMS=101169.5
Step=  10300 t= 5.491e-06 dt= 5.735e-10 cfl=0.12 WC=523.9 WCtFT=21683.9 WCtMS=101204.1
Write flow solution.
Step=  10320 t= 5.503e-06 dt= 5.731e-10 cfl=0.12 WC=525.3 WCtFT=21714.9 WCtMS=101277.4
Step=  10340 t= 5.514e-06 dt= 5.764e-10 cfl=0.12 WC=526.5 WCtFT=21596.4 WCtMS=101303.7
Step=  10360 t= 5.526e-06 dt= 5.756e-10 cfl=0.12 WC=527.6 WCtFT=21631.5 WCtMS=101333.2
Step=  10380 t= 5.537e-06 dt= 5.737e-10 cfl=0.12 WC=528.8 WCtFT=21707.4 WCtMS=101361.9
Step=  10400 t= 5.549e-06 dt= 5.764e-10 cfl=0.12 WC=530.0 WCtFT=21612.1 WCtMS=101384.7
Step=  10420 t= 5.560e-06 dt= 5.797e-10 cfl=0.12 WC=531.1 WCtFT=21491.3 WCtMS=101407.9
Step=  10440 t= 5.572e-06 dt= 5.759e-10 cfl=0.12 WC=532.2 WCtFT=21637.9 WCtMS=101430.4
Step=  10460 t= 5.583e-06 dt= 5.744e-10 cfl=0.12 WC=533.4 WCtFT=21701.1 WCtMS=101458.9
Step=  10480 t= 5.595e-06 dt= 5.789e-10 cfl=0.12 WC=534.6 WCtFT=21536.4 WCtMS=101488.3
Step=  10500 t= 5.606e-06 dt= 5.780e-10 cfl=0.12 WC=535.8 WCtFT=21575.5 WCtMS=101515.5
Step=  10520 t= 5.618e-06 dt= 5.750e-10 cfl=0.12 WC=536.9 WCtFT=21692.1 WCtMS=101540.3
Step=  10540 t= 5.629e-06 dt= 5.741e-10 cfl=0.12 WC=538.1 WCtFT=21731.5 WCtMS=101572.1
Step=  10560 t= 5.641e-06 dt= 5.764e-10 cfl=0.12 WC=539.3 WCtFT=21650.6 WCtMS=101594.6
Step=  10580 t= 5.652e-06 dt= 5.770e-10 cfl=0.12 WC=540.4 WCtFT=21633.0 WCtMS=101619.9
Step=  10600 t= 5.664e-06 dt= 5.757e-10 cfl=0.12 WC=541.6 WCtFT=21684.0 WCtMS=101646.1
Step=  10620 t= 5.675e-06 dt= 5.751e-10 cfl=0.12 WC=542.7 WCtFT=21710.6 WCtMS=101668.4
Step=  10640 t= 5.687e-06 dt= 5.763e-10 cfl=0.12 WC=543.9 WCtFT=21670.7 WCtMS=101699.7
Step=  10660 t= 5.698e-06 dt= 5.780e-10 cfl=0.12 WC=545.1 WCtFT=21613.4 WCtMS=101722.5
Step=  10680 t= 5.710e-06 dt= 5.802e-10 cfl=0.12 WC=546.2 WCtFT=21536.4 WCtMS=101745.7
Step=  10700 t= 5.722e-06 dt= 5.768e-10 cfl=0.12 WC=547.4 WCtFT=21669.3 WCtMS=101778.7
Step=  10720 t= 5.733e-06 dt= 5.756e-10 cfl=0.12 WC=548.6 WCtFT=21719.0 WCtMS=101808.3
Step=  10740 t= 5.745e-06 dt= 5.776e-10 cfl=0.12 WC=549.8 WCtFT=21650.2 WCtMS=101835.7
Write flow solution.
Step=  10760 t= 5.756e-06 dt= 5.799e-10 cfl=0.12 WC=551.4 WCtFT=21583.5 WCtMS=101943.9
Step=  10780 t= 5.768e-06 dt= 5.816e-10 cfl=0.12 WC=552.7 WCtFT=21531.7 WCtMS=101990.9
Step=  10800 t= 5.780e-06 dt= 5.777e-10 cfl=0.12 WC=554.0 WCtFT=21685.8 WCtMS=102046.5
Step=  10820 t= 5.791e-06 dt= 5.762e-10 cfl=0.12 WC=555.5 WCtFT=21759.0 WCtMS=102127.3
Step=  10840 t= 5.803e-06 dt= 5.756e-10 cfl=0.12 WC=557.1 WCtFT=21801.2 WCtMS=102222.8
Step=  10860 t= 5.814e-06 dt= 5.767e-10 cfl=0.12 WC=558.4 WCtFT=21771.1 WCtMS=102285.2
Step=  10880 t= 5.826e-06 dt= 5.783e-10 cfl=0.12 WC=559.6 WCtFT=21719.6 WCtMS=102316.5
Step=  10900 t= 5.837e-06 dt= 5.784e-10 cfl=0.12 WC=560.8 WCtFT=21719.8 WCtMS=102341.2
Step=  10920 t= 5.849e-06 dt= 5.796e-10 cfl=0.12 WC=562.1 WCtFT=21682.3 WCtMS=102378.6
Step=  10940 t= 5.860e-06 dt= 5.771e-10 cfl=0.12 WC=563.3 WCtFT=21782.4 WCtMS=102411.5
Step=  10960 t= 5.872e-06 dt= 5.766e-10 cfl=0.12 WC=564.5 WCtFT=21807.2 WCtMS=102439.0
Step=  10980 t= 5.883e-06 dt= 5.781e-10 cfl=0.12 WC=565.6 WCtFT=21752.5 WCtMS=102465.1
Step=  11000 t= 5.895e-06 dt= 5.780e-10 cfl=0.12 WC=566.8 WCtFT=21762.5 WCtMS=102489.7
***
*** Writing a snapshot: step= 11000, t= 5.895e-06
***
Step=  11020 t= 5.907e-06 dt= 5.795e-10 cfl=0.12 WC=568.2 WCtFT=21717.0 WCtMS=102556.1
Step=  11040 t= 5.918e-06 dt= 5.811e-10 cfl=0.12 WC=569.4 WCtFT=21665.0 WCtMS=102582.2
Step=  11060 t= 5.930e-06 dt= 5.826e-10 cfl=0.12 WC=570.6 WCtFT=21612.4 WCtMS=102606.1
Step=  11080 t= 5.941e-06 dt= 5.825e-10 cfl=0.12 WC=571.8 WCtFT=21623.1 WCtMS=102640.8
Step=  11100 t= 5.953e-06 dt= 5.798e-10 cfl=0.12 WC=573.0 WCtFT=21730.3 WCtMS=102678.7
Step=  11120 t= 5.965e-06 dt= 5.782e-10 cfl=0.12 WC=574.2 WCtFT=21793.8 WCtMS=102704.9
Step=  11140 t= 5.976e-06 dt= 5.778e-10 cfl=0.12 WC=575.4 WCtFT=21815.3 WCtMS=102731.6
Step=  11160 t= 5.988e-06 dt= 5.774e-10 cfl=0.12 WC=576.6 WCtFT=21835.1 WCtMS=102758.3
Step=  11180 t= 5.999e-06 dt= 5.776e-10 cfl=0.12 WC=577.8 WCtFT=21830.4 WCtMS=102780.7
Write flow solution.
Step=  11200 t= 6.011e-06 dt= 5.785e-10 cfl=0.12 WC=579.2 WCtFT=21811.1 WCtMS=102842.3
Step=  11220 t= 6.022e-06 dt= 5.798e-10 cfl=0.12 WC=580.3 WCtFT=21766.4 WCtMS=102867.8
Step=  11240 t= 6.034e-06 dt= 5.799e-10 cfl=0.12 WC=581.6 WCtFT=21767.8 WCtMS=102900.5
Step=  11260 t= 6.046e-06 dt= 5.807e-10 cfl=0.12 WC=582.8 WCtFT=21744.4 WCtMS=102927.5
Step=  11280 t= 6.057e-06 dt= 5.825e-10 cfl=0.12 WC=584.0 WCtFT=21682.4 WCtMS=102965.1
Step=  11300 t= 6.069e-06 dt= 5.830e-10 cfl=0.12 WC=585.3 WCtFT=21672.0 WCtMS=103014.0
Step=  11320 t= 6.081e-06 dt= 5.811e-10 cfl=0.12 WC=586.6 WCtFT=21753.1 WCtMS=103056.5
Step=  11340 t= 6.092e-06 dt= 5.797e-10 cfl=0.12 WC=587.9 WCtFT=21813.2 WCtMS=103093.6
Step=  11360 t= 6.104e-06 dt= 5.788e-10 cfl=0.12 WC=589.1 WCtFT=21853.9 WCtMS=103129.0
Step=  11380 t= 6.115e-06 dt= 5.783e-10 cfl=0.12 WC=590.4 WCtFT=21879.7 WCtMS=103174.8
Step=  11400 t= 6.127e-06 dt= 5.783e-10 cfl=0.12 WC=591.7 WCtFT=21888.6 WCtMS=103209.7
Step=  11420 t= 6.139e-06 dt= 5.785e-10 cfl=0.12 WC=592.9 WCtFT=21882.9 WCtMS=103238.5
Step=  11440 t= 6.150e-06 dt= 5.791e-10 cfl=0.12 WC=594.1 WCtFT=21867.1 WCtMS=103269.4
Step=  11460 t= 6.162e-06 dt= 5.799e-10 cfl=0.12 WC=595.3 WCtFT=21843.0 WCtMS=103304.3
Step=  11480 t= 6.173e-06 dt= 5.804e-10 cfl=0.12 WC=596.6 WCtFT=21834.3 WCtMS=103342.6
Step=  11500 t= 6.185e-06 dt= 5.795e-10 cfl=0.12 WC=597.9 WCtFT=21873.6 WCtMS=103389.4
Step=  11520 t= 6.196e-06 dt= 5.789e-10 cfl=0.12 WC=599.2 WCtFT=21904.1 WCtMS=103429.6
Step=  11540 t= 6.208e-06 dt= 5.785e-10 cfl=0.12 WC=600.5 WCtFT=21927.1 WCtMS=103465.1
Step=  11560 t= 6.220e-06 dt= 5.782e-10 cfl=0.12 WC=601.8 WCtFT=21945.7 WCtMS=103508.3
Step=  11580 t= 6.231e-06 dt= 5.781e-10 cfl=0.12 WC=603.0 WCtFT=21958.3 WCtMS=103548.8
Step=  11600 t= 6.243e-06 dt= 5.781e-10 cfl=0.12 WC=604.3 WCtFT=21966.0 WCtMS=103588.6
Write flow solution.
Step=  11620 t= 6.254e-06 dt= 5.782e-10 cfl=0.12 WC=605.9 WCtFT=21979.5 WCtMS=103675.9
Step=  11640 t= 6.266e-06 dt= 5.784e-10 cfl=0.12 WC=607.2 WCtFT=21981.6 WCtMS=103725.4
Step=  11660 t= 6.277e-06 dt= 5.787e-10 cfl=0.12 WC=608.5 WCtFT=21979.4 WCtMS=103770.0
Step=  11680 t= 6.289e-06 dt= 5.791e-10 cfl=0.12 WC=609.8 WCtFT=21972.3 WCtMS=103805.8
Step=  11700 t= 6.301e-06 dt= 5.795e-10 cfl=0.12 WC=611.1 WCtFT=21962.3 WCtMS=103842.3
Step=  11720 t= 6.312e-06 dt= 5.795e-10 cfl=0.12 WC=612.3 WCtFT=21972.5 WCtMS=103883.7
Step=  11740 t= 6.324e-06 dt= 5.794e-10 cfl=0.12 WC=613.6 WCtFT=21983.0 WCtMS=103924.7
Step=  11760 t= 6.335e-06 dt= 5.796e-10 cfl=0.12 WC=614.9 WCtFT=21984.6 WCtMS=103965.2
Step=  11780 t= 6.347e-06 dt= 5.799e-10 cfl=0.12 WC=616.2 WCtFT=21978.9 WCtMS=104008.5
Step=  11800 t= 6.359e-06 dt= 5.805e-10 cfl=0.12 WC=617.5 WCtFT=21964.3 WCtMS=104044.7
Step=  11820 t= 6.370e-06 dt= 5.813e-10 cfl=0.12 WC=618.7 WCtFT=21939.8 WCtMS=104070.5
Step=  11840 t= 6.382e-06 dt= 5.809e-10 cfl=0.12 WC=619.9 WCtFT=21958.5 WCtMS=104094.4
Step=  11860 t= 6.393e-06 dt= 5.801e-10 cfl=0.12 WC=621.1 WCtFT=21994.6 WCtMS=104123.4
Step=  11880 t= 6.405e-06 dt= 5.794e-10 cfl=0.12 WC=622.3 WCtFT=22023.1 WCtMS=104147.9
Step=  11900 t= 6.417e-06 dt= 5.789e-10 cfl=0.12 WC=623.5 WCtFT=22045.5 WCtMS=104170.6
Step=  11920 t= 6.428e-06 dt= 5.786e-10 cfl=0.12 WC=624.7 WCtFT=22062.4 WCtMS=104194.7
Step=  11940 t= 6.440e-06 dt= 5.784e-10 cfl=0.12 WC=625.9 WCtFT=22072.2 WCtMS=104212.8
Step=  11960 t= 6.451e-06 dt= 5.784e-10 cfl=0.12 WC=627.1 WCtFT=22078.8 WCtMS=104243.9
Step=  11980 t= 6.463e-06 dt= 5.785e-10 cfl=0.12 WC=628.3 WCtFT=22077.4 WCtMS=104266.0
Step=  12000 t= 6.474e-06 dt= 5.788e-10 cfl=0.12 WC=629.5 WCtFT=22071.0 WCtMS=104292.6
***
*** Writing a snapshot: step= 12000, t= 6.474e-06
***
Step=  12020 t= 6.486e-06 dt= 5.793e-10 cfl=0.12 WC=631.0 WCtFT=22066.0 WCtMS=104355.6
Step=  12040 t= 6.498e-06 dt= 5.800e-10 cfl=0.12 WC=632.2 WCtFT=22044.9 WCtMS=104380.1
Write flow solution.
Step=  12060 t= 6.509e-06 dt= 5.808e-10 cfl=0.12 WC=633.6 WCtFT=22023.8 WCtMS=104440.7
Step=  12080 t= 6.521e-06 dt= 5.812e-10 cfl=0.12 WC=634.8 WCtFT=22016.6 WCtMS=104471.3
Step=  12100 t= 6.532e-06 dt= 5.809e-10 cfl=0.12 WC=636.0 WCtFT=22030.7 WCtMS=104492.4
Step=  12120 t= 6.544e-06 dt= 5.809e-10 cfl=0.12 WC=637.2 WCtFT=22034.9 WCtMS=104516.9
Step=  12140 t= 6.556e-06 dt= 5.812e-10 cfl=0.12 WC=638.4 WCtFT=22027.4 WCtMS=104534.9
Step=  12160 t= 6.567e-06 dt= 5.805e-10 cfl=0.12 WC=639.6 WCtFT=22056.1 WCtMS=104558.9
Step=  12180 t= 6.579e-06 dt= 5.797e-10 cfl=0.12 WC=640.8 WCtFT=22093.5 WCtMS=104588.5
Step=  12200 t= 6.591e-06 dt= 5.791e-10 cfl=0.12 WC=642.0 WCtFT=22119.3 WCtMS=104610.1
Step=  12220 t= 6.602e-06 dt= 5.788e-10 cfl=0.12 WC=643.2 WCtFT=22135.6 WCtMS=104633.8
Step=  12240 t= 6.614e-06 dt= 5.788e-10 cfl=0.12 WC=644.5 WCtFT=22142.0 WCtMS=104660.4
Step=  12260 t= 6.625e-06 dt= 5.790e-10 cfl=0.12 WC=645.6 WCtFT=22136.2 WCtMS=104680.5
Step=  12280 t= 6.637e-06 dt= 5.795e-10 cfl=0.12 WC=646.9 WCtFT=22120.7 WCtMS=104706.2
Step=  12300 t= 6.648e-06 dt= 5.803e-10 cfl=0.12 WC=648.1 WCtFT=22093.9 WCtMS=104731.4
Step=  12320 t= 6.660e-06 dt= 5.815e-10 cfl=0.12 WC=649.3 WCtFT=22055.4 WCtMS=104751.7
Step=  12340 t= 6.672e-06 dt= 5.814e-10 cfl=0.12 WC=650.5 WCtFT=22060.1 WCtMS=104777.2
Step=  12360 t= 6.683e-06 dt= 5.801e-10 cfl=0.12 WC=651.8 WCtFT=22119.1 WCtMS=104810.7
Step=  12380 t= 6.695e-06 dt= 5.790e-10 cfl=0.12 WC=653.1 WCtFT=22166.9 WCtMS=104851.9
Step=  12400 t= 6.706e-06 dt= 5.783e-10 cfl=0.12 WC=654.4 WCtFT=22202.4 WCtMS=104895.9
Step=  12420 t= 6.718e-06 dt= 5.779e-10 cfl=0.12 WC=655.6 WCtFT=22219.3 WCtMS=104913.0
Step=  12440 t= 6.730e-06 dt= 5.779e-10 cfl=0.12 WC=656.8 WCtFT=22223.7 WCtMS=104933.1
Step=  12460 t= 6.741e-06 dt= 5.782e-10 cfl=0.12 WC=658.0 WCtFT=22215.7 WCtMS=104956.1
Write flow solution.
Step=  12480 t= 6.753e-06 dt= 5.789e-10 cfl=0.12 WC=659.4 WCtFT=22201.2 WCtMS=105008.6
Step=  12500 t= 6.764e-06 dt= 5.798e-10 cfl=0.12 WC=660.6 WCtFT=22167.4 WCtMS=105027.9
Step=  12520 t= 6.776e-06 dt= 5.799e-10 cfl=0.12 WC=661.7 WCtFT=22165.4 WCtMS=105041.8
Step=  12540 t= 6.788e-06 dt= 5.802e-10 cfl=0.12 WC=662.9 WCtFT=22158.5 WCtMS=105060.6
Step=  12560 t= 6.799e-06 dt= 5.808e-10 cfl=0.12 WC=664.1 WCtFT=22137.5 WCtMS=105076.6
Step=  12580 t= 6.811e-06 dt= 5.797e-10 cfl=0.12 WC=665.2 WCtFT=22182.8 WCtMS=105095.2
Step=  12600 t= 6.822e-06 dt= 5.788e-10 cfl=0.12 WC=666.4 WCtFT=22220.2 WCtMS=105108.4
Step=  12620 t= 6.834e-06 dt= 5.783e-10 cfl=0.12 WC=667.6 WCtFT=22242.8 WCtMS=105126.4
Step=  12640 t= 6.845e-06 dt= 5.782e-10 cfl=0.12 WC=668.7 WCtFT=22249.4 WCtMS=105142.8
Step=  12660 t= 6.857e-06 dt= 5.785e-10 cfl=0.12 WC=669.9 WCtFT=22240.4 WCtMS=105159.2
Step=  12680 t= 6.869e-06 dt= 5.792e-10 cfl=0.12 WC=671.1 WCtFT=22216.7 WCtMS=105177.2
Step=  12700 t= 6.880e-06 dt= 5.803e-10 cfl=0.12 WC=672.2 WCtFT=22177.6 WCtMS=105191.5
Step=  12720 t= 6.892e-06 dt= 5.804e-10 cfl=0.12 WC=673.5 WCtFT=22176.4 WCtMS=105215.1
Step=  12740 t= 6.903e-06 dt= 5.791e-10 cfl=0.12 WC=674.6 WCtFT=22230.1 WCtMS=105230.9
Step=  12760 t= 6.915e-06 dt= 5.782e-10 cfl=0.12 WC=675.8 WCtFT=22268.1 WCtMS=105249.4
Step=  12780 t= 6.927e-06 dt= 5.777e-10 cfl=0.12 WC=677.0 WCtFT=22291.3 WCtMS=105274.6
Step=  12800 t= 6.938e-06 dt= 5.776e-10 cfl=0.12 WC=678.2 WCtFT=22296.0 WCtMS=105286.0
Step=  12820 t= 6.950e-06 dt= 5.779e-10 cfl=0.12 WC=679.3 WCtFT=22286.6 WCtMS=105301.6
Step=  12840 t= 6.961e-06 dt= 5.786e-10 cfl=0.12 WC=680.5 WCtFT=22264.4 WCtMS=105319.9
Step=  12860 t= 6.973e-06 dt= 5.792e-10 cfl=0.12 WC=681.7 WCtFT=22243.5 WCtMS=105336.3
Step=  12880 t= 6.984e-06 dt= 5.792e-10 cfl=0.12 WC=682.9 WCtFT=22245.2 WCtMS=105359.0
Step=  12900 t= 6.996e-06 dt= 5.797e-10 cfl=0.12 WC=684.1 WCtFT=22227.9 WCtMS=105373.1
Write flow solution.
Step=  12920 t= 7.008e-06 dt= 5.807e-10 cfl=0.12 WC=685.5 WCtFT=22201.3 WCtMS=105422.6
Step=  12940 t= 7.019e-06 dt= 5.802e-10 cfl=0.12 WC=686.6 WCtFT=22221.3 WCtMS=105441.3
Step=  12960 t= 7.031e-06 dt= 5.790e-10 cfl=0.12 WC=687.8 WCtFT=22272.6 WCtMS=105458.6
Step=  12980 t= 7.042e-06 dt= 5.782e-10 cfl=0.12 WC=689.0 WCtFT=22303.7 WCtMS=105473.9
Step=  13000 t= 7.054e-06 dt= 5.780e-10 cfl=0.12 WC=690.2 WCtFT=22316.5 WCtMS=105488.8
***
*** Writing a snapshot: step= 13000, t= 7.054e-06
***
Step=  13020 t= 7.065e-06 dt= 5.781e-10 cfl=0.12 WC=691.6 WCtFT=22319.8 WCtMS=105538.4
Step=  13040 t= 7.077e-06 dt= 5.787e-10 cfl=0.12 WC=692.7 WCtFT=22300.7 WCtMS=105553.0
Step=  13060 t= 7.089e-06 dt= 5.796e-10 cfl=0.12 WC=693.9 WCtFT=22265.9 WCtMS=105568.1
Step=  13080 t= 7.100e-06 dt= 5.810e-10 cfl=0.12 WC=695.1 WCtFT=22215.5 WCtMS=105584.6
Step=  13100 t= 7.112e-06 dt= 5.815e-10 cfl=0.12 WC=696.2 WCtFT=22199.8 WCtMS=105596.8
Step=  13120 t= 7.123e-06 dt= 5.809e-10 cfl=0.12 WC=697.4 WCtFT=22224.3 WCtMS=105614.0
Step=  13140 t= 7.135e-06 dt= 5.808e-10 cfl=0.12 WC=698.5 WCtFT=22229.3 WCtMS=105625.0
Step=  13160 t= 7.147e-06 dt= 5.798e-10 cfl=0.12 WC=699.7 WCtFT=22271.8 WCtMS=105641.3
Step=  13180 t= 7.158e-06 dt= 5.789e-10 cfl=0.12 WC=700.9 WCtFT=22307.4 WCtMS=105660.2
Step=  13200 t= 7.170e-06 dt= 5.786e-10 cfl=0.12 WC=702.1 WCtFT=22322.7 WCtMS=105674.6
Step=  13220 t= 7.181e-06 dt= 5.787e-10 cfl=0.12 WC=703.3 WCtFT=22321.7 WCtMS=105696.8
Step=  13240 t= 7.193e-06 dt= 5.793e-10 cfl=0.12 WC=704.5 WCtFT=22301.1 WCtMS=105710.9
Step=  13260 t= 7.205e-06 dt= 5.803e-10 cfl=0.12 WC=705.6 WCtFT=22263.1 WCtMS=105724.1
Step=  13280 t= 7.216e-06 dt= 5.818e-10 cfl=0.12 WC=706.8 WCtFT=22208.7 WCtMS=105738.1
Step=  13300 t= 7.228e-06 dt= 5.802e-10 cfl=0.12 WC=708.0 WCtFT=22272.9 WCtMS=105755.5
Step=  13320 t= 7.239e-06 dt= 5.789e-10 cfl=0.12 WC=709.1 WCtFT=22324.3 WCtMS=105769.8
Write flow solution.
Step=  13340 t= 7.251e-06 dt= 5.781e-10 cfl=0.12 WC=710.6 WCtFT=22366.0 WCtMS=105824.6
Step=  13360 t= 7.263e-06 dt= 5.778e-10 cfl=0.12 WC=711.8 WCtFT=22382.9 WCtMS=105845.1
Step=  13380 t= 7.274e-06 dt= 5.779e-10 cfl=0.12 WC=713.0 WCtFT=22381.3 WCtMS=105859.2
Step=  13400 t= 7.286e-06 dt= 5.784e-10 cfl=0.12 WC=714.2 WCtFT=22364.3 WCtMS=105878.8
Step=  13420 t= 7.297e-06 dt= 5.793e-10 cfl=0.12 WC=715.3 WCtFT=22330.7 WCtMS=105893.0
Step=  13440 t= 7.309e-06 dt= 5.800e-10 cfl=0.12 WC=716.5 WCtFT=22308.2 WCtMS=105905.1
Step=  13460 t= 7.320e-06 dt= 5.801e-10 cfl=0.12 WC=717.7 WCtFT=22305.8 WCtMS=105919.5
Step=  13480 t= 7.332e-06 dt= 5.807e-10 cfl=0.12 WC=718.9 WCtFT=22286.2 WCtMS=105939.9
Step=  13500 t= 7.344e-06 dt= 5.796e-10 cfl=0.12 WC=720.1 WCtFT=22329.7 WCtMS=105960.9
Step=  13520 t= 7.355e-06 dt= 5.787e-10 cfl=0.12 WC=721.2 WCtFT=22367.3 WCtMS=105972.5
Step=  13540 t= 7.367e-06 dt= 5.783e-10 cfl=0.12 WC=722.4 WCtFT=22387.2 WCtMS=105988.6
Step=  13560 t= 7.378e-06 dt= 5.783e-10 cfl=0.12 WC=723.6 WCtFT=22389.2 WCtMS=106005.4
Step=  13580 t= 7.390e-06 dt= 5.788e-10 cfl=0.12 WC=724.8 WCtFT=22372.0 WCtMS=106015.0
Step=  13600 t= 7.402e-06 dt= 5.797e-10 cfl=0.12 WC=725.9 WCtFT=22338.4 WCtMS=106027.2
Step=  13620 t= 7.413e-06 dt= 5.810e-10 cfl=0.12 WC=727.1 WCtFT=22288.8 WCtMS=106039.1
Step=  13640 t= 7.425e-06 dt= 5.799e-10 cfl=0.12 WC=728.3 WCtFT=22333.4 WCtMS=106054.4
Step=  13660 t= 7.436e-06 dt= 5.787e-10 cfl=0.12 WC=729.4 WCtFT=22383.9 WCtMS=106066.8
Step=  13680 t= 7.448e-06 dt= 5.779e-10 cfl=0.12 WC=730.6 WCtFT=22417.0 WCtMS=106083.7
Step=  13700 t= 7.459e-06 dt= 5.775e-10 cfl=0.12 WC=731.8 WCtFT=22431.6 WCtMS=106097.1
Step=  13720 t= 7.471e-06 dt= 5.777e-10 cfl=0.12 WC=732.9 WCtFT=22428.9 WCtMS=106109.6
Step=  13740 t= 7.483e-06 dt= 5.782e-10 cfl=0.12 WC=734.1 WCtFT=22409.6 WCtMS=106119.0
Step=  13760 t= 7.494e-06 dt= 5.791e-10 cfl=0.12 WC=735.2 WCtFT=22376.2 WCtMS=106129.0
Write flow solution.
Step=  13780 t= 7.506e-06 dt= 5.794e-10 cfl=0.12 WC=736.6 WCtFT=22373.2 WCtMS=106174.8
Step=  13800 t= 7.517e-06 dt= 5.800e-10 cfl=0.12 WC=737.8 WCtFT=22352.6 WCtMS=106187.4
Step=  13820 t= 7.529e-06 dt= 5.810e-10 cfl=0.12 WC=739.0 WCtFT=22314.2 WCtMS=106202.1
Step=  13840 t= 7.541e-06 dt= 5.805e-10 cfl=0.12 WC=740.2 WCtFT=22335.7 WCtMS=106219.2
Step=  13860 t= 7.552e-06 dt= 5.792e-10 cfl=0.12 WC=741.4 WCtFT=22391.9 WCtMS=106237.1
Step=  13880 t= 7.564e-06 dt= 5.783e-10 cfl=0.12 WC=742.6 WCtFT=22426.9 WCtMS=106254.3
Step=  13900 t= 7.575e-06 dt= 5.780e-10 cfl=0.12 WC=743.8 WCtFT=22442.3 WCtMS=106271.4
Step=  13920 t= 7.587e-06 dt= 5.781e-10 cfl=0.12 WC=744.9 WCtFT=22439.4 WCtMS=106284.5
Step=  13940 t= 7.598e-06 dt= 5.787e-10 cfl=0.12 WC=746.1 WCtFT=22418.9 WCtMS=106300.5
Step=  13960 t= 7.610e-06 dt= 5.798e-10 cfl=0.12 WC=747.3 WCtFT=22379.9 WCtMS=106316.0
Step=  13980 t= 7.622e-06 dt= 5.813e-10 cfl=0.12 WC=748.5 WCtFT=22323.8 WCtMS=106332.1
Step=  14000 t= 7.633e-06 dt= 5.811e-10 cfl=0.12 WC=749.6 WCtFT=22332.7 WCtMS=106343.2
***
*** Writing a snapshot: step= 14000, t= 7.633e-06
***
Step=  14020 t= 7.645e-06 dt= 5.810e-10 cfl=0.12 WC=751.0 WCtFT=22344.9 WCtMS=106384.9
Step=  14040 t= 7.656e-06 dt= 5.804e-10 cfl=0.12 WC=752.3 WCtFT=22373.5 WCtMS=106410.8
Step=  14060 t= 7.668e-06 dt= 5.793e-10 cfl=0.12 WC=753.4 WCtFT=22416.4 WCtMS=106421.0
Step=  14080 t= 7.680e-06 dt= 5.788e-10 cfl=0.12 WC=754.6 WCtFT=22440.1 WCtMS=106438.7
Step=  14100 t= 7.691e-06 dt= 5.787e-10 cfl=0.12 WC=755.9 WCtFT=22445.2 WCtMS=106460.7
Step=  14120 t= 7.703e-06 dt= 5.792e-10 cfl=0.12 WC=757.1 WCtFT=22429.5 WCtMS=106477.5
Step=  14140 t= 7.714e-06 dt= 5.802e-10 cfl=0.12 WC=758.3 WCtFT=22394.4 WCtMS=106494.9
Step=  14160 t= 7.726e-06 dt= 5.817e-10 cfl=0.12 WC=759.5 WCtFT=22341.0 WCtMS=106516.2
Step=  14180 t= 7.738e-06 dt= 5.807e-10 cfl=0.12 WC=760.8 WCtFT=22382.7 WCtMS=106540.8
Step=  14200 t= 7.749e-06 dt= 5.792e-10 cfl=0.12 WC=762.0 WCtFT=22443.5 WCtMS=106557.0
Write flow solution.
Step=  14220 t= 7.761e-06 dt= 5.782e-10 cfl=0.12 WC=763.4 WCtFT=22491.7 WCtMS=106610.8
Step=  14240 t= 7.772e-06 dt= 5.778e-10 cfl=0.12 WC=764.6 WCtFT=22511.6 WCtMS=106625.3
Step=  14260 t= 7.784e-06 dt= 5.778e-10 cfl=0.12 WC=765.8 WCtFT=22511.1 WCtMS=106636.9
Step=  14280 t= 7.795e-06 dt= 5.784e-10 cfl=0.12 WC=766.9 WCtFT=22490.9 WCtMS=106648.9
Step=  14300 t= 7.807e-06 dt= 5.794e-10 cfl=0.12 WC=768.2 WCtFT=22453.1 WCtMS=106666.5
Step=  14320 t= 7.819e-06 dt= 5.802e-10 cfl=0.12 WC=769.4 WCtFT=22428.6 WCtMS=106691.1
Step=  14340 t= 7.830e-06 dt= 5.808e-10 cfl=0.12 WC=770.5 WCtFT=22406.4 WCtMS=106697.2
Step=  14360 t= 7.842e-06 dt= 5.800e-10 cfl=0.12 WC=771.8 WCtFT=22439.2 WCtMS=106718.5
Step=  14380 t= 7.853e-06 dt= 5.789e-10 cfl=0.12 WC=773.0 WCtFT=22486.9 WCtMS=106736.7
Step=  14400 t= 7.865e-06 dt= 5.783e-10 cfl=0.12 WC=774.2 WCtFT=22511.2 WCtMS=106752.8
Step=  14420 t= 7.877e-06 dt= 5.783e-10 cfl=0.12 WC=775.4 WCtFT=22513.7 WCtMS=106769.0
Step=  14440 t= 7.888e-06 dt= 5.788e-10 cfl=0.12 WC=776.6 WCtFT=22496.7 WCtMS=106792.2
Step=  14460 t= 7.900e-06 dt= 5.799e-10 cfl=0.12 WC=777.8 WCtFT=22458.3 WCtMS=106808.0
Step=  14480 t= 7.911e-06 dt= 5.812e-10 cfl=0.12 WC=779.0 WCtFT=22409.3 WCtMS=106819.6
Step=  14500 t= 7.923e-06 dt= 5.794e-10 cfl=0.12 WC=780.2 WCtFT=22478.4 WCtMS=106827.3
Step=  14520 t= 7.935e-06 dt= 5.782e-10 cfl=0.12 WC=781.3 WCtFT=22526.7 WCtMS=106841.8
Step=  14540 t= 7.946e-06 dt= 5.776e-10 cfl=0.12 WC=782.6 WCtFT=22554.5 WCtMS=106860.4
Step=  14560 t= 7.958e-06 dt= 5.775e-10 cfl=0.12 WC=783.7 WCtFT=22560.4 WCtMS=106869.9
Step=  14580 t= 7.969e-06 dt= 5.778e-10 cfl=0.12 WC=784.9 WCtFT=22548.3 WCtMS=106882.7
Step=  14600 t= 7.981e-06 dt= 5.787e-10 cfl=0.12 WC=786.1 WCtFT=22520.4 WCtMS=106904.1
Step=  14620 t= 7.992e-06 dt= 5.794e-10 cfl=0.12 WC=787.5 WCtFT=22496.3 WCtMS=106935.1
Write flow solution.
Step=  14640 t= 8.004e-06 dt= 5.802e-10 cfl=0.12 WC=788.9 WCtFT=22477.3 WCtMS=106987.8
Step=  14660 t= 8.016e-06 dt= 5.815e-10 cfl=0.12 WC=790.1 WCtFT=22427.2 WCtMS=107002.5
Step=  14680 t= 8.027e-06 dt= 5.802e-10 cfl=0.12 WC=791.3 WCtFT=22481.0 WCtMS=107019.7
Step=  14700 t= 8.039e-06 dt= 5.788e-10 cfl=0.12 WC=792.5 WCtFT=22537.8 WCtMS=107033.5
Step=  14720 t= 8.050e-06 dt= 5.781e-10 cfl=0.12 WC=793.7 WCtFT=22568.4 WCtMS=107046.1
Step=  14740 t= 8.062e-06 dt= 5.779e-10 cfl=0.12 WC=794.9 WCtFT=22577.2 WCtMS=107064.8
Step=  14760 t= 8.073e-06 dt= 5.784e-10 cfl=0.12 WC=796.1 WCtFT=22561.2 WCtMS=107076.5
Step=  14780 t= 8.085e-06 dt= 5.794e-10 cfl=0.12 WC=797.2 WCtFT=22520.8 WCtMS=107082.3
Step=  14800 t= 8.097e-06 dt= 5.810e-10 cfl=0.12 WC=798.4 WCtFT=22460.4 WCtMS=107091.9
Step=  14820 t= 8.108e-06 dt= 5.813e-10 cfl=0.12 WC=799.5 WCtFT=22448.8 WCtMS=107101.7
Step=  14840 t= 8.120e-06 dt= 5.811e-10 cfl=0.12 WC=800.7 WCtFT=22457.6 WCtMS=107110.9
Step=  14860 t= 8.132e-06 dt= 5.804e-10 cfl=0.12 WC=801.9 WCtFT=22488.6 WCtMS=107120.5
Step=  14880 t= 8.143e-06 dt= 5.793e-10 cfl=0.12 WC=803.0 WCtFT=22532.8 WCtMS=107130.8
Step=  14900 t= 8.155e-06 dt= 5.788e-10 cfl=0.12 WC=804.3 WCtFT=22554.8 WCtMS=107149.6
Step=  14920 t= 8.166e-06 dt= 5.789e-10 cfl=0.12 WC=805.4 WCtFT=22551.9 WCtMS=107160.0
Step=  14940 t= 8.178e-06 dt= 5.796e-10 cfl=0.12 WC=806.6 WCtFT=22526.3 WCtMS=107171.2
Step=  14960 t= 8.189e-06 dt= 5.809e-10 cfl=0.12 WC=807.8 WCtFT=22479.8 WCtMS=107189.5
Step=  14980 t= 8.201e-06 dt= 5.817e-10 cfl=0.12 WC=809.0 WCtFT=22450.2 WCtMS=107207.2
Step=  15000 t= 8.213e-06 dt= 5.799e-10 cfl=0.12 WC=810.2 WCtFT=22523.6 WCtMS=107222.3
***
*** Writing a snapshot: step= 15000, t= 8.213e-06
***
Step=  15020 t= 8.224e-06 dt= 5.786e-10 cfl=0.12 WC=811.6 WCtFT=22580.2 WCtMS=107263.2
Step=  15040 t= 8.236e-06 dt= 5.779e-10 cfl=0.12 WC=812.8 WCtFT=22609.4 WCtMS=107276.8
Step=  15060 t= 8.247e-06 dt= 5.778e-10 cfl=0.12 WC=814.0 WCtFT=22616.7 WCtMS=107287.7
Write flow solution.
Step=  15080 t= 8.259e-06 dt= 5.781e-10 cfl=0.12 WC=815.4 WCtFT=22609.4 WCtMS=107329.7
Step=  15100 t= 8.271e-06 dt= 5.791e-10 cfl=0.12 WC=816.6 WCtFT=22574.7 WCtMS=107338.1
Step=  15120 t= 8.282e-06 dt= 5.803e-10 cfl=0.12 WC=817.7 WCtFT=22528.1 WCtMS=107349.7
Step=  15140 t= 8.294e-06 dt= 5.809e-10 cfl=0.12 WC=818.9 WCtFT=22506.2 WCtMS=107361.9
Step=  15160 t= 8.305e-06 dt= 5.801e-10 cfl=0.12 WC=820.1 WCtFT=22537.9 WCtMS=107370.8
Step=  15180 t= 8.317e-06 dt= 5.788e-10 cfl=0.12 WC=821.3 WCtFT=22589.0 WCtMS=107380.9
Step=  15200 t= 8.329e-06 dt= 5.783e-10 cfl=0.12 WC=822.5 WCtFT=22612.2 WCtMS=107395.3
Step=  15220 t= 8.340e-06 dt= 5.784e-10 cfl=0.12 WC=823.6 WCtFT=22611.1 WCtMS=107405.4
Step=  15240 t= 8.352e-06 dt= 5.790e-10 cfl=0.12 WC=824.8 WCtFT=22588.1 WCtMS=107418.6
Step=  15260 t= 8.363e-06 dt= 5.802e-10 cfl=0.12 WC=826.0 WCtFT=22543.0 WCtMS=107428.8
Step=  15280 t= 8.375e-06 dt= 5.811e-10 cfl=0.12 WC=827.1 WCtFT=22510.4 WCtMS=107438.3
Step=  15300 t= 8.386e-06 dt= 5.792e-10 cfl=0.12 WC=828.3 WCtFT=22583.3 WCtMS=107448.9
Step=  15320 t= 8.398e-06 dt= 5.780e-10 cfl=0.12 WC=829.5 WCtFT=22630.1 WCtMS=107456.2
Step=  15340 t= 8.410e-06 dt= 5.775e-10 cfl=0.12 WC=830.7 WCtFT=22653.9 WCtMS=107469.6
Step=  15360 t= 8.421e-06 dt= 5.775e-10 cfl=0.12 WC=831.9 WCtFT=22655.2 WCtMS=107482.6
Step=  15380 t= 8.433e-06 dt= 5.780e-10 cfl=0.12 WC=833.0 WCtFT=22635.8 WCtMS=107494.0
Step=  15400 t= 8.444e-06 dt= 5.790e-10 cfl=0.12 WC=834.2 WCtFT=22597.6 WCtMS=107503.1
Step=  15420 t= 8.456e-06 dt= 5.797e-10 cfl=0.12 WC=835.4 WCtFT=22571.8 WCtMS=107514.9
Step=  15440 t= 8.467e-06 dt= 5.805e-10 cfl=0.12 WC=836.5 WCtFT=22542.2 WCtMS=107523.3
Step=  15460 t= 8.479e-06 dt= 5.819e-10 cfl=0.12 WC=837.7 WCtFT=22490.1 WCtMS=107532.0
Step=  15480 t= 8.491e-06 dt= 5.801e-10 cfl=0.12 WC=838.9 WCtFT=22562.5 WCtMS=107542.1
Write flow solution.
Step=  15500 t= 8.502e-06 dt= 5.788e-10 cfl=0.12 WC=840.3 WCtFT=22617.8 WCtMS=107582.7
Step=  15520 t= 8.514e-06 dt= 5.782e-10 cfl=0.12 WC=841.5 WCtFT=22644.3 WCtMS=107595.8
Step=  15540 t= 8.525e-06 dt= 5.781e-10 cfl=0.12 WC=842.6 WCtFT=22649.2 WCtMS=107604.6
Step=  15560 t= 8.537e-06 dt= 5.786e-10 cfl=0.12 WC=843.8 WCtFT=22632.8 WCtMS=107615.7
Step=  15580 t= 8.549e-06 dt= 5.795e-10 cfl=0.12 WC=845.0 WCtFT=22596.0 WCtMS=107626.5
Step=  15600 t= 8.560e-06 dt= 5.810e-10 cfl=0.12 WC=846.2 WCtFT=22539.9 WCtMS=107637.2
Step=  15620 t= 8.572e-06 dt= 5.815e-10 cfl=0.12 WC=847.3 WCtFT=22524.1 WCtMS=107646.5
Step=  15640 t= 8.583e-06 dt= 5.815e-10 cfl=0.12 WC=848.5 WCtFT=22523.9 WCtMS=107659.8
Step=  15660 t= 8.595e-06 dt= 5.804e-10 cfl=0.12 WC=849.7 WCtFT=22568.1 WCtMS=107668.1
Step=  15680 t= 8.607e-06 dt= 5.794e-10 cfl=0.12 WC=850.9 WCtFT=22608.7 WCtMS=107675.9
Step=  15700 t= 8.618e-06 dt= 5.790e-10 cfl=0.12 WC=852.0 WCtFT=22626.1 WCtMS=107685.4
Step=  15720 t= 8.630e-06 dt= 5.791e-10 cfl=0.12 WC=853.1 WCtFT=22619.6 WCtMS=107689.5
Step=  15740 t= 8.641e-06 dt= 5.798e-10 cfl=0.12 WC=854.3 WCtFT=22592.5 WCtMS=107697.5
Step=  15760 t= 8.653e-06 dt= 5.811e-10 cfl=0.12 WC=855.5 WCtFT=22544.6 WCtMS=107704.4
Step=  15780 t= 8.665e-06 dt= 5.823e-10 cfl=0.12 WC=856.7 WCtFT=22499.3 WCtMS=107718.0
Step=  15800 t= 8.676e-06 dt= 5.803e-10 cfl=0.12 WC=857.8 WCtFT=22578.8 WCtMS=107727.4
Step=  15820 t= 8.688e-06 dt= 5.789e-10 cfl=0.12 WC=859.0 WCtFT=22633.8 WCtMS=107732.8
Step=  15840 t= 8.699e-06 dt= 5.781e-10 cfl=0.12 WC=860.1 WCtFT=22666.1 WCtMS=107740.3
Step=  15860 t= 8.711e-06 dt= 5.778e-10 cfl=0.12 WC=861.3 WCtFT=22677.5 WCtMS=107751.8
Step=  15880 t= 8.723e-06 dt= 5.781e-10 cfl=0.12 WC=862.5 WCtFT=22667.7 WCtMS=107761.6
Step=  15900 t= 8.734e-06 dt= 5.789e-10 cfl=0.12 WC=863.7 WCtFT=22641.1 WCtMS=107782.8
Step=  15920 t= 8.746e-06 dt= 5.801e-10 cfl=0.12 WC=864.9 WCtFT=22595.1 WCtMS=107794.0
Write flow solution.
Step=  15940 t= 8.757e-06 dt= 5.808e-10 cfl=0.12 WC=866.3 WCtFT=22574.5 WCtMS=107831.3
Step=  15960 t= 8.769e-06 dt= 5.816e-10 cfl=0.12 WC=867.5 WCtFT=22545.2 WCtMS=107838.2
Step=  15980 t= 8.781e-06 dt= 5.805e-10 cfl=0.12 WC=868.6 WCtFT=22587.7 WCtMS=107844.9
Step=  16000 t= 8.792e-06 dt= 5.792e-10 cfl=0.12 WC=869.8 WCtFT=22638.0 WCtMS=107855.2
***
*** Writing a snapshot: step= 16000, t= 8.792e-06
***
Step=  16020 t= 8.804e-06 dt= 5.779e-10 cfl=0.12 WC=871.2 WCtFT=22698.0 WCtMS=107897.6
Step=  16040 t= 8.815e-06 dt= 5.783e-10 cfl=0.12 WC=872.4 WCtFT=22684.2 WCtMS=107903.6
Step=  16060 t= 8.827e-06 dt= 5.791e-10 cfl=0.12 WC=873.5 WCtFT=22652.4 WCtMS=107911.1
Step=  16080 t= 8.838e-06 dt= 5.803e-10 cfl=0.12 WC=874.7 WCtFT=22606.7 WCtMS=107916.0
Step=  16100 t= 8.850e-06 dt= 5.818e-10 cfl=0.12 WC=875.9 WCtFT=22547.5 WCtMS=107925.8
Step=  16120 t= 8.862e-06 dt= 5.800e-10 cfl=0.12 WC=877.1 WCtFT=22619.0 WCtMS=107938.9
Step=  16140 t= 8.873e-06 dt= 5.787e-10 cfl=0.12 WC=878.3 WCtFT=22673.0 WCtMS=107953.2
Step=  16160 t= 8.885e-06 dt= 5.779e-10 cfl=0.12 WC=879.4 WCtFT=22706.0 WCtMS=107961.4
Step=  16180 t= 8.896e-06 dt= 5.776e-10 cfl=0.12 WC=880.6 WCtFT=22719.9 WCtMS=107969.2
Step=  16200 t= 8.908e-06 dt= 5.777e-10 cfl=0.12 WC=881.7 WCtFT=22714.6 WCtMS=107973.3
Step=  16220 t= 8.919e-06 dt= 5.783e-10 cfl=0.12 WC=882.9 WCtFT=22692.5 WCtMS=107979.9
Step=  16240 t= 8.931e-06 dt= 5.793e-10 cfl=0.12 WC=884.0 WCtFT=22655.0 WCtMS=107988.6
Step=  16260 t= 8.943e-06 dt= 5.806e-10 cfl=0.12 WC=885.3 WCtFT=22603.7 WCtMS=108002.1
Step=  16280 t= 8.954e-06 dt= 5.818e-10 cfl=0.12 WC=886.5 WCtFT=22560.4 WCtMS=108017.0
Step=  16300 t= 8.966e-06 dt= 5.813e-10 cfl=0.12 WC=887.7 WCtFT=22580.3 WCtMS=108029.5
Step=  16320 t= 8.978e-06 dt= 5.797e-10 cfl=0.12 WC=888.8 WCtFT=22642.8 WCtMS=108035.8
Step=  16340 t= 8.989e-06 dt= 5.787e-10 cfl=0.12 WC=890.0 WCtFT=22681.9 WCtMS=108040.8
Write flow solution.
Step=  16360 t= 9.001e-06 dt= 5.782e-10 cfl=0.12 WC=891.4 WCtFT=22707.7 WCtMS=108077.6
Step=  16380 t= 9.012e-06 dt= 5.783e-10 cfl=0.12 WC=892.5 WCtFT=22706.2 WCtMS=108085.5
Step=  16400 t= 9.024e-06 dt= 5.789e-10 cfl=0.12 WC=893.7 WCtFT=22685.5 WCtMS=108096.9
Step=  16420 t= 9.035e-06 dt= 5.799e-10 cfl=0.12 WC=894.9 WCtFT=22646.5 WCtMS=108108.7
Step=  16440 t= 9.047e-06 dt= 5.814e-10 cfl=0.12 WC=896.1 WCtFT=22590.6 WCtMS=108120.5
Step=  16460 t= 9.059e-06 dt= 5.819e-10 cfl=0.12 WC=897.3 WCtFT=22570.2 WCtMS=108125.2
Step=  16480 t= 9.070e-06 dt= 5.819e-10 cfl=0.12 WC=898.4 WCtFT=22572.3 WCtMS=108133.3
Step=  16500 t= 9.082e-06 dt= 5.811e-10 cfl=0.12 WC=899.6 WCtFT=22603.2 WCtMS=108140.2
Step=  16520 t= 9.094e-06 dt= 5.800e-10 cfl=0.12 WC=900.7 WCtFT=22646.0 WCtMS=108144.3
Step=  16540 t= 9.105e-06 dt= 5.794e-10 cfl=0.12 WC=901.9 WCtFT=22670.3 WCtMS=108153.3
Step=  16560 t= 9.117e-06 dt= 5.793e-10 cfl=0.12 WC=903.1 WCtFT=22675.8 WCtMS=108162.4
Step=  16580 t= 9.128e-06 dt= 5.797e-10 cfl=0.12 WC=904.2 WCtFT=22662.9 WCtMS=108170.8
Step=  16600 t= 9.140e-06 dt= 5.805e-10 cfl=0.12 WC=905.4 WCtFT=22631.7 WCtMS=108177.0
Step=  16620 t= 9.152e-06 dt= 5.817e-10 cfl=0.12 WC=906.5 WCtFT=22582.7 WCtMS=108179.8
Step=  16640 t= 9.163e-06 dt= 5.821e-10 cfl=0.12 WC=907.7 WCtFT=22568.4 WCtMS=108185.9
Step=  16660 t= 9.175e-06 dt= 5.804e-10 cfl=0.12 WC=908.8 WCtFT=22634.1 WCtMS=108188.7
Step=  16680 t= 9.186e-06 dt= 5.792e-10 cfl=0.12 WC=910.0 WCtFT=22683.0 WCtMS=108199.3
Step=  16700 t= 9.198e-06 dt= 5.784e-10 cfl=0.12 WC=911.1 WCtFT=22713.0 WCtMS=108203.9
Step=  16720 t= 9.210e-06 dt= 5.781e-10 cfl=0.12 WC=912.2 WCtFT=22725.9 WCtMS=108208.4
Step=  16740 t= 9.221e-06 dt= 5.782e-10 cfl=0.12 WC=913.5 WCtFT=22724.2 WCtMS=108221.3
Step=  16760 t= 9.233e-06 dt= 5.787e-10 cfl=0.12 WC=914.6 WCtFT=22705.0 WCtMS=108225.6
Step=  16780 t= 9.244e-06 dt= 5.795e-10 cfl=0.12 WC=915.8 WCtFT=22672.8 WCtMS=108238.8
Write flow solution.
Step=  16800 t= 9.256e-06 dt= 5.808e-10 cfl=0.12 WC=917.2 WCtFT=22631.5 WCtMS=108275.8
Step=  16820 t= 9.267e-06 dt= 5.816e-10 cfl=0.12 WC=918.4 WCtFT=22598.3 WCtMS=108281.2
Step=  16840 t= 9.279e-06 dt= 5.812e-10 cfl=0.12 WC=919.5 WCtFT=22615.7 WCtMS=108288.2
Step=  16860 t= 9.291e-06 dt= 5.799e-10 cfl=0.12 WC=920.7 WCtFT=22666.6 WCtMS=108297.3
Step=  16880 t= 9.302e-06 dt= 5.791e-10 cfl=0.12 WC=921.9 WCtFT=22699.9 WCtMS=108313.0
Step=  16900 t= 9.314e-06 dt= 5.788e-10 cfl=0.12 WC=923.1 WCtFT=22713.5 WCtMS=108321.5
Step=  16920 t= 9.325e-06 dt= 5.789e-10 cfl=0.12 WC=924.3 WCtFT=22709.1 WCtMS=108328.6
Step=  16940 t= 9.337e-06 dt= 5.795e-10 cfl=0.12 WC=925.4 WCtFT=22687.5 WCtMS=108335.7
Step=  16960 t= 9.349e-06 dt= 5.805e-10 cfl=0.12 WC=926.6 WCtFT=22649.2 WCtMS=108340.0
Step=  16980 t= 9.360e-06 dt= 5.819e-10 cfl=0.12 WC=927.8 WCtFT=22596.6 WCtMS=108348.1
Step=  17000 t= 9.372e-06 dt= 5.806e-10 cfl=0.12 WC=928.9 WCtFT=22644.5 WCtMS=108354.5
***
*** Writing a snapshot: step= 17000, t= 9.372e-06
***
Step=  17020 t= 9.384e-06 dt= 5.792e-10 cfl=0.12 WC=930.3 WCtFT=22706.8 WCtMS=108390.2
Step=  17040 t= 9.395e-06 dt= 5.783e-10 cfl=0.12 WC=931.6 WCtFT=22746.9 WCtMS=108407.2
Step=  17060 t= 9.407e-06 dt= 5.778e-10 cfl=0.12 WC=932.7 WCtFT=22767.5 WCtMS=108414.0
Step=  17080 t= 9.418e-06 dt= 5.777e-10 cfl=0.12 WC=933.9 WCtFT=22771.6 WCtMS=108422.7
Step=  17100 t= 9.430e-06 dt= 5.780e-10 cfl=0.12 WC=935.1 WCtFT=22759.5 WCtMS=108428.9
Step=  17120 t= 9.441e-06 dt= 5.787e-10 cfl=0.12 WC=936.2 WCtFT=22733.6 WCtMS=108436.0
Step=  17140 t= 9.453e-06 dt= 5.797e-10 cfl=0.12 WC=937.4 WCtFT=22696.0 WCtMS=108447.1
Step=  17160 t= 9.465e-06 dt= 5.810e-10 cfl=0.12 WC=938.6 WCtFT=22646.8 WCtMS=108459.0
Step=  17180 t= 9.476e-06 dt= 5.820e-10 cfl=0.12 WC=939.8 WCtFT=22609.2 WCtMS=108470.9
Step=  17200 t= 9.488e-06 dt= 5.818e-10 cfl=0.12 WC=941.0 WCtFT=22617.3 WCtMS=108475.0
Step=  17220 t= 9.499e-06 dt= 5.803e-10 cfl=0.12 WC=942.1 WCtFT=22675.7 WCtMS=108480.5
Write flow solution.
Step=  17240 t= 9.511e-06 dt= 5.793e-10 cfl=0.12 WC=943.6 WCtFT=22722.2 WCtMS=108520.2
Step=  17260 t= 9.523e-06 dt= 5.787e-10 cfl=0.12 WC=944.8 WCtFT=22746.5 WCtMS=108528.1
Step=  17280 t= 9.534e-06 dt= 5.785e-10 cfl=0.12 WC=945.9 WCtFT=22753.8 WCtMS=108535.1
Step=  17300 t= 9.546e-06 dt= 5.787e-10 cfl=0.12 WC=947.1 WCtFT=22745.2 WCtMS=108541.6
Step=  17320 t= 9.557e-06 dt= 5.793e-10 cfl=0.12 WC=948.2 WCtFT=22720.9 WCtMS=108543.1
Step=  17340 t= 9.569e-06 dt= 5.803e-10 cfl=0.12 WC=949.3 WCtFT=22683.8 WCtMS=108548.8
Step=  17360 t= 9.581e-06 dt= 5.816e-10 cfl=0.12 WC=950.5 WCtFT=22632.9 WCtMS=108549.1
Step=  17380 t= 9.592e-06 dt= 5.824e-10 cfl=0.12 WC=951.6 WCtFT=22602.8 WCtMS=108554.4
Step=  17400 t= 9.604e-06 dt= 5.823e-10 cfl=0.12 WC=952.8 WCtFT=22606.7 WCtMS=108560.7
Step=  17420 t= 9.615e-06 dt= 5.821e-10 cfl=0.12 WC=953.9 WCtFT=22614.0 WCtMS=108559.5
Step=  17440 t= 9.627e-06 dt= 5.809e-10 cfl=0.12 WC=955.0 WCtFT=22661.5 WCtMS=108567.8
Step=  17460 t= 9.639e-06 dt= 5.801e-10 cfl=0.12 WC=956.3 WCtFT=22696.3 WCtMS=108590.7
Step=  17480 t= 9.650e-06 dt= 5.797e-10 cfl=0.12 WC=957.6 WCtFT=22713.6 WCtMS=108602.3
Step=  17500 t= 9.662e-06 dt= 5.797e-10 cfl=0.12 WC=958.8 WCtFT=22716.1 WCtMS=108616.1
Step=  17520 t= 9.673e-06 dt= 5.800e-10 cfl=0.12 WC=960.0 WCtFT=22704.3 WCtMS=108631.6
Step=  17540 t= 9.685e-06 dt= 5.807e-10 cfl=0.12 WC=961.3 WCtFT=22678.0 WCtMS=108645.9
Step=  17560 t= 9.697e-06 dt= 5.818e-10 cfl=0.12 WC=962.5 WCtFT=22637.2 WCtMS=108656.7
Step=  17580 t= 9.708e-06 dt= 5.832e-10 cfl=0.12 WC=963.7 WCtFT=22585.3 WCtMS=108676.2
Step=  17600 t= 9.720e-06 dt= 5.819e-10 cfl=0.12 WC=965.0 WCtFT=22642.0 WCtMS=108693.4
Step=  17620 t= 9.732e-06 dt= 5.804e-10 cfl=0.12 WC=966.2 WCtFT=22699.8 WCtMS=108708.8
Step=  17640 t= 9.743e-06 dt= 5.794e-10 cfl=0.12 WC=967.5 WCtFT=22744.0 WCtMS=108725.8
Write flow solution.
Step=  17660 t= 9.755e-06 dt= 5.787e-10 cfl=0.12 WC=969.0 WCtFT=22779.4 WCtMS=108767.4
Step=  17680 t= 9.766e-06 dt= 5.783e-10 cfl=0.12 WC=970.3 WCtFT=22796.9 WCtMS=108788.1
Step=  17700 t= 9.778e-06 dt= 5.783e-10 cfl=0.12 WC=971.5 WCtFT=22800.1 WCtMS=108805.6
Step=  17720 t= 9.790e-06 dt= 5.786e-10 cfl=0.12 WC=972.8 WCtFT=22789.6 WCtMS=108820.0
Step=  17740 t= 9.801e-06 dt= 5.793e-10 cfl=0.12 WC=974.1 WCtFT=22768.2 WCtMS=108843.8
Step=  17760 t= 9.813e-06 dt= 5.802e-10 cfl=0.12 WC=975.3 WCtFT=22732.8 WCtMS=108858.7
Step=  17780 t= 9.824e-06 dt= 5.815e-10 cfl=0.12 WC=976.6 WCtFT=22685.5 WCtMS=108872.5
Step=  17800 t= 9.836e-06 dt= 5.825e-10 cfl=0.12 WC=977.8 WCtFT=22649.9 WCtMS=108885.9
Step=  17820 t= 9.848e-06 dt= 5.811e-10 cfl=0.12 WC=979.0 WCtFT=22706.5 WCtMS=108898.3
Step=  17840 t= 9.859e-06 dt= 5.800e-10 cfl=0.12 WC=980.3 WCtFT=22748.7 WCtMS=108914.0
Step=  17860 t= 9.871e-06 dt= 5.794e-10 cfl=0.12 WC=981.6 WCtFT=22777.7 WCtMS=108937.1
Step=  17880 t= 9.882e-06 dt= 5.791e-10 cfl=0.12 WC=982.8 WCtFT=22791.2 WCtMS=108954.5
Step=  17900 t= 9.894e-06 dt= 5.792e-10 cfl=0.12 WC=984.1 WCtFT=22791.4 WCtMS=108975.6
Step=  17920 t= 9.906e-06 dt= 5.796e-10 cfl=0.12 WC=985.5 WCtFT=22778.5 WCtMS=108997.9
Step=  17940 t= 9.917e-06 dt= 5.804e-10 cfl=0.12 WC=986.8 WCtFT=22753.2 WCtMS=109021.6
Step=  17960 t= 9.929e-06 dt= 5.814e-10 cfl=0.12 WC=988.0 WCtFT=22712.9 WCtMS=109029.2
Step=  17980 t= 9.940e-06 dt= 5.817e-10 cfl=0.12 WC=989.1 WCtFT=22703.7 WCtMS=109031.6
[DESKTOP-JRISPGR:34420] *** Process received signal ***
[DESKTOP-JRISPGR:34420] Signal: Floating point exception (8)
[DESKTOP-JRISPGR:34420] Signal code: Floating point overflow (4)
[DESKTOP-JRISPGR:34420] Failing at address: 0x5c8e1e6bf200
[DESKTOP-JRISPGR:34420] [ 0] /lib/x86_64-linux-gnu/libc.so.6(+0x42520)[0x7b8076442520]
[DESKTOP-JRISPGR:34420] [ 1] e4mpi(+0x14b200)[0x5c8e1e6bf200]
[DESKTOP-JRISPGR:34420] [ 2] e4mpi(+0x2de328)[0x5c8e1e852328]
[DESKTOP-JRISPGR:34420] [ 3] e4mpi(+0x2d870a)[0x5c8e1e84c70a]
[DESKTOP-JRISPGR:34420] [ 4] e4mpi(+0x2612b2)[0x5c8e1e7d52b2]
[DESKTOP-JRISPGR:34420] [ 5] e4mpi(+0x37a282)[0x5c8e1e8ee282]
[DESKTOP-JRISPGR:34420] [ 6] e4mpi(+0x391cb1)[0x5c8e1e905cb1]
[DESKTOP-JRISPGR:34420] [ 7] e4mpi(+0x39b8b2)[0x5c8e1e90f8b2]
[DESKTOP-JRISPGR:34420] [ 8] e4mpi(+0x41b54d)[0x5c8e1e98f54d]
[DESKTOP-JRISPGR:34420] [ 9] e4mpi(+0x41b448)[0x5c8e1e98f448]
[DESKTOP-JRISPGR:34420] [10] e4mpi(+0x41b29d)[0x5c8e1e98f29d]
[DESKTOP-JRISPGR:34420] [11] /lib/x86_64-linux-gnu/libc.so.6(+0x29d90)[0x7b8076429d90]
[DESKTOP-JRISPGR:34420] [12] /lib/x86_64-linux-gnu/libc.so.6(__libc_start_main+0x80)[0x7b8076429e40]
[DESKTOP-JRISPGR:34420] [13] e4mpi(+0x9e1c5)[0x5c8e1e6121c5]
[DESKTOP-JRISPGR:34420] *** End of error message ***
--------------------------------------------------------------------------
Primary job  terminated normally, but 1 process returned
a non-zero exit code. Per user-direction, the job has been aborted.
--------------------------------------------------------------------------
--------------------------------------------------------------------------
mpirun noticed that process rank 1 with PID 0 on node DESKTOP-JRISPGR exited on signal 8 (Floating point exception).
--------------------------------------------------------------------------
